Archive member included to satisfy reference by file (symbol)

c:/programdata/matlab/supportpackages/r2024a/3p.instrset/gnuarm-armcortex.instrset/win/bin/../lib/gcc/arm-none-eabi/11.3.1/thumb/v7e-m+fp/hard\libm.a(libm_a-w_fmod.o)
                              Testerr.o (fmod)
c:/programdata/matlab/supportpackages/r2024a/3p.instrset/gnuarm-armcortex.instrset/win/bin/../lib/gcc/arm-none-eabi/11.3.1/thumb/v7e-m+fp/hard\libm.a(libm_a-s_fmin.o)
                              Testerr.o (fmin)
c:/programdata/matlab/supportpackages/r2024a/3p.instrset/gnuarm-armcortex.instrset/win/bin/../lib/gcc/arm-none-eabi/11.3.1/thumb/v7e-m+fp/hard\libm.a(libm_a-s_fpclassify.o)
                              c:/programdata/matlab/supportpackages/r2024a/3p.instrset/gnuarm-armcortex.instrset/win/bin/../lib/gcc/arm-none-eabi/11.3.1/thumb/v7e-m+fp/hard\libm.a(libm_a-s_fmin.o) (__fpclassifyd)
c:/programdata/matlab/supportpackages/r2024a/3p.instrset/gnuarm-armcortex.instrset/win/bin/../lib/gcc/arm-none-eabi/11.3.1/thumb/v7e-m+fp/hard\libm.a(libm_a-s_floor.o)
                              Testerr.o (floor)
c:/programdata/matlab/supportpackages/r2024a/3p.instrset/gnuarm-armcortex.instrset/win/bin/../lib/gcc/arm-none-eabi/11.3.1/thumb/v7e-m+fp/hard\libm.a(libm_a-e_fmod.o)
                              c:/programdata/matlab/supportpackages/r2024a/3p.instrset/gnuarm-armcortex.instrset/win/bin/../lib/gcc/arm-none-eabi/11.3.1/thumb/v7e-m+fp/hard\libm.a(libm_a-w_fmod.o) (__ieee754_fmod)
c:/programdata/matlab/supportpackages/r2024a/3p.instrset/gnuarm-armcortex.instrset/win/bin/../lib/gcc/arm-none-eabi/11.3.1/thumb/v7e-m+fp/hard\libgcc.a(_arm_muldf3.o)
                              Testerr.o (__aeabi_dmul)
c:/programdata/matlab/supportpackages/r2024a/3p.instrset/gnuarm-armcortex.instrset/win/bin/../lib/gcc/arm-none-eabi/11.3.1/thumb/v7e-m+fp/hard\libgcc.a(_arm_addsubdf3.o)
                              Testerr.o (__aeabi_dsub)
c:/programdata/matlab/supportpackages/r2024a/3p.instrset/gnuarm-armcortex.instrset/win/bin/../lib/gcc/arm-none-eabi/11.3.1/thumb/v7e-m+fp/hard\libgcc.a(_arm_muldivdf3.o)
                              xcp_ext_common.o (__aeabi_ddiv)
c:/programdata/matlab/supportpackages/r2024a/3p.instrset/gnuarm-armcortex.instrset/win/bin/../lib/gcc/arm-none-eabi/11.3.1/thumb/v7e-m+fp/hard\libgcc.a(_arm_cmpdf2.o)
                              xcp_ext_mode.o (__aeabi_dcmpeq)
c:/programdata/matlab/supportpackages/r2024a/3p.instrset/gnuarm-armcortex.instrset/win/bin/../lib/gcc/arm-none-eabi/11.3.1/thumb/v7e-m+fp/hard\libgcc.a(_arm_unorddf2.o)
                              rt_nonfinite.o (__aeabi_dcmpun)
c:/programdata/matlab/supportpackages/r2024a/3p.instrset/gnuarm-armcortex.instrset/win/bin/../lib/gcc/arm-none-eabi/11.3.1/thumb/v7e-m+fp/hard\libgcc.a(_arm_fixunsdfsi.o)
                              Testerr.o (__aeabi_d2uiz)
c:/programdata/matlab/supportpackages/r2024a/3p.instrset/gnuarm-armcortex.instrset/win/bin/../lib/gcc/arm-none-eabi/11.3.1/thumb/v7e-m+fp/hard\libgcc.a(_arm_truncdfsf2.o)
                              Testerr.o (__aeabi_d2f)
c:/programdata/matlab/supportpackages/r2024a/3p.instrset/gnuarm-armcortex.instrset/win/bin/../lib/gcc/arm-none-eabi/11.3.1/thumb/v7e-m+fp/hard\libgcc.a(_aeabi_uldivmod.o)
                              stm32f4xx_hal_rcc.o (__aeabi_uldivmod)
c:/programdata/matlab/supportpackages/r2024a/3p.instrset/gnuarm-armcortex.instrset/win/bin/../lib/gcc/arm-none-eabi/11.3.1/thumb/v7e-m+fp/hard\libgcc.a(_udivmoddi4.o)
                              c:/programdata/matlab/supportpackages/r2024a/3p.instrset/gnuarm-armcortex.instrset/win/bin/../lib/gcc/arm-none-eabi/11.3.1/thumb/v7e-m+fp/hard\libgcc.a(_aeabi_uldivmod.o) (__udivmoddi4)
c:/programdata/matlab/supportpackages/r2024a/3p.instrset/gnuarm-armcortex.instrset/win/bin/../lib/gcc/arm-none-eabi/11.3.1/thumb/v7e-m+fp/hard\libgcc.a(_dvmd_tls.o)
                              c:/programdata/matlab/supportpackages/r2024a/3p.instrset/gnuarm-armcortex.instrset/win/bin/../lib/gcc/arm-none-eabi/11.3.1/thumb/v7e-m+fp/hard\libgcc.a(_aeabi_uldivmod.o) (__aeabi_ldiv0)
c:/programdata/matlab/supportpackages/r2024a/3p.instrset/gnuarm-armcortex.instrset/win/bin/../lib/gcc/arm-none-eabi/11.3.1/thumb/v7e-m+fp/hard\libg_nano.a(libc_a-exit.o)
                              c:/programdata/matlab/supportpackages/r2024a/3p.instrset/gnuarm-armcortex.instrset/win/bin/../lib/gcc/arm-none-eabi/11.3.1/thumb/v7e-m+fp/hard/crt0.o (exit)
c:/programdata/matlab/supportpackages/r2024a/3p.instrset/gnuarm-armcortex.instrset/win/bin/../lib/gcc/arm-none-eabi/11.3.1/thumb/v7e-m+fp/hard\libg_nano.a(libc_a-findfp.o)
                              c:/programdata/matlab/supportpackages/r2024a/3p.instrset/gnuarm-armcortex.instrset/win/bin/../lib/gcc/arm-none-eabi/11.3.1/thumb/v7e-m+fp/hard\libg_nano.a(libc_a-exit.o) (__stdio_exit_handler)
c:/programdata/matlab/supportpackages/r2024a/3p.instrset/gnuarm-armcortex.instrset/win/bin/../lib/gcc/arm-none-eabi/11.3.1/thumb/v7e-m+fp/hard\libg_nano.a(libc_a-fwalk.o)
[...]
Memory Configuration

Name             Origin             Length             Attributes
RAM              0x20000000         0x00018000         xrw
FLASH            0x08000000         0x00080000         xr
*default*        0x00000000         0xffffffff

Linker script and memory map

LOAD c:/programdata/matlab/supportpackages/r2024a/3p.instrset/gnuarm-armcortex.instrset/win/bin/../lib/gcc/arm-none-eabi/11.3.1/thumb/v7e-m+fp/hard/crti.o
LOAD c:/programdata/matlab/supportpackages/r2024a/3p.instrset/gnuarm-armcortex.instrset/win/bin/../lib/gcc/arm-none-eabi/11.3.1/thumb/v7e-m+fp/hard/crtbegin.o
LOAD c:/programdata/matlab/supportpackages/r2024a/3p.instrset/gnuarm-armcortex.instrset/win/bin/../lib/gcc/arm-none-eabi/11.3.1/thumb/v7e-m+fp/hard/crt0.o
LOAD stm_timer_ll.o
LOAD stm_adc_ll.o
LOAD xcp_ext_mode.o
LOAD mw_stm32_nvic.o
LOAD Testerr.o
LOAD Testerr_data.o
LOAD ert_main.o
LOAD rt_nonfinite.o
LOAD xcp_ext_common.o
LOAD xcp_ext_classic_trigger.o
LOAD xcp.o
LOAD xcp_standard.o
LOAD xcp_daq.o
LOAD xcp_calibration.o
LOAD xcp_fifo.o
LOAD xcp_transport.o
LOAD xcp_mem_default.o
LOAD xcp_drv_rtiostream.o
LOAD xcp_utils.o
LOAD xcp_frame_serial.o
LOAD xcp_ext_param_default_serial.o
LOAD overrideHALDelay.o
LOAD platform_timer.o
LOAD SysTickScheduler.o
LOAD m3m4m4f_multitasking.o
LOAD rtiostream_serial.o
LOAD stm_usart.o
LOAD sys_arch.o
LOAD main.o
LOAD stm32f4xx_it.o
LOAD stm32f4xx_hal_msp.o
LOAD stm32f4xx_hal_timebase_tim.o
LOAD stm32f4xx_ll_gpio.o
LOAD stm32f4xx_ll_adc.o
LOAD stm32f4xx_ll_dma.o
LOAD stm32f4xx_ll_rcc.o
LOAD stm32f4xx_ll_utils.o
LOAD stm32f4xx_ll_exti.o
LOAD stm32f4xx_hal_rcc.o
LOAD stm32f4xx_hal_rcc_ex.o
LOAD stm32f4xx_hal_flash.o
LOAD stm32f4xx_hal_flash_ex.o
LOAD stm32f4xx_hal_flash_ramfunc.o
LOAD stm32f4xx_hal_gpio.o
LOAD stm32f4xx_hal_dma_ex.o
LOAD stm32f4xx_hal_dma.o
LOAD stm32f4xx_hal_pwr.o
LOAD stm32f4xx_hal_pwr_ex.o
LOAD stm32f4xx_hal_cortex.o
LOAD stm32f4xx_hal.o
LOAD stm32f4xx_hal_exti.o
LOAD stm32f4xx_hal_tim.o
LOAD stm32f4xx_hal_tim_ex.o
LOAD stm32f4xx_ll_tim.o
LOAD stm32f4xx_ll_usart.o
LOAD system_stm32f4xx.o
LOAD syscalls.o
LOAD sysmem.o
LOAD startup_stm32f401retx.o
LOAD C:/ProgramData/MATLAB/SupportPackages/R2024a/3P.instrset/cmsis_dsp.instrset/Lib/GCC/arm_cortexm4ldfsp_math/libCMSISDSP.a
LOAD C:/ProgramData/MATLAB/SupportPackages/R2024a/toolbox/shared/supportpackages/stm32/lib/GCC/libmw_pdmfilter_m4_spfp.lib
LOAD c:/programdata/matlab/supportpackages/r2024a/3p.instrset/gnuarm-armcortex.instrset/win/bin/../lib/gcc/arm-none-eabi/11.3.1/thumb/v7e-m+fp/hard\libstdc++_nano.a
LOAD c:/programdata/matlab/supportpackages/r2024a/3p.instrset/gnuarm-armcortex.instrset/win/bin/../lib/gcc/arm-none-eabi/11.3.1/thumb/v7e-m+fp/hard\libm.a
START GROUP
LOAD c:/programdata/matlab/supportpackages/r2024a/3p.instrset/gnuarm-armcortex.instrset/win/bin/../lib/gcc/arm-none-eabi/11.3.1/thumb/v7e-m+fp/hard\libgcc.a
LOAD c:/programdata/matlab/supportpackages/r2024a/3p.instrset/gnuarm-armcortex.instrset/win/bin/../lib/gcc/arm-none-eabi/11.3.1/thumb/v7e-m+fp/hard\libg_nano.a
LOAD c:/programdata/matlab/supportpackages/r2024a/3p.instrset/gnuarm-armcortex.instrset/win/bin/../lib/gcc/arm-none-eabi/11.3.1/thumb/v7e-m+fp/hard\libc_nano.a
END GROUP
START GROUP
LOAD c:/programdata/matlab/supportpackages/r2024a/3p.instrset/gnuarm-armcortex.instrset/win/bin/../lib/gcc/arm-none-eabi/11.3.1/thumb/v7e-m+fp/hard\libgcc.a
LOAD c:/programdata/matlab/supportpackages/r2024a/3p.instrset/gnuarm-armcortex.instrset/win/bin/../lib/gcc/arm-none-eabi/11.3.1/thumb/v7e-m+fp/hard\libc_nano.a
LOAD c:/programdata/matlab/supportpackages/r2024a/3p.instrset/gnuarm-armcortex.instrset/win/bin/../lib/gcc/arm-none-eabi/11.3.1/thumb/v7e-m+fp/hard\libnosys.a
END GROUP
START GROUP
LOAD c:/programdata/matlab/supportpackages/r2024a/3p.instrset/gnuarm-armcortex.instrset/win/bin/../lib/gcc/arm-none-eabi/11.3.1/thumb/v7e-m+fp/hard\libgcc.a
LOAD c:/programdata/matlab/supportpackages/r2024a/3p.instrset/gnuarm-armcortex.instrset/win/bin/../lib/gcc/arm-none-eabi/11.3.1/thumb/v7e-m+fp/hard\libc_nano.a
LOAD c:/programdata/matlab/supportpackages/r2024a/3p.instrset/gnuarm-armcortex.instrset/win/bin/../lib/gcc/arm-none-eabi/11.3.1/thumb/v7e-m+fp/hard\libnosys.a
END GROUP
LOAD c:/programdata/matlab/supportpackages/r2024a/3p.instrset/gnuarm-armcortex.instrset/win/bin/../lib/gcc/arm-none-eabi/11.3.1/thumb/v7e-m+fp/hard/crtend.o
LOAD c:/programdata/matlab/supportpackages/r2024a/3p.instrset/gnuarm-armcortex.instrset/win/bin/../lib/gcc/arm-none-eabi/11.3.1/thumb/v7e-m+fp/hard/crtn.o
                0x20018000                _estack = (ORIGIN (RAM) + LENGTH (RAM))
                0x00000200                _Min_Heap_Size = 0x200
                0x00000400                _Min_Stack_Size = 0x400

.isr_vector     0x08000000      0x194
                0x08000000                . = ALIGN (0x4)
 *(.isr_vector)
 .isr_vector    0x08000000      0x194 startup_stm32f401retx.o
                0x08000000                g_pfnVectors
                0x08000194                . = ALIGN (0x4)

.text           0x08000198    0x101a4
                0x08000198                . = ALIGN (0x4)
 *(.text)
 .text          0x08000198      0x378 c:/programdata/matlab/supportpackages/r2024a/3p.instrset/gnuarm-armcortex.instrset/win/bin/../lib/gcc/arm-none-eabi/11.3.1/thumb/v7e-m+fp/hard\libgcc.a(_arm_addsubdf3.o)
                0x08000198                __aeabi_drsub
                0x080001a0                __aeabi_dsub
                0x080001a0                __subdf3
                0x080001a4                __aeabi_dadd
                0x080001a4                __adddf3
                0x0800041c                __floatunsidf
                0x0800041c                __aeabi_ui2d
                0x0800043c                __floatsidf
                0x0800043c                __aeabi_i2d
                0x08000460                __aeabi_f2d
                0x08000460                __extendsfdf2
                0x080004a4                __floatundidf
                0x080004a4                __aeabi_ul2d
                0x080004b4                __floatdidf
                0x080004b4                __aeabi_l2d
 .text          0x08000510      0x424 c:/programdata/matlab/supportpackages/r2024a/3p.instrset/gnuarm-armcortex.instrset/win/bin/../lib/gcc/arm-none-eabi/11.3.1/thumb/v7e-m+fp/hard\libgcc.a(_arm_muldivdf3.o)
                0x08000510                __aeabi_dmul
                0x08000510                __muldf3
                0x08000764                __divdf3
                0x08000764                __aeabi_ddiv
 .text          0x08000934      0x110 c:/programdata/matlab/supportpackages/r2024a/3p.instrset/gnuarm-armcortex.instrset/win/bin/../lib/gcc/arm-none-eabi/11.3.1/thumb/v7e-m+fp/hard\libgcc.a(_arm_cmpdf2.o)
                0x08000934                __gtdf2
                0x08000934                __gedf2
                0x0800093c                __ltdf2
                0x0800093c                __ledf2
                0x08000944                __nedf2
                0x08000944                __eqdf2
                0x08000944                __cmpdf2
                0x080009c0                __aeabi_cdrcmple
                0x080009d0                __aeabi_cdcmpeq
                0x080009d0                __aeabi_cdcmple
                0x080009e0                __aeabi_dcmpeq
                0x080009f4                __aeabi_dcmplt
                0x08000a08                __aeabi_dcmple
                0x08000a1c                __aeabi_dcmpge
                0x08000a30                __aeabi_dcmpgt
 .text          0x08000a44       0x2c c:/programdata/matlab/supportpackages/r2024a/3p.instrset/gnuarm-armcortex.instrset/win/bin/../lib/gcc/arm-none-eabi/11.3.1/thumb/v7e-m+fp/hard\libgcc.a(_arm_unorddf2.o)
                0x08000a44                __unorddf2
                0x08000a44                __aeabi_dcmpun
 .text          0x08000a70       0x40 c:/programdata/matlab/supportpackages/r2024a/3p.instrset/gnuarm-armcortex.instrset/win/bin/../lib/gcc/arm-none-eabi/11.3.1/thumb/v7e-m+fp/hard\libgcc.a(_arm_fixunsdfsi.o)
                0x08000a70                __aeabi_d2uiz
                0x08000a70                __fixunsdfsi
 .text          0x08000ab0       0xa0 c:/programdata/matlab/supportpackages/r2024a/3p.instrset/gnuarm-armcortex.instrset/win/bin/../lib/gcc/arm-none-eabi/11.3.1/thumb/v7e-m+fp/hard\libgcc.a(_arm_truncdfsf2.o)
                0x08000ab0                __truncdfsf2
                0x08000ab0                __aeabi_d2f
 .text          0x08000b50       0x30 c:/programdata/matlab/supportpackages/r2024a/3p.instrset/gnuarm-armcortex.instrset/win/bin/../lib/gcc/arm-none-eabi/11.3.1/thumb/v7e-m+fp/hard\libgcc.a(_aeabi_uldivmod.o)
                0x08000b50                __aeabi_uldivmod
 .text          0x08000b80        0x4 c:/programdata/matlab/supportpackages/r2024a/3p.instrset/gnuarm-armcortex.instrset/win/bin/../lib/gcc/arm-none-eabi/11.3.1/thumb/v7e-m+fp/hard\libgcc.a(_dvmd_tls.o)
                0x08000b80                __aeabi_idiv0
                0x08000b80                __aeabi_ldiv0
 *(.text*)
 .text.deregister_tm_clones
                0x08000b84       0x1c c:/programdata/matlab/supportpackages/r2024a/3p.instrset/gnuarm-armcortex.instrset/win/bin/../lib/gcc/arm-none-eabi/11.3.1/thumb/v7e-m+fp/hard/crtbegin.o
 .text.register_tm_clones
                0x08000ba0       0x24 c:/programdata/matlab/supportpackages/r2024a/3p.instrset/gnuarm-armcortex.instrset/win/bin/../lib/gcc/arm-none-eabi/11.3.1/thumb/v7e-m+fp/hard/crtbegin.o
 .text.__do_global_dtors_aux
                0x08000bc4       0x28 c:/programdata/matlab/supportpackages/r2024a/3p.instrset/gnuarm-armcortex.instrset/win/bin/../lib/gcc/arm-none-eabi/11.3.1/thumb/v7e-m+fp/hard/crtbegin.o
 .text.frame_dummy
                0x08000bec       0x24 c:/programdata/matlab/supportpackages/r2024a/3p.instrset/gnuarm-armcortex.instrset/win/bin/../lib/gcc/arm-none-eabi/11.3.1/thumb/v7e-m+fp/hard/crtbegin.o
 .text.LL_TIM_GetCounterMode
                0x08000c10       0x30 stm_timer_ll.o
 .text.LL_TIM_GetCounter
                0x08000c40       0x18 stm_timer_ll.o
 .text.LL_TIM_GetRepetitionCounter
                0x08000c58       0x18 stm_timer_ll.o
 .text.LL_TIM_CC_EnableChannel
                0x08000c70       0x22 stm_timer_ll.o
 .text.LL_TIM_CC_DisableChannel
                0x08000c92       0x24 stm_timer_ll.o
 .text.LL_TIM_EnableAllOutputs
                0x08000cb6       0x20 stm_timer_ll.o
 .text.LL_TIM_EnableIT_UPDATE
                0x08000cd6       0x20 stm_timer_ll.o
 .text.LL_TIM_DisableIT_UPDATE
                0x08000cf6       0x20 stm_timer_ll.o
 .text.LL_TIM_IsEnabledIT_UPDATE
                0x08000d16       0x26 stm_timer_ll.o
 .text.LL_TIM_EnableIT_CC1
                0x08000d3c       0x20 stm_timer_ll.o
 .text.LL_TIM_DisableIT_CC1
                0x08000d5c       0x20 stm_timer_ll.o
 .text.LL_TIM_IsEnabledIT_CC1
                0x08000d7c       0x26 stm_timer_ll.o
 .text.LL_TIM_EnableIT_CC2
                0x08000da2       0x20 stm_timer_ll.o
 .text.LL_TIM_DisableIT_CC2
                0x08000dc2       0x20 stm_timer_ll.o
 .text.LL_TIM_IsEnabledIT_CC2
                0x08000de2       0x26 stm_timer_ll.o
 .text.LL_TIM_EnableIT_CC3
                0x08000e08       0x20 stm_timer_ll.o
 .text.LL_TIM_DisableIT_CC3
                0x08000e28       0x20 stm_timer_ll.o
 .text.LL_TIM_IsEnabledIT_CC3
                0x08000e48       0x26 stm_timer_ll.o
 .text.LL_TIM_EnableIT_CC4
                0x08000e6e       0x20 stm_timer_ll.o
 .text.LL_TIM_DisableIT_CC4
                0x08000e8e       0x20 stm_timer_ll.o
 .text.LL_TIM_IsEnabledIT_CC4
                0x08000eae       0x26 stm_timer_ll.o
 .text.LL_TIM_EnableIT_COM
                0x08000ed4       0x20 stm_timer_ll.o
 .text.LL_TIM_DisableIT_COM
                0x08000ef4       0x20 stm_timer_ll.o
 .text.LL_TIM_IsEnabledIT_COM
                0x08000f14       0x26 stm_timer_ll.o
 .text.LL_TIM_EnableIT_TRIG
                0x08000f3a       0x20 stm_timer_ll.o
 .text.LL_TIM_DisableIT_TRIG
                0x08000f5a       0x20 stm_timer_ll.o
 .text.LL_TIM_IsEnabledIT_TRIG
                0x08000f7a       0x26 stm_timer_ll.o
 .text.LL_TIM_EnableIT_BRK
                0x08000fa0       0x20 stm_timer_ll.o
 .text.LL_TIM_DisableIT_BRK
                0x08000fc0       0x20 stm_timer_ll.o
 .text.LL_TIM_IsEnabledIT_BRK
                0x08000fe0       0x26 stm_timer_ll.o
 .text.enableTimerInterrupts
                0x08001006      0x134 stm_timer_ll.o
                0x08001006                enableTimerInterrupts
 .text.disableTimerInterrupts
                0x0800113a      0x134 stm_timer_ll.o
                0x0800113a                disableTimerInterrupts
 *fill*         0x0800126e        0x2 
 .text.enableTimerChannel1
                0x08001270       0x68 stm_timer_ll.o
                0x08001270                enableTimerChannel1
 .text.disableTimerChannel1
                0x080012d8       0x68 stm_timer_ll.o
                0x080012d8                disableTimerChannel1
 .text.enableTimerChannel2
                0x08001340       0x68 stm_timer_ll.o
                0x08001340                enableTimerChannel2
 .text.disableTimerChannel2
                0x080013a8       0x68 stm_timer_ll.o
                0x080013a8                disableTimerChannel2
 .text.enableTimerChannel3
                0x08001410       0x70 stm_timer_ll.o
                0x08001410                enableTimerChannel3
 .text.disableTimerChannel3
                0x08001480       0x70 stm_timer_ll.o
                0x08001480                disableTimerChannel3
 .text.Timer_Handle_Init
                0x080014f0       0xa0 stm_timer_ll.o
                0x080014f0                Timer_Handle_Init
 .text.getTimerCounterValue
                0x08001590       0x1c stm_timer_ll.o
                0x08001590                getTimerCounterValue
 .text.LL_ADC_REG_SetSequencerLength
                0x080015ac       0x26 stm_adc_ll.o
 .text.LL_ADC_REG_SetDMATransfer
                0x080015d2       0x26 stm_adc_ll.o
 .text.LL_ADC_INJ_IsTriggerSourceSWStart
                0x080015f8       0x26 stm_adc_ll.o
 .text.LL_ADC_Enable
                0x0800161e       0x20 stm_adc_ll.o
 .text.LL_ADC_Disable
                0x0800163e       0x20 stm_adc_ll.o
 .text.LL_ADC_IsEnabled
                0x0800165e       0x26 stm_adc_ll.o
 .text.LL_ADC_INJ_StartConversionSWStart
                0x08001684       0x20 stm_adc_ll.o
 .text.LL_ADC_IsActiveFlag_JEOS
                0x080016a4       0x26 stm_adc_ll.o
 .text.LL_ADC_ClearFlag_JEOS
                0x080016ca       0x1c stm_adc_ll.o
 .text.LL_ADC_EnableIT_EOCS
                0x080016e6       0x20 stm_adc_ll.o
 .text.LL_ADC_EnableIT_JEOS
                0x08001706       0x20 stm_adc_ll.o
 .text.LL_ADC_DisableIT_EOCS
                0x08001726       0x20 stm_adc_ll.o
 .text.LL_ADC_DisableIT_OVR
                0x08001746       0x20 stm_adc_ll.o
 .text.LL_ADC_DisableIT_JEOS
                0x08001766       0x20 stm_adc_ll.o
 .text.LL_ADC_DisableIT_AWD1
                0x08001786       0x20 stm_adc_ll.o
 .text.LL_ADC_IsEnabledIT_OVR
                0x080017a6       0x28 stm_adc_ll.o
 .text.LL_ADC_IsEnabledIT_AWD1
                0x080017ce       0x26 stm_adc_ll.o
 .text.injectedADCTrigger
                0x080017f4       0x70 stm_adc_ll.o
 .text.injectedOnlyReadADC
                0x08001864       0x4c stm_adc_ll.o
 .text.configure_ADCs_DMA
                0x080018b0       0x1a stm_adc_ll.o
 .text.deconfigure_ADCs_DMA
                0x080018ca       0x18 stm_adc_ll.o
 .text.ADC_IsActiveFlagJEOS
                0x080018e2       0x36 stm_adc_ll.o
                0x080018e2                ADC_IsActiveFlagJEOS
 .text.startADCConversionForExternalTrigger
                0x08001918       0x18 stm_adc_ll.o
                0x08001918                startADCConversionForExternalTrigger
 .text.ADC_Handle_Init
                0x08001930      0x120 stm_adc_ll.o
                0x08001930                ADC_Handle_Init
 .text.enableADC
                0x08001a50       0x2a stm_adc_ll.o
                0x08001a50                enableADC
 .text.injectedReadADCIntr
                0x08001a7a       0xbc stm_adc_ll.o
                0x08001a7a                injectedReadADCIntr
 .text.ADC_Handle_Deinit
                0x08001b36       0xee stm_adc_ll.o
                0x08001b36                ADC_Handle_Deinit
 .text.extmodeParseArgs
                0x08001c24       0x1e xcp_ext_mode.o
                0x08001c24                extmodeParseArgs
 *fill*         0x08001c42        0x2 
 .text.extmodeInit
                0x08001c44      0x128 xcp_ext_mode.o
                0x08001c44                extmodeInit
 .text.extmodeWaitForHostRequest
                0x08001d6c       0xcc xcp_ext_mode.o
                0x08001d6c                extmodeWaitForHostRequest
 .text.extmodeEvent
                0x08001e38       0xfc xcp_ext_mode.o
                0x08001e38                extmodeEvent
 .text.extmodeBackgroundRun
                0x08001f34       0x20 xcp_ext_mode.o
                0x08001f34                extmodeBackgroundRun
 .text.extmodeReset
                0x08001f54       0x40 xcp_ext_mode.o
                0x08001f54                extmodeReset
 .text.extmodeStopRequested
                0x08001f94       0x18 xcp_ext_mode.o
                0x08001f94                extmodeStopRequested
 .text.extmodeSimulationComplete
                0x08001fac       0x18 xcp_ext_mode.o
                0x08001fac                extmodeSimulationComplete
 .text.__NVIC_SetPriority
                0x08001fc4       0x54 mw_stm32_nvic.o
 .text.MW_NVIC_ConfigureIRQ
                0x08002018       0x26 mw_stm32_nvic.o
                0x08002018                MW_NVIC_ConfigureIRQ
 .text.MW_HWI_MaskInterrupt
                0x0800203e       0x2a mw_stm32_nvic.o
                0x0800203e                MW_HWI_MaskInterrupt
 .text.__NVIC_EnableIRQ
                0x08002068       0x3c Testerr.o
 .text.__NVIC_DisableIRQ
                0x080020a4       0x48 Testerr.o
 .text.LL_ADC_ClearFlag_JEOS
                0x080020ec       0x1c Testerr.o
 .text.LL_ADC_IsEnabledIT_JEOS
                0x08002108       0x26 Testerr.o
 *fill*         0x0800212e        0x2 
 .text.LL_EXTI_IsEnabledIT_0_31
                0x08002130       0x2c Testerr.o
 .text.LL_EXTI_IsActiveFlag_0_31
                0x0800215c       0x2c Testerr.o
 .text.LL_EXTI_ClearFlag_0_31
                0x08002188       0x20 Testerr.o
 .text.LL_TIM_EnableCounter
                0x080021a8       0x20 Testerr.o
 .text.LL_TIM_DisableCounter
                0x080021c8       0x20 Testerr.o
 .text.LL_TIM_SetUpdateSource
                0x080021e8       0x26 Testerr.o
 .text.LL_TIM_GetUpdateSource
                0x0800220e       0x1c Testerr.o
 .text.LL_TIM_GetAutoReload
                0x0800222a       0x18 Testerr.o
 .text.LL_TIM_SetRepetitionCounter
                0x08002242       0x1c Testerr.o
 .text.LL_TIM_OC_SetCompareCH1
                0x0800225e       0x1c Testerr.o
 .text.LL_TIM_OC_SetCompareCH2
                0x0800227a       0x1c Testerr.o
 .text.LL_TIM_OC_SetCompareCH3
                0x08002296       0x1c Testerr.o
 .text.LL_TIM_OC_GetCompareCH1
                0x080022b2       0x18 Testerr.o
 .text.LL_TIM_OC_GetCompareCH2
                0x080022ca       0x18 Testerr.o
 .text.LL_TIM_OC_GetCompareCH3
                0x080022e2       0x18 Testerr.o
 .text.LL_TIM_GenerateEvent_UPDATE
                0x080022fa       0x20 Testerr.o
 .text.LL_GPIO_ReadInputPort
                0x0800231a       0x18 Testerr.o
 .text.LL_GPIO_SetOutputPin
                0x08002332       0x1c Testerr.o
 .text.LL_GPIO_ResetOutputPin
                0x0800234e       0x1e Testerr.o
 .text.convertDutyCyclePercentageToCounts
                0x0800236c       0x88 Testerr.o
 .text.setDutyCycleChannel1
                0x080023f4       0x30 Testerr.o
 .text.setDutyCycleChannel2
                0x08002424       0x30 Testerr.o
 .text.setDutyCycleChannel3
                0x08002454       0x30 Testerr.o
 .text.setDutyCycleInPercentageChannel1
                0x08002484       0x28 Testerr.o
 .text.setDutyCycleInPercentageChannel2
                0x080024ac       0x28 Testerr.o
 .text.setDutyCycleInPercentageChannel3
                0x080024d4       0x28 Testerr.o
 .text.isSlaveTriggerModeEnabled
                0x080024fc       0x2c Testerr.o
 .text.enableCounter
                0x08002528       0xa0 Testerr.o
 .text.disableCounter
                0x080025c8       0x1a Testerr.o
 *fill*         0x080025e2        0x2 
 .text.Testerr_SetEventsForThisBaseStep
                0x080025e4       0x30 Testerr.o
                0x080025e4                Testerr_SetEventsForThisBaseStep
 .text.rate_monotonic_scheduler
                0x08002614       0x34 Testerr.o
 .text.Testerr_IfActionSubsystem6
                0x08002648       0x2a Testerr.o
                0x08002648                Testerr_IfActionSubsystem6
 .text.Testerr_IfActionSubsystem
                0x08002672       0x28 Testerr.o
                0x08002672                Testerr_IfActionSubsystem
 .text.Testerr_ValidHalls_Init
                0x0800269a       0x38 Testerr.o
                0x0800269a                Testerr_ValidHalls_Init
 *fill*         0x080026d2        0x2 
 .text.Testerr_ValidHalls
                0x080026d4      0x140 Testerr.o
                0x080026d4                Testerr_ValidHalls
 .text.Badhallglitchorwrongconnect
                0x08002814       0x32 Testerr.o
                0x08002814                Badhallglitchorwrongconnect
 .text.Testerr_SystemCore_setup
                0x08002846       0x6a Testerr.o
 .text.Testerr_SystemCore_setup_o
                0x080028b0       0x6a Testerr.o
 .text.Testerr_SystemCore_setup_f
                0x0800291a       0x6a Testerr.o
 .text.Testerr_HallValueof1
                0x08002984       0x1e Testerr.o
                0x08002984                Testerr_HallValueof1
 *fill*         0x080029a2        0x2 
 .text.Testerr_SystemCore_setup_h
                0x080029a4       0x80 Testerr.o
 .text.Testerr_PWMOutput_setupImpl
                0x08002a24       0x84 Testerr.o
 .text.Testerr_step0
                0x08002aa8       0x48 Testerr.o
                0x08002aa8                Testerr_step0
 .text.Testerr_step1
                0x08002af0       0xec Testerr.o
                0x08002af0                Testerr_step1
 *fill*         0x08002bdc        0x4 
 .text.Testerr_initialize
                0x08002be0      0x6ec Testerr.o
                0x08002be0                Testerr_initialize
 .text.Testerr_terminate
                0x080032cc      0x140 Testerr.o
                0x080032cc                Testerr_terminate
 .text.Testerr_configure_interrupts
                0x0800340c       0x30 Testerr.o
                0x0800340c                Testerr_configure_interrupts
 *fill*         0x0800343c        0x4 
 .text.EXTI15_10_IRQHandler
                0x08003440      0xa60 Testerr.o
                0x08003440                EXTI15_10_IRQHandler
 .text.ADC_IRQHandler
                0x08003ea0      0xcc4 Testerr.o
                0x08003ea0                ADC_IRQHandler
 .text.Testerr_unconfigure_interrupts
                0x08004b64       0x14 Testerr.o
                0x08004b64                Testerr_unconfigure_interrupts
 .text.rt_OneStep
                0x08004b78      0x128 ert_main.o
                0x08004b78                rt_OneStep
 .text.main     0x08004ca0      0x194 ert_main.o
                0x08004ca0                main
 .text.rtIsInf  0x08004e34       0x48 rt_nonfinite.o
                0x08004e34                rtIsInf
 .text.rtIsNaN  0x08004e7c       0x2a rt_nonfinite.o
                0x08004e7c                rtIsNaN
 .text.xcp_void_printf
                0x08004ea6       0x12 xcp_ext_common.o
                0x08004ea6                xcp_void_printf
 .text.xcpCopyTimeValue
                0x08004eb8       0x26 xcp_ext_common.o
 *fill*         0x08004ede        0x2 
 .text.xcpExtModeUpdateTime
                0x08004ee0      0x13c xcp_ext_common.o
                0x08004ee0                xcpExtModeUpdateTime
 .text.xcpExtModeInit
                0x0800501c       0x9c xcp_ext_common.o
                0x0800501c                xcpExtModeInit
 .text.xcpExtModeRunBackground
                0x080050b8      0x13c xcp_ext_common.o
                0x080050b8                xcpExtModeRunBackground
 .text.xcpExtModeReset
                0x080051f4      0x128 xcp_ext_common.o
                0x080051f4                xcpExtModeReset
 .text.sampleSignalTrigger
                0x0800531c      0x1b4 xcp_ext_classic_trigger.o
 .text.updateTriggerStatus
                0x080054d0      0x2b8 xcp_ext_classic_trigger.o
 .text.xcpExtModeClassicTriggerInit
                0x08005788       0x68 xcp_ext_classic_trigger.o
                0x08005788                xcpExtModeClassicTriggerInit
 .text.xcpExtModeClassicTriggerEnabled
                0x080057f0      0x100 xcp_ext_classic_trigger.o
                0x080057f0                xcpExtModeClassicTriggerEnabled
 .text.xcpExtModeClassicTriggerReset
                0x080058f0       0xf4 xcp_ext_classic_trigger.o
                0x080058f0                xcpExtModeClassicTriggerReset
 .text.xcpExtModeClassicTriggerForceEnableStatusUpdate
                0x080059e4       0x80 xcp_ext_classic_trigger.o
                0x080059e4                xcpExtModeClassicTriggerForceEnableStatusUpdate
 .text.msgBufferRealloc
                0x08005a64       0x72 xcp.o
 *fill*         0x08005ad6        0x2 
 .text.discardInputPacketHandler
                0x08005ad8       0x3c xcp.o
 .text.unknownInputPacketHandler
                0x08005b14       0x34 xcp.o
 .text.xcpGetPacketGroupID
                0x08005b48       0x74 xcp.o
 .text.xcpGetPacketHandlers
                0x08005bbc      0x124 xcp.o
 .text.xcpStatusSet
                0x08005ce0       0x20 xcp.o
                0x08005ce0                xcpStatusSet
 .text.xcpSessionStatusGet
                0x08005d00       0x18 xcp.o
                0x08005d00                xcpSessionStatusGet
 .text.xcpSessionStatusSetMask
                0x08005d18       0x28 xcp.o
                0x08005d18                xcpSessionStatusSetMask
 .text.xcpSessionStatusClearMask
                0x08005d40       0x34 xcp.o
                0x08005d40                xcpSessionStatusClearMask
 .text.xcpResourceProtectionStatusGet
                0x08005d74       0x18 xcp.o
                0x08005d74                xcpResourceProtectionStatusGet
 .text.xcpSessionConfigurationIdGet
                0x08005d8c       0x18 xcp.o
                0x08005d8c                xcpSessionConfigurationIdGet
 .text.genericOutputPacketHandler
                0x08005da4      0x11c xcp.o
                0x08005da4                genericOutputPacketHandler
 .text.xcpFindPacket
                0x08005ec0       0x6e xcp.o
                0x08005ec0                xcpFindPacket
 *fill*         0x08005f2e        0x2 
 .text.xcpInit  0x08005f30       0x64 xcp.o
                0x08005f30                xcpInit
 .text.xcpRun   0x08005f94      0x194 xcp.o
                0x08005f94                xcpRun
 .text.xcpEvent
                0x08006128       0x50 xcp.o
                0x08006128                xcpEvent
 .text.xcpGetStatus
                0x08006178       0x18 xcp.o
                0x08006178                xcpGetStatus
 .text.xcpReset
                0x08006190       0x40 xcp.o
                0x08006190                xcpReset
 .text.xcpPackedModeEventsFlush
                0x080061d0       0x1e xcp.o
                0x080061d0                xcpPackedModeEventsFlush
 .text.xcpPackedModeEventReset
                0x080061ee       0x2a xcp.o
                0x080061ee                xcpPackedModeEventReset
 .text.isValidUploadSize
                0x08006218       0x30 xcp_standard.o
 .text.xcpMemcpyFromMTA
                0x08006248       0x38 xcp_standard.o
 .text.connectInputPacketHandler
                0x08006280       0xa4 xcp_standard.o
 .text.connectOutputPacketHandler
                0x08006324       0xd4 xcp_standard.o
 .text.disconnectInputPacketHandler
                0x080063f8       0x54 xcp_standard.o
 .text.getStatusInputPacketHandler
                0x0800644c       0x28 xcp_standard.o
 .text.getStatusOutputPacketHandler
                0x08006474       0x80 xcp_standard.o
 .text.synchInputPacketHandler
                0x080064f4       0x44 xcp_standard.o
 .text.setMTAInputPacketHandler
                0x08006538       0x78 xcp_standard.o
 .text.uploadInputPacketHandler
                0x080065b0       0x98 xcp_standard.o
 .text.uploadOutputPacketHandler
                0x08006648       0x9c xcp_standard.o
 .text.shortUploadInputPacketHandler
                0x080066e4       0xa4 xcp_standard.o
 .text.shortUploadOutputPacketHandler
                0x08006788       0x9c xcp_standard.o
 .text.getPacket
                0x08006824       0x24 xcp_standard.o
 .text.xcpStandardInit
                0x08006848       0x18 xcp_standard.o
                0x08006848                xcpStandardInit
 .text.xcpStandardGetPacketLookup
                0x08006860       0x18 xcp_standard.o
                0x08006860                xcpStandardGetPacketLookup
 .text.xcpStandardSetPacketLookup
                0x08006878       0x20 xcp_standard.o
                0x08006878                xcpStandardSetPacketLookup
 .text.xcpStandardReset
                0x08006898       0x12 xcp_standard.o
                0x08006898                xcpStandardReset
 *fill*         0x080068aa        0x2 
 .text.xcpStandardGetAddressFromMta
                0x080068ac       0x18 xcp_standard.o
                0x080068ac                xcpStandardGetAddressFromMta
 .text.xcpStandardSetMta
                0x080068c4       0x3c xcp_standard.o
                0x080068c4                xcpStandardSetMta
 .text.xcpStandardIncrementMta
                0x08006900       0x28 xcp_standard.o
                0x08006900                xcpStandardIncrementMta
 .text.xcpStandardExtendedInit
                0x08006928        0xe xcp_standard.o
                0x08006928                xcpStandardExtendedInit
 .text.xcpStandardExtendedReset
                0x08006936        0xe xcp_standard.o
                0x08006936                xcpStandardExtendedReset
 .text.xcpDaqWriteLock
                0x08006944       0x4c xcp_daq.o
 .text.xcpDaqWriteUnlock
                0x08006990       0x20 xcp_daq.o
 .text.xcpDaqReadLock
                0x080069b0       0x38 xcp_daq.o
 .text.xcpDaqReadUnlock
                0x080069e8       0x38 xcp_daq.o
 .text.isActiveDaqList
                0x08006a20       0x50 xcp_daq.o
 .text.noActiveDaqLists
                0x08006a70       0x50 xcp_daq.o
 .text.isValidDaqPtr
                0x08006ac0       0xb8 xcp_daq.o
 .text.isValidDaqEntry
                0x08006b78       0x36 xcp_daq.o
 .text.isSupportedDaqListMode
                0x08006bae       0x26 xcp_daq.o
 .text.isValidStartStopMode
                0x08006bd4       0x32 xcp_daq.o
 .text.isValidStartStopSynchMode
                0x08006c06       0x32 xcp_daq.o
 .text.absoluteOdtNumberIdentification
                0x08006c38       0x10 xcp_daq.o
 .text.isDaqPackedModeEnabled
                0x08006c48       0x6c xcp_daq.o
 .text.odtPacketSize
                0x08006cb4       0x54 xcp_daq.o
 .text.createDaqReservedPool
                0x08006d08       0x88 xcp_daq.o
 .text.destroyDaqReservedPool
                0x08006d90       0x2c xcp_daq.o
 .text.setDaqPtrInputPacketHandler
                0x08006dbc       0xdc xcp_daq.o
 .text.writeDaqInputPacketHandler
                0x08006e98      0x198 xcp_daq.o
 .text.setDaqListModeInputPacketHandler
                0x08007030      0x1c8 xcp_daq.o
 .text.startStopDaqListInputPacketHandler
                0x080071f8      0x3f4 xcp_daq.o
 .text.startStopDaqListOutputPacketHandler
                0x080075ec       0x5c xcp_daq.o
 .text.startStopSynchInputPacketHandler
                0x08007648      0x328 xcp_daq.o
 .text.getDaqProcessorInfoInputPacketHandler
                0x08007970       0x28 xcp_daq.o
 .text.getDaqProcessorInfoOutputPacketHandler
                0x08007998       0xac xcp_daq.o
 .text.getDaqResolutionInfoInputPacketHandler
                0x08007a44       0x28 xcp_daq.o
 .text.getDaqResolutionInfoOutputPacketHandler
                0x08007a6c       0xb8 xcp_daq.o
 .text.freeDaqInputPacketHandler
                0x08007b24       0x5c xcp_daq.o
 .text.allocDaqInputPacketHandler
                0x08007b80      0x18c xcp_daq.o
 .text.allocOdtInputPacketHandler
                0x08007d0c      0x1c0 xcp_daq.o
 .text.allocOdtEntryInputPacketHandler
                0x08007ecc      0x270 xcp_daq.o
 .text.getDaqClockInputPacketHandler
                0x0800813c       0x22 xcp_daq.o
 *fill*         0x0800815e        0x2 
 .text.setDaqPackedModeInputPacketHandler
                0x08008160      0x21c xcp_daq.o
 .text.level1CommandInputPacketHandler
                0x0800837c       0x64 xcp_daq.o
 .text.getPacket
                0x080083e0       0x24 xcp_daq.o
 .text.xcpDaqInit
                0x08008404       0x38 xcp_daq.o
                0x08008404                xcpDaqInit
 .text.xcpDaqGetPacketLookup
                0x0800843c       0x18 xcp_daq.o
                0x0800843c                xcpDaqGetPacketLookup
 .text.xcpDaqSetPacketLookup
                0x08008454       0x20 xcp_daq.o
                0x08008454                xcpDaqSetPacketLookup
 .text.xcpResetDaq
                0x08008474       0xa4 xcp_daq.o
 .text.daqWriteXCPDataForOdt
                0x08008518       0x7c xcp_daq.o
 .text.odtWriteEntries
                0x08008594       0x9c xcp_daq.o
 .text.xcpProcessDaq
                0x08008630      0x208 xcp_daq.o
 .text.xcpDaqEvent
                0x08008838      0x108 xcp_daq.o
                0x08008838                xcpDaqEvent
 .text.xcpDaqEventsFlush
                0x08008940      0x284 xcp_daq.o
                0x08008940                xcpDaqEventsFlush
 .text.xcpDaqLock
                0x08008bc4       0x1e xcp_daq.o
                0x08008bc4                xcpDaqLock
 .text.xcpDaqUnlock
                0x08008be2        0xe xcp_daq.o
                0x08008be2                xcpDaqUnlock
 .text.xcpResetDaqListStatus
                0x08008bf0      0x19c xcp_daq.o
                0x08008bf0                xcpResetDaqListStatus
 .text.xcpDaqReset
                0x08008d8c       0x20 xcp_daq.o
                0x08008d8c                xcpDaqReset
 .text.xcpDaqExtendedInit
                0x08008dac        0xe xcp_daq.o
                0x08008dac                xcpDaqExtendedInit
 .text.xcpDaqExtendedReset
                0x08008dba        0xe xcp_daq.o
                0x08008dba                xcpDaqExtendedReset
 .text.isValidShortDownloadSize
                0x08008dc8       0x34 xcp_calibration.o
 .text.isValidDownloadSize
                0x08008dfc       0x3a xcp_calibration.o
 *fill*         0x08008e36        0x2 
 .text.xcpMemcpyToMTA
                0x08008e38       0x34 xcp_calibration.o
 .text.downloadInputPacketHandler
                0x08008e6c       0xb0 xcp_calibration.o
 .text.shortDownloadInputPacketHandler
                0x08008f1c       0xb8 xcp_calibration.o
 .text.getPacket
                0x08008fd4       0x24 xcp_calibration.o
 .text.xcpCalibrationInit
                0x08008ff8       0x14 xcp_calibration.o
                0x08008ff8                xcpCalibrationInit
 .text.xcpCalibrationGetPacketLookup
                0x0800900c       0x18 xcp_calibration.o
                0x0800900c                xcpCalibrationGetPacketLookup
 .text.xcpCalibrationSetPacketLookup
                0x08009024       0x20 xcp_calibration.o
                0x08009024                xcpCalibrationSetPacketLookup
 .text.xcpCalibrationReset
                0x08009044        0xe xcp_calibration.o
                0x08009044                xcpCalibrationReset
 .text.xcpFifoInit
                0x08009052       0x20 xcp_fifo.o
                0x08009052                xcpFifoInit
 .text.xcpFifoEnqueue
                0x08009072       0x2a xcp_fifo.o
                0x08009072                xcpFifoEnqueue
 .text.xcpFifoDequeue
                0x0800909c       0x3e xcp_fifo.o
                0x0800909c                xcpFifoDequeue
 .text.xcpFifoEnqueueHead
                0x080090da       0x32 xcp_fifo.o
                0x080090da                xcpFifoEnqueueHead
 .text.xcpFifoReset
                0x0800910c       0x16 xcp_fifo.o
                0x0800910c                xcpFifoReset
 *fill*         0x08009122        0x2 
 .text.xcpTransportEmptyTxFifo
                0x08009124       0x6c xcp_transport.o
 .text.xcpTransportEmptyRxFifo
                0x08009190       0x6c xcp_transport.o
 .text.xcpTransportInit
                0x080091fc      0x138 xcp_transport.o
                0x080091fc                xcpTransportInit
 .text.xcpTransportTxReady
                0x08009334       0x1a xcp_transport.o
                0x08009334                xcpTransportTxReady
 .text.xcpTransportTxTrigger
                0x0800934e       0x1a xcp_transport.o
                0x0800934e                xcpTransportTxTrigger
 .text.xcpTransportTxPacketSet
                0x08009368      0x144 xcp_transport.o
                0x08009368                xcpTransportTxPacketSet
 .text.xcpTransportTx
                0x080094ac       0xec xcp_transport.o
                0x080094ac                xcpTransportTx
 .text.xcpTransportRx
                0x08009598       0x80 xcp_transport.o
                0x08009598                xcpTransportRx
 .text.xcpTransportRxPacketGet
                0x08009618      0x12c xcp_transport.o
                0x08009618                xcpTransportRxPacketGet
 .text.xcpTransportPacketOffset
                0x08009744       0x20 xcp_transport.o
                0x08009744                xcpTransportPacketOffset
 .text.xcpTransportMsgBufferSize
                0x08009764       0x70 xcp_transport.o
                0x08009764                xcpTransportMsgBufferSize
 .text.xcpTransportMaxDtoSize
                0x080097d4        0xe xcp_transport.o
                0x080097d4                xcpTransportMaxDtoSize
 .text.xcpTransportMaxCtoSize
                0x080097e2        0xe xcp_transport.o
                0x080097e2                xcpTransportMaxCtoSize
 .text.xcpTransportRestart
                0x080097f0       0x44 xcp_transport.o
                0x080097f0                xcpTransportRestart
 .text.xcpTransportResynch
                0x08009834       0x40 xcp_transport.o
                0x08009834                xcpTransportResynch
 .text.xcpTransportCtoReservedMemPoolId
                0x08009874       0x18 xcp_transport.o
                0x08009874                xcpTransportCtoReservedMemPoolId
 .text.xcpTransportReset
                0x0800988c       0xe4 xcp_transport.o
                0x0800988c                xcpTransportReset
 .text.xcpInitializePoolMemoryArea
                0x08009970       0x72 xcp_mem_default.o
 *fill*         0x080099e2        0x2 
 .text.xcpMemInit
                0x080099e4      0x1d4 xcp_mem_default.o
                0x080099e4                xcpMemInit
 .text.xcpMemAlloc
                0x08009bb8       0xe8 xcp_mem_default.o
                0x08009bb8                xcpMemAlloc
 .text.xcpMemFree
                0x08009ca0      0x170 xcp_mem_default.o
                0x08009ca0                xcpMemFree
 .text.xcpMemReservedPoolCreate
                0x08009e10      0x224 xcp_mem_default.o
                0x08009e10                xcpMemReservedPoolCreate
 .text.xcpMemReservedPoolDestroy
                0x0800a034      0x158 xcp_mem_default.o
                0x0800a034                xcpMemReservedPoolDestroy
 .text.xcpMemCustomPoolCreate
                0x0800a18c       0xbc xcp_mem_default.o
                0x0800a18c                xcpMemCustomPoolCreate
 .text.xcpMemCustomPoolDestroy
                0x0800a248       0x64 xcp_mem_default.o
                0x0800a248                xcpMemCustomPoolDestroy
 .text.xcpMemAllocFromPool
                0x0800a2ac      0x170 xcp_mem_default.o
                0x0800a2ac                xcpMemAllocFromPool
 .text.xcpMemReset
                0x0800a41c       0x50 xcp_mem_default.o
                0x0800a41c                xcpMemReset
 .text.xcpDrvOpen
                0x0800a46c       0x64 xcp_drv_rtiostream.o
                0x0800a46c                xcpDrvOpen
 .text.xcpDrvIoctl
                0x0800a4d0       0x4c xcp_drv_rtiostream.o
                0x0800a4d0                xcpDrvIoctl
 .text.xcpDrvSend
                0x0800a51c      0x14c xcp_drv_rtiostream.o
                0x0800a51c                xcpDrvSend
 .text.xcpDrvRecv
                0x0800a668      0x14c xcp_drv_rtiostream.o
                0x0800a668                xcpDrvRecv
 .text.xcpDrvClose
                0x0800a7b4       0x5c xcp_drv_rtiostream.o
                0x0800a7b4                xcpDrvClose
 .text.xcpSortArray
                0x0800a810       0xcc xcp_utils.o
                0x0800a810                xcpSortArray
 .text.xcpSxiHtons
                0x0800a8dc       0x18 xcp_frame_serial.o
 .text.xcpSxiNtohs
                0x0800a8f4       0x1c xcp_frame_serial.o
 .text.xcpSxiChecksum
                0x0800a910       0x3e xcp_frame_serial.o
                0x0800a910                xcpSxiChecksum
 *fill*         0x0800a94e        0x2 
 .text.xcpFrameInit
                0x0800a950       0x70 xcp_frame_serial.o
                0x0800a950                xcpFrameInit
 .text.xcpFrameMsgSend
                0x0800a9c0      0x184 xcp_frame_serial.o
                0x0800a9c0                xcpFrameMsgSend
 .text.xcpFrameMsgRecv
                0x0800ab44      0x180 xcp_frame_serial.o
                0x0800ab44                xcpFrameMsgRecv
 .text.xcpFrameCreateMsg
                0x0800acc4       0x94 xcp_frame_serial.o
                0x0800acc4                xcpFrameCreateMsg
 .text.xcpFrameExtractPacket
                0x0800ad58      0x154 xcp_frame_serial.o
                0x0800ad58                xcpFrameExtractPacket
 .text.xcpFrameHeaderSize
                0x0800aeac       0x10 xcp_frame_serial.o
                0x0800aeac                xcpFrameHeaderSize
 .text.xcpFrameTailSize
                0x0800aebc       0x10 xcp_frame_serial.o
                0x0800aebc                xcpFrameTailSize
 .text.xcpFrameMaxDtoSize
                0x0800aecc       0x12 xcp_frame_serial.o
                0x0800aecc                xcpFrameMaxDtoSize
 .text.xcpFrameMaxCtoSize
                0x0800aede       0x10 xcp_frame_serial.o
                0x0800aede                xcpFrameMaxCtoSize
 *fill*         0x0800aeee        0x2 
 .text.xcpFrameRestart
                0x0800aef0       0x30 xcp_frame_serial.o
                0x0800aef0                xcpFrameRestart
 .text.xcpFrameSetCtoReservedMemPoolId
                0x0800af20       0x20 xcp_frame_serial.o
                0x0800af20                xcpFrameSetCtoReservedMemPoolId
 .text.xcpFrameReset
                0x0800af40       0x70 xcp_frame_serial.o
                0x0800af40                xcpFrameReset
 .text.xcpTransportGetInitParameters
                0x0800afb0       0x2e xcp_ext_param_default_serial.o
                0x0800afb0                xcpTransportGetInitParameters
 .text.xcpGetInitParameters
                0x0800afde       0x2e xcp_ext_param_default_serial.o
                0x0800afde                xcpGetInitParameters
 .text.HAL_Delay
                0x0800b00c       0x2e overrideHALDelay.o
                0x0800b00c                HAL_Delay
 *fill*         0x0800b03a        0x2 
 .text.PeriphCommonClock_Config
                0x0800b03c       0x10 platform_timer.o
                0x0800b03c                PeriphCommonClock_Config
 .text.getCurrentTimestampInMicros
                0x0800b04c       0x40 platform_timer.o
                0x0800b04c                getCurrentTimestampInMicros
 .text.returnTimeElapsed
                0x0800b08c       0x2c platform_timer.o
                0x0800b08c                returnTimeElapsed
 .text.timestampInit
                0x0800b0b8       0x28 platform_timer.o
 .text.getCurrentTimestamp
                0x0800b0e0       0x44 platform_timer.o
                0x0800b0e0                getCurrentTimestamp
 .text.__NVIC_SetPriority
                0x0800b124       0x54 SysTickScheduler.o
 .text.SysTick_Config
                0x0800b178       0x44 SysTickScheduler.o
 .text.SysTick_Isr
                0x0800b1bc       0x48 SysTickScheduler.o
 .text.SysTick_Handler
                0x0800b204       0x20 SysTickScheduler.o
                0x0800b204                SysTick_Handler
 .text.ARMCM_SysTick_Config
                0x0800b224       0xb8 SysTickScheduler.o
                0x0800b224                ARMCM_SysTick_Config
 .text.PendSV_Handler
                0x0800b2dc       0x44 m3m4m4f_multitasking.o
                0x0800b2dc                PendSV_Handler
 .text.SVC_Handler
                0x0800b320       0x58 m3m4m4f_multitasking.o
                0x0800b320                SVC_Handler
 .text.rtIOStreamOpen
                0x0800b378       0x44 rtiostream_serial.o
                0x0800b378                rtIOStreamOpen
 .text.rtIOStreamSend
                0x0800b3bc       0x38 rtiostream_serial.o
                0x0800b3bc                rtIOStreamSend
 .text.rtIOStreamRecv
                0x0800b3f4       0x48 rtiostream_serial.o
                0x0800b3f4                rtIOStreamRecv
 .text.rtIOStreamClose
                0x0800b43c       0x20 rtiostream_serial.o
                0x0800b43c                rtIOStreamClose
 .text.__NVIC_GetPriorityGrouping
                0x0800b45c       0x1c stm_usart.o
 .text.__NVIC_EnableIRQ
                0x0800b478       0x3c stm_usart.o
 .text.__NVIC_SetPriority
                0x0800b4b4       0x54 stm_usart.o
 .text.NVIC_EncodePriority
                0x0800b508       0x66 stm_usart.o
 *fill*         0x0800b56e        0x2 
 .text.LL_DMA_EnableStream
                0x0800b570       0x40 stm_usart.o
 .text.LL_DMA_DisableStream
                0x0800b5b0       0x40 stm_usart.o
 .text.LL_DMA_GetMode
                0x0800b5f0       0x30 stm_usart.o
 .text.LL_DMA_SetDataLength
                0x0800b620       0x48 stm_usart.o
 .text.LL_DMA_GetDataLength
                0x0800b668       0x2c stm_usart.o
 .text.LL_DMA_ConfigAddresses
                0x0800b694       0x78 stm_usart.o
 .text.LL_DMA_IsActiveFlag_TC5
                0x0800b70c       0x28 stm_usart.o
 .text.LL_DMA_ClearFlag_TC5
                0x0800b734       0x1c stm_usart.o
 .text.LL_DMA_EnableIT_TC
                0x0800b750       0x40 stm_usart.o
 .text.LL_DMA_DisableIT_TC
                0x0800b790       0x40 stm_usart.o
 .text.LL_DMA_IsEnabledIT_TC
                0x0800b7d0       0x38 stm_usart.o
 .text.LL_USART_Enable
                0x0800b808       0x20 stm_usart.o
 .text.LL_USART_Disable
                0x0800b828       0x20 stm_usart.o
 .text.LL_USART_IsActiveFlag_PE
                0x0800b848       0x26 stm_usart.o
 .text.LL_USART_IsActiveFlag_FE
                0x0800b86e       0x26 stm_usart.o
 .text.LL_USART_IsActiveFlag_NE
                0x0800b894       0x26 stm_usart.o
 .text.LL_USART_IsActiveFlag_ORE
                0x0800b8ba       0x26 stm_usart.o
 .text.LL_USART_IsActiveFlag_TC
                0x0800b8e0       0x26 stm_usart.o
 .text.LL_USART_IsActiveFlag_TXE
                0x0800b906       0x26 stm_usart.o
 .text.LL_USART_ClearFlag_PE
                0x0800b92c       0x24 stm_usart.o
 .text.LL_USART_ClearFlag_ORE
                0x0800b950       0x24 stm_usart.o
 .text.LL_USART_EnableIT_RXNE
                0x0800b974       0x46 stm_usart.o
 .text.LL_USART_EnableIT_PE
                0x0800b9ba       0x46 stm_usart.o
 .text.LL_USART_EnableIT_ERROR
                0x0800ba00       0x46 stm_usart.o
 .text.LL_USART_DisableIT_RXNE
                0x0800ba46       0x46 stm_usart.o
 .text.LL_USART_DisableIT_TXE
                0x0800ba8c       0x46 stm_usart.o
 .text.LL_USART_DisableIT_PE
                0x0800bad2       0x46 stm_usart.o
 .text.LL_USART_DisableIT_ERROR
                0x0800bb18       0x46 stm_usart.o
 .text.LL_USART_EnableDMAReq_RX
                0x0800bb5e       0x46 stm_usart.o
 .text.LL_USART_DisableDMAReq_RX
                0x0800bba4       0x46 stm_usart.o
 .text.LL_USART_EnableDMAReq_TX
                0x0800bbea       0x46 stm_usart.o
 .text.LL_USART_DisableDMAReq_TX
                0x0800bc30       0x46 stm_usart.o
 .text.LL_USART_DMA_GetRegAddr
                0x0800bc76       0x18 stm_usart.o
 .text.LL_USART_ReceiveData8
                0x0800bc8e       0x1a stm_usart.o
 .text.LL_USART_TransmitData8
                0x0800bca8       0x1e stm_usart.o
 .text.getAvailableDataInBuffer
                0x0800bcc6       0xcc stm_usart.o
                0x0800bcc6                getAvailableDataInBuffer
 .text.getBytesToBeReadFromBuffer
                0x0800bd92       0x6e stm_usart.o
                0x0800bd92                getBytesToBeReadFromBuffer
 .text.readDataFromBuffer
                0x0800be00       0xcc stm_usart.o
                0x0800be00                readDataFromBuffer
 .text.UART_RXDMAInterruptHandler
                0x0800becc       0xd4 stm_usart.o
                0x0800becc                UART_RXDMAInterruptHandler
 .text.UART_IsActiveFlagError
                0x0800bfa0       0xd6 stm_usart.o
                0x0800bfa0                UART_IsActiveFlagError
 *fill*         0x0800c076        0x2 
 .text.USART2_IRQHandler
                0x0800c078       0x14 stm_usart.o
                0x0800c078                USART2_IRQHandler
 .text.DMA1_Stream5_IRQHandler
                0x0800c08c       0x20 stm_usart.o
                0x0800c08c                DMA1_Stream5_IRQHandler
 .text.UART_ConfigureReceiveDMA
                0x0800c0ac       0x88 stm_usart.o
                0x0800c0ac                UART_ConfigureReceiveDMA
 .text.UART_ConfigureTransmitDMA
                0x0800c134       0x54 stm_usart.o
                0x0800c134                UART_ConfigureTransmitDMA
 .text.getReadErrorStatus
                0x0800c188       0xc8 stm_usart.o
                0x0800c188                getReadErrorStatus
 .text.MW_UART_Initialize
                0x0800c250      0x198 stm_usart.o
                0x0800c250                MW_UART_Initialize
 .text.MW_UART_ReceiveUsingBuffer
                0x0800c3e8       0x5c stm_usart.o
                0x0800c3e8                MW_UART_ReceiveUsingBuffer
 .text.MW_UART_TransmitUsingPolling
                0x0800c444      0x184 stm_usart.o
                0x0800c444                MW_UART_TransmitUsingPolling
 .text.MW_UART_DeInit
                0x0800c5c8       0xaa stm_usart.o
                0x0800c5c8                MW_UART_DeInit
 .text.sys_arch_protect
                0x0800c672       0x22 sys_arch.o
                0x0800c672                sys_arch_protect
 .text.sys_arch_unprotect
                0x0800c694       0x20 sys_arch.o
                0x0800c694                sys_arch_unprotect
 .text.__NVIC_GetPriorityGrouping
                0x0800c6b4       0x1c main.o
 .text.__NVIC_EnableIRQ
                0x0800c6d0       0x3c main.o
 .text.__NVIC_SetPriority
                0x0800c70c       0x54 main.o
 .text.NVIC_EncodePriority
                0x0800c760       0x66 main.o
 .text.LL_ADC_REG_SetSequencerRanks
                0x0800c7c6       0x7a main.o
 .text.LL_ADC_REG_SetFlagEndOfConversion
                0x0800c840       0x26 main.o
 .text.LL_ADC_INJ_SetSequencerRanks
                0x0800c866       0x74 main.o
 .text.LL_ADC_INJ_SetOffset
                0x0800c8da       0x64 main.o
 .text.LL_ADC_SetChannelSamplingTime
                0x0800c93e       0xc2 main.o
 .text.LL_ADC_INJ_StartConversionExtTrig
                0x0800ca00       0x22 main.o
 .text.LL_ADC_DisableIT_JEOS
                0x0800ca22       0x20 main.o
 *fill*         0x0800ca42        0x2 
 .text.LL_DMA_SetDataTransferDirection
                0x0800ca44       0x48 main.o
 .text.LL_DMA_SetMode
                0x0800ca8c       0x48 main.o
 .text.LL_DMA_SetPeriphIncMode
                0x0800cad4       0x48 main.o
 .text.LL_DMA_SetMemoryIncMode
                0x0800cb1c       0x48 main.o
 .text.LL_DMA_SetPeriphSize
                0x0800cb64       0x48 main.o
 .text.LL_DMA_SetMemorySize
                0x0800cbac       0x48 main.o
 .text.LL_DMA_SetStreamPriorityLevel
                0x0800cbf4       0x48 main.o
 .text.LL_DMA_SetChannelSelection
                0x0800cc3c       0x48 main.o
 .text.LL_DMA_DisableFifoMode
                0x0800cc84       0x40 main.o
 .text.LL_RCC_HSI_Enable
                0x0800ccc4       0x20 main.o
 .text.LL_RCC_HSI_IsReady
                0x0800cce4       0x24 main.o
 .text.LL_RCC_HSI_SetCalibTrimming
                0x0800cd08       0x2c main.o
 .text.LL_RCC_SetSysClkSource
                0x0800cd34       0x28 main.o
 .text.LL_RCC_GetSysClkSource
                0x0800cd5c       0x1c main.o
 .text.LL_RCC_SetAHBPrescaler
                0x0800cd78       0x28 main.o
 .text.LL_RCC_SetAPB1Prescaler
                0x0800cda0       0x28 main.o
 .text.LL_RCC_SetAPB2Prescaler
                0x0800cdc8       0x28 main.o
 .text.LL_RCC_SetTIMPrescaler
                0x0800cdf0       0x2c main.o
 .text.LL_RCC_PLL_Enable
                0x0800ce1c       0x20 main.o
 .text.LL_RCC_PLL_IsReady
                0x0800ce3c       0x28 main.o
 .text.LL_RCC_PLL_ConfigDomain_SYS
                0x0800ce64       0x4c main.o
 .text.LL_AHB1_GRP1_EnableClock
                0x0800ceb0       0x30 main.o
 .text.LL_APB1_GRP1_EnableClock
                0x0800cee0       0x30 main.o
 .text.LL_APB2_GRP1_EnableClock
                0x0800cf10       0x30 main.o
 .text.LL_SYSCFG_SetEXTISource
                0x0800cf40       0x6c main.o
 .text.LL_FLASH_SetLatency
                0x0800cfac       0x28 main.o
 .text.LL_FLASH_GetLatency
                0x0800cfd4       0x1c main.o
 .text.LL_PWR_SetRegulVoltageScaling
                0x0800cff0       0x28 main.o
 .text.LL_TIM_EnableARRPreload
                0x0800d018       0x20 main.o
 .text.LL_TIM_DisableARRPreload
                0x0800d038       0x20 main.o
 .text.LL_TIM_OC_DisableFast
                0x0800d058       0x8c main.o
 .text.LL_TIM_OC_EnablePreload
                0x0800d0e4       0x88 main.o
 .text.LL_TIM_SetClockSource
                0x0800d16c       0x2a main.o
 .text.LL_TIM_SetTriggerOutput
                0x0800d196       0x26 main.o
 .text.LL_TIM_EnableMasterSlaveMode
                0x0800d1bc       0x20 main.o
 .text.LL_TIM_DisableMasterSlaveMode
                0x0800d1dc       0x20 main.o
 .text.LL_USART_Enable
                0x0800d1fc       0x20 main.o
 .text.LL_USART_ConfigAsyncMode
                0x0800d21c       0x2c main.o
 .text.LL_GPIO_SetPinMode
                0x0800d248       0x7a main.o
 .text.LL_GPIO_SetPinPull
                0x0800d2c2       0x7a main.o
 .text.LL_GPIO_ResetOutputPin
                0x0800d33c       0x1e main.o
 *fill*         0x0800d35a        0x2 
 .text.SystemClock_Config
                0x0800d35c       0xa0 main.o
                0x0800d35c                SystemClock_Config
 .text.MX_ADC1_Init
                0x0800d3fc      0x260 main.o
                0x0800d3fc                MX_ADC1_Init
 .text.MX_TIM1_Init
                0x0800d65c      0x198 main.o
                0x0800d65c                MX_TIM1_Init
 .text.MX_TIM2_Init
                0x0800d7f4       0x64 main.o
                0x0800d7f4                MX_TIM2_Init
 .text.MX_USART2_UART_Init
                0x0800d858      0x104 main.o
                0x0800d858                MX_USART2_UART_Init
 .text.MX_DMA_Init
                0x0800d95c       0x58 main.o
                0x0800d95c                MX_DMA_Init
 .text.MX_GPIO_Init
                0x0800d9b4      0x170 main.o
                0x0800d9b4                MX_GPIO_Init
 .text.HAL_TIM_PeriodElapsedCallback
                0x0800db24       0x24 main.o
                0x0800db24                HAL_TIM_PeriodElapsedCallback
 .text.Error_Handler
                0x0800db48        0xa main.o
                0x0800db48                Error_Handler
 .text.NMI_Handler
                0x0800db52        0x6 stm32f4xx_it.o
                0x0800db52                NMI_Handler
 .text.HardFault_Handler
                0x0800db58        0x6 stm32f4xx_it.o
                0x0800db58                HardFault_Handler
 .text.MemManage_Handler
                0x0800db5e        0x6 stm32f4xx_it.o
                0x0800db5e                MemManage_Handler
 .text.BusFault_Handler
                0x0800db64        0x6 stm32f4xx_it.o
                0x0800db64                BusFault_Handler
 .text.UsageFault_Handler
                0x0800db6a        0x6 stm32f4xx_it.o
                0x0800db6a                UsageFault_Handler
 .text.DebugMon_Handler
                0x0800db70        0xe stm32f4xx_it.o
                0x0800db70                DebugMon_Handler
 *fill*         0x0800db7e        0x2 
 .text.TIM5_IRQHandler
                0x0800db80       0x14 stm32f4xx_it.o
                0x0800db80                TIM5_IRQHandler
 .text.DMA2_Stream0_IRQHandler
                0x0800db94        0xe stm32f4xx_it.o
                0x0800db94                DMA2_Stream0_IRQHandler
 *fill*         0x0800dba2        0x2 
 .text.HAL_MspInit
                0x0800dba4       0x50 stm32f4xx_hal_msp.o
                0x0800dba4                HAL_MspInit
 .text.HAL_InitTick
                0x0800dbf4       0xb4 stm32f4xx_hal_timebase_tim.o
                0x0800dbf4                HAL_InitTick
 .text.LL_GPIO_SetPinMode
                0x0800dca8       0x7a stm32f4xx_ll_gpio.o
 .text.LL_GPIO_SetPinOutputType
                0x0800dd22       0x30 stm32f4xx_ll_gpio.o
 .text.LL_GPIO_SetPinSpeed
                0x0800dd52       0x7a stm32f4xx_ll_gpio.o
 .text.LL_GPIO_SetPinPull
                0x0800ddcc       0x7a stm32f4xx_ll_gpio.o
 .text.LL_GPIO_SetAFPin_0_7
                0x0800de46       0x7a stm32f4xx_ll_gpio.o
 .text.LL_GPIO_SetAFPin_8_15
                0x0800dec0       0x7e stm32f4xx_ll_gpio.o
 .text.LL_GPIO_Init
                0x0800df3e      0x102 stm32f4xx_ll_gpio.o
                0x0800df3e                LL_GPIO_Init
 .text.LL_ADC_SetCommonClock
                0x0800e040       0x26 stm32f4xx_ll_adc.o
 .text.LL_ADC_REG_SetSequencerLength
                0x0800e066       0x26 stm32f4xx_ll_adc.o
 .text.LL_ADC_INJ_SetSequencerLength
                0x0800e08c       0x26 stm32f4xx_ll_adc.o
 .text.LL_ADC_IsEnabled
                0x0800e0b2       0x26 stm32f4xx_ll_adc.o
 .text.LL_ADC_CommonInit
                0x0800e0d8       0x3c stm32f4xx_ll_adc.o
                0x0800e0d8                LL_ADC_CommonInit
 .text.LL_ADC_Init
                0x0800e114       0x58 stm32f4xx_ll_adc.o
                0x0800e114                LL_ADC_Init
 .text.LL_ADC_REG_Init
                0x0800e16c       0x84 stm32f4xx_ll_adc.o
                0x0800e16c                LL_ADC_REG_Init
 .text.LL_ADC_INJ_Init
                0x0800e1f0       0x80 stm32f4xx_ll_adc.o
                0x0800e1f0                LL_ADC_INJ_Init
 .text.LL_RCC_GetSysClkSource
                0x0800e270       0x1c stm32f4xx_ll_rcc.o
 .text.LL_RCC_GetAHBPrescaler
                0x0800e28c       0x1c stm32f4xx_ll_rcc.o
 .text.LL_RCC_GetAPB1Prescaler
                0x0800e2a8       0x1c stm32f4xx_ll_rcc.o
 .text.LL_RCC_GetAPB2Prescaler
                0x0800e2c4       0x1c stm32f4xx_ll_rcc.o
 .text.LL_RCC_PLL_GetMainSource
                0x0800e2e0       0x1c stm32f4xx_ll_rcc.o
 .text.LL_RCC_PLL_GetN
                0x0800e2fc       0x1c stm32f4xx_ll_rcc.o
 .text.LL_RCC_PLL_GetP
                0x0800e318       0x1c stm32f4xx_ll_rcc.o
 .text.LL_RCC_PLL_GetDivider
                0x0800e334       0x1c stm32f4xx_ll_rcc.o
 .text.LL_RCC_GetSystemClocksFreq
                0x0800e350       0x4a stm32f4xx_ll_rcc.o
                0x0800e350                LL_RCC_GetSystemClocksFreq
 *fill*         0x0800e39a        0x2 
 .text.RCC_GetSystemClockFreq
                0x0800e39c       0x50 stm32f4xx_ll_rcc.o
                0x0800e39c                RCC_GetSystemClockFreq
 .text.RCC_GetHCLKClockFreq
                0x0800e3ec       0x2c stm32f4xx_ll_rcc.o
                0x0800e3ec                RCC_GetHCLKClockFreq
 .text.RCC_GetPCLK1ClockFreq
                0x0800e418       0x28 stm32f4xx_ll_rcc.o
                0x0800e418                RCC_GetPCLK1ClockFreq
 .text.RCC_GetPCLK2ClockFreq
                0x0800e440       0x28 stm32f4xx_ll_rcc.o
                0x0800e440                RCC_GetPCLK2ClockFreq
 .text.RCC_PLL_GetFreqDomain_SYS
                0x0800e468       0x7c stm32f4xx_ll_rcc.o
                0x0800e468                RCC_PLL_GetFreqDomain_SYS
 .text.LL_SetSystemCoreClock
                0x0800e4e4       0x20 stm32f4xx_ll_utils.o
                0x0800e4e4                LL_SetSystemCoreClock
 .text.LL_EXTI_EnableIT_0_31
                0x0800e504       0x24 stm32f4xx_ll_exti.o
 .text.LL_EXTI_DisableIT_0_31
                0x0800e528       0x28 stm32f4xx_ll_exti.o
 .text.LL_EXTI_EnableEvent_0_31
                0x0800e550       0x24 stm32f4xx_ll_exti.o
 .text.LL_EXTI_DisableEvent_0_31
                0x0800e574       0x28 stm32f4xx_ll_exti.o
 .text.LL_EXTI_EnableRisingTrig_0_31
                0x0800e59c       0x24 stm32f4xx_ll_exti.o
 .text.LL_EXTI_DisableRisingTrig_0_31
                0x0800e5c0       0x28 stm32f4xx_ll_exti.o
 .text.LL_EXTI_EnableFallingTrig_0_31
                0x0800e5e8       0x24 stm32f4xx_ll_exti.o
 .text.LL_EXTI_DisableFallingTrig_0_31
                0x0800e60c       0x28 stm32f4xx_ll_exti.o
 .text.LL_EXTI_Init
                0x0800e634       0xfe stm32f4xx_ll_exti.o
                0x0800e634                LL_EXTI_Init
 *fill*         0x0800e732        0x2 
 .text.HAL_RCC_GetHCLKFreq
                0x0800e734       0x18 stm32f4xx_hal_rcc.o
                0x0800e734                HAL_RCC_GetHCLKFreq
 .text.HAL_RCC_GetPCLK1Freq
                0x0800e74c       0x28 stm32f4xx_hal_rcc.o
                0x0800e74c                HAL_RCC_GetPCLK1Freq
 .text.HAL_RCC_GetClockConfig
                0x0800e774       0x64 stm32f4xx_hal_rcc.o
                0x0800e774                HAL_RCC_GetClockConfig
 .text.__NVIC_SetPriorityGrouping
                0x0800e7d8       0x48 stm32f4xx_hal_cortex.o
 .text.__NVIC_GetPriorityGrouping
                0x0800e820       0x1c stm32f4xx_hal_cortex.o
 .text.__NVIC_EnableIRQ
                0x0800e83c       0x3c stm32f4xx_hal_cortex.o
 .text.__NVIC_SetPriority
                0x0800e878       0x54 stm32f4xx_hal_cortex.o
 .text.NVIC_EncodePriority
                0x0800e8cc       0x66 stm32f4xx_hal_cortex.o
 .text.HAL_NVIC_SetPriorityGrouping
                0x0800e932       0x16 stm32f4xx_hal_cortex.o
                0x0800e932                HAL_NVIC_SetPriorityGrouping
 .text.HAL_NVIC_SetPriority
                0x0800e948       0x38 stm32f4xx_hal_cortex.o
                0x0800e948                HAL_NVIC_SetPriority
 .text.HAL_NVIC_EnableIRQ
                0x0800e980       0x1c stm32f4xx_hal_cortex.o
                0x0800e980                HAL_NVIC_EnableIRQ
 .text.HAL_Init
                0x0800e99c       0x44 stm32f4xx_hal.o
                0x0800e99c                HAL_Init
 .text.HAL_IncTick
                0x0800e9e0       0x28 stm32f4xx_hal.o
                0x0800e9e0                HAL_IncTick
 .text.HAL_GetTick
                0x0800ea08       0x18 stm32f4xx_hal.o
                0x0800ea08                HAL_GetTick
 .text.HAL_TIM_Base_Init
                0x0800ea20       0x9e stm32f4xx_hal_tim.o
                0x0800ea20                HAL_TIM_Base_Init
 .text.HAL_TIM_Base_MspInit
                0x0800eabe       0x14 stm32f4xx_hal_tim.o
                0x0800eabe                HAL_TIM_Base_MspInit
 *fill*         0x0800ead2        0x2 
 .text.HAL_TIM_Base_Start_IT
                0x0800ead4       0xc4 stm32f4xx_hal_tim.o
                0x0800ead4                HAL_TIM_Base_Start_IT
 .text.HAL_TIM_IRQHandler
                0x0800eb98      0x210 stm32f4xx_hal_tim.o
                0x0800eb98                HAL_TIM_IRQHandler
 .text.HAL_TIM_OC_DelayElapsedCallback
                0x0800eda8       0x14 stm32f4xx_hal_tim.o
                0x0800eda8                HAL_TIM_OC_DelayElapsedCallback
 .text.HAL_TIM_IC_CaptureCallback
                0x0800edbc       0x14 stm32f4xx_hal_tim.o
                0x0800edbc                HAL_TIM_IC_CaptureCallback
 .text.HAL_TIM_PWM_PulseFinishedCallback
                0x0800edd0       0x14 stm32f4xx_hal_tim.o
                0x0800edd0                HAL_TIM_PWM_PulseFinishedCallback
 .text.HAL_TIM_TriggerCallback
                0x0800ede4       0x14 stm32f4xx_hal_tim.o
                0x0800ede4                HAL_TIM_TriggerCallback
 .text.TIM_Base_SetConfig
                0x0800edf8      0x100 stm32f4xx_hal_tim.o
                0x0800edf8                TIM_Base_SetConfig
 .text.HAL_TIMEx_CommutCallback
                0x0800eef8       0x14 stm32f4xx_hal_tim_ex.o
                0x0800eef8                HAL_TIMEx_CommutCallback
 .text.HAL_TIMEx_BreakCallback
                0x0800ef0c       0x14 stm32f4xx_hal_tim_ex.o
                0x0800ef0c                HAL_TIMEx_BreakCallback
 .text.LL_TIM_SetPrescaler
                0x0800ef20       0x1c stm32f4xx_ll_tim.o
 .text.LL_TIM_SetAutoReload
                0x0800ef3c       0x1c stm32f4xx_ll_tim.o
 .text.LL_TIM_SetRepetitionCounter
                0x0800ef58       0x1c stm32f4xx_ll_tim.o
 .text.LL_TIM_OC_SetCompareCH1
                0x0800ef74       0x1c stm32f4xx_ll_tim.o
 .text.LL_TIM_OC_SetCompareCH2
                0x0800ef90       0x1c stm32f4xx_ll_tim.o
 .text.LL_TIM_OC_SetCompareCH3
                0x0800efac       0x1c stm32f4xx_ll_tim.o
 .text.LL_TIM_OC_SetCompareCH4
                0x0800efc8       0x1c stm32f4xx_ll_tim.o
 .text.LL_TIM_GenerateEvent_UPDATE
                0x0800efe4       0x20 stm32f4xx_ll_tim.o
 .text.LL_TIM_Init
                0x0800f004       0xf4 stm32f4xx_ll_tim.o
                0x0800f004                LL_TIM_Init
 .text.LL_TIM_OC_Init
                0x0800f0f8       0x82 stm32f4xx_ll_tim.o
                0x0800f0f8                LL_TIM_OC_Init
 .text.LL_TIM_BDTR_Init
                0x0800f17a       0x92 stm32f4xx_ll_tim.o
                0x0800f17a                LL_TIM_BDTR_Init
 .text.OC1Config
                0x0800f20c       0xcc stm32f4xx_ll_tim.o
 .text.OC2Config
                0x0800f2d8       0xd4 stm32f4xx_ll_tim.o
 .text.OC3Config
                0x0800f3ac       0xd4 stm32f4xx_ll_tim.o
 .text.OC4Config
                0x0800f480       0xa4 stm32f4xx_ll_tim.o
 .text.LL_USART_IsEnabled
                0x0800f524       0x28 stm32f4xx_ll_usart.o
 .text.LL_USART_SetStopBitsLength
                0x0800f54c       0x26 stm32f4xx_ll_usart.o
 .text.LL_USART_SetHWFlowCtrl
                0x0800f572       0x26 stm32f4xx_ll_usart.o
 .text.LL_USART_SetBaudRate
                0x0800f598      0x45c stm32f4xx_ll_usart.o
 .text.LL_USART_Init
                0x0800f9f4       0xc8 stm32f4xx_ll_usart.o
                0x0800f9f4                LL_USART_Init
 .text.SystemInit
                0x0800fabc       0x24 system_stm32f4xx.o
                0x0800fabc                SystemInit
 .text.Reset_Handler
                0x0800fae0       0x50 startup_stm32f401retx.o
                0x0800fae0                Reset_Handler
 .text.Default_Handler
                0x0800fb30        0x2 startup_stm32f401retx.o
                0x0800fb30                RTC_Alarm_IRQHandler
                0x0800fb30                EXTI2_IRQHandler
                0x0800fb30                SPI4_IRQHandler
                0x0800fb30                TIM1_CC_IRQHandler
                0x0800fb30                DMA2_Stream5_IRQHandler
                0x0800fb30                PVD_IRQHandler
                0x0800fb30                SDIO_IRQHandler
                0x0800fb30                TAMP_STAMP_IRQHandler
                0x0800fb30                EXTI3_IRQHandler
                0x0800fb30                TIM1_UP_TIM10_IRQHandler
                0x0800fb30                I2C3_ER_IRQHandler
                0x0800fb30                EXTI0_IRQHandler
                0x0800fb30                I2C2_EV_IRQHandler
                0x0800fb30                DMA1_Stream2_IRQHandler
                0x0800fb30                FPU_IRQHandler
                0x0800fb30                DMA2_Stream2_IRQHandler
                0x0800fb30                SPI1_IRQHandler
                0x0800fb30                TIM1_BRK_TIM9_IRQHandler
                0x0800fb30                DMA2_Stream3_IRQHandler
                0x0800fb30                USART6_IRQHandler
                0x0800fb30                TIM4_IRQHandler
                0x0800fb30                I2C1_EV_IRQHandler
                0x0800fb30                DMA1_Stream6_IRQHandler
                0x0800fb30                DMA1_Stream1_IRQHandler
                0x0800fb30                TIM3_IRQHandler
                0x0800fb30                RCC_IRQHandler
                0x0800fb30                Default_Handler
                0x0800fb30                DMA1_Stream7_IRQHandler
                0x0800fb30                DMA2_Stream7_IRQHandler
                0x0800fb30                I2C3_EV_IRQHandler
                0x0800fb30                EXTI9_5_IRQHandler
                0x0800fb30                RTC_WKUP_IRQHandler
                0x0800fb30                SPI2_IRQHandler
                0x0800fb30                DMA1_Stream0_IRQHandler
                0x0800fb30                EXTI4_IRQHandler
                0x0800fb30                WWDG_IRQHandler
                0x0800fb30                TIM2_IRQHandler
                0x0800fb30                OTG_FS_WKUP_IRQHandler
                0x0800fb30                TIM1_TRG_COM_TIM11_IRQHandler
                0x0800fb30                EXTI1_IRQHandler
                0x0800fb30                I2C2_ER_IRQHandler
                0x0800fb30                DMA2_Stream1_IRQHandler
                0x0800fb30                FLASH_IRQHandler
                0x0800fb30                DMA2_Stream4_IRQHandler
                0x0800fb30                USART1_IRQHandler
                0x0800fb30                OTG_FS_IRQHandler
                0x0800fb30                SPI3_IRQHandler
                0x0800fb30                DMA1_Stream4_IRQHandler
                0x0800fb30                I2C1_ER_IRQHandler
                0x0800fb30                DMA2_Stream6_IRQHandler
                0x0800fb30                DMA1_Stream3_IRQHandler
 *fill*         0x0800fb32        0x2 
 .text.fmod     0x0800fb34       0x6c c:/programdata/matlab/supportpackages/r2024a/3p.instrset/gnuarm-armcortex.instrset/win/bin/../lib/gcc/arm-none-eabi/11.3.1/thumb/v7e-m+fp/hard\libm.a(libm_a-w_fmod.o)
                0x0800fb34                fmod
 .text.fmin     0x0800fba0       0x50 c:/programdata/matlab/supportpackages/r2024a/3p.instrset/gnuarm-armcortex.instrset/win/bin/../lib/gcc/arm-none-eabi/11.3.1/thumb/v7e-m+fp/hard\libm.a(libm_a-s_fmin.o)
                0x0800fba0                fmin
 .text.__fpclassifyd
                0x0800fbf0       0x54 c:/programdata/matlab/supportpackages/r2024a/3p.instrset/gnuarm-armcortex.instrset/win/bin/../lib/gcc/arm-none-eabi/11.3.1/thumb/v7e-m+fp/hard\libm.a(libm_a-s_fpclassify.o)
                0x0800fbf0                __fpclassifyd
 *fill*         0x0800fc44        0x4 
 .text.floor    0x0800fc48      0x118 c:/programdata/matlab/supportpackages/r2024a/3p.instrset/gnuarm-armcortex.instrset/win/bin/../lib/gcc/arm-none-eabi/11.3.1/thumb/v7e-m+fp/hard\libm.a(libm_a-s_floor.o)
                0x0800fc48                floor
 .text.__ieee754_fmod
                0x0800fd60      0x27c c:/programdata/matlab/supportpackages/r2024a/3p.instrset/gnuarm-armcortex.instrset/win/bin/../lib/gcc/arm-none-eabi/11.3.1/thumb/v7e-m+fp/hard\libm.a(libm_a-e_fmod.o)
                0x0800fd60                __ieee754_fmod
 .text.__udivmoddi4
                0x0800ffdc      0x2c8 c:/programdata/matlab/supportpackages/r2024a/3p.instrset/gnuarm-armcortex.instrset/win/bin/../lib/gcc/arm-none-eabi/11.3.1/thumb/v7e-m+fp/hard\libgcc.a(_udivmoddi4.o)
                0x0800ffdc                __udivmoddi4
 .text.memset   0x080102a4       0x10 c:/programdata/matlab/supportpackages/r2024a/3p.instrset/gnuarm-armcortex.instrset/win/bin/../lib/gcc/arm-none-eabi/11.3.1/thumb/v7e-m+fp/hard\libg_nano.a(libc_a-memset.o)
                0x080102a4                memset
 .text.__errno  0x080102b4        0xc c:/programdata/matlab/supportpackages/r2024a/3p.instrset/gnuarm-armcortex.instrset/win/bin/../lib/gcc/arm-none-eabi/11.3.1/thumb/v7e-m+fp/hard\libg_nano.a(libc_a-errno.o)
                0x080102b4                __errno
 .text.__libc_init_array
                0x080102c0       0x48 c:/programdata/matlab/supportpackages/r2024a/3p.instrset/gnuarm-armcortex.instrset/win/bin/../lib/gcc/arm-none-eabi/11.3.1/thumb/v7e-m+fp/hard\libg_nano.a(libc_a-init.o)
                0x080102c0                __libc_init_array
 .text.memcpy   0x08010308       0x1c c:/programdata/matlab/supportpackages/r2024a/3p.instrset/gnuarm-armcortex.instrset/win/bin/../lib/gcc/arm-none-eabi/11.3.1/thumb/v7e-m+fp/hard\libg_nano.a(libc_a-memcpy-stub.o)
                0x08010308                memcpy
 *(.glue_7)
 .glue_7        0x08010324        0x0 linker stubs
 *(.glue_7t)
 .glue_7t       0x08010324        0x0 linker stubs
 *(.eh_frame)
 .eh_frame      0x08010324        0x0 c:/programdata/matlab/supportpackages/r2024a/3p.instrset/gnuarm-armcortex.instrset/win/bin/../lib/gcc/arm-none-eabi/11.3.1/thumb/v7e-m+fp/hard/crtbegin.o
 *(.init)
 .init          0x08010324        0x4 c:/programdata/matlab/supportpackages/r2024a/3p.instrset/gnuarm-armcortex.instrset/win/bin/../lib/gcc/arm-none-eabi/11.3.1/thumb/v7e-m+fp/hard/crti.o
                0x08010324                _init
 .init          0x08010328        0x8 c:/programdata/matlab/supportpackages/r2024a/3p.instrset/gnuarm-armcortex.instrset/win/bin/../lib/gcc/arm-none-eabi/11.3.1/thumb/v7e-m+fp/hard/crtn.o
 *(.fini)
 .fini          0x08010330        0x4 c:/programdata/matlab/supportpackages/r2024a/3p.instrset/gnuarm-armcortex.instrset/win/bin/../lib/gcc/arm-none-eabi/11.3.1/thumb/v7e-m+fp/hard/crti.o
                0x08010330                _fini
 .fini          0x08010334        0x8 c:/programdata/matlab/supportpackages/r2024a/3p.instrset/gnuarm-armcortex.instrset/win/bin/../lib/gcc/arm-none-eabi/11.3.1/thumb/v7e-m+fp/hard/crtn.o
                0x0801033c                . = ALIGN (0x4)
                0x0801033c                _etext = .

.vfp11_veneer   0x0801033c        0x0
 .vfp11_veneer  0x0801033c        0x0 linker stubs

.v4_bx          0x0801033c        0x0
 .v4_bx         0x0801033c        0x0 linker stubs

.iplt           0x0801033c        0x0
 .iplt          0x0801033c        0x0 c:/programdata/matlab/supportpackages/r2024a/3p.instrset/gnuarm-armcortex.instrset/win/bin/../lib/gcc/arm-none-eabi/11.3.1/thumb/v7e-m+fp/hard/crtbegin.o

.rodata         0x08010340     0x29e0
                0x08010340                . = ALIGN (0x4)
 *(.rodata)
 .rodata        0x08010340      0x2b9 xcp_ext_mode.o
 *fill*         0x080105f9        0x3 
 .rodata        0x080105fc      0x12e xcp_ext_common.o
 *fill*         0x0801072a        0x2 
 .rodata        0x0801072c       0x4c xcp_ext_classic_trigger.o
 .rodata        0x08010778      0x278 xcp.o
 .rodata        0x080109f0      0x3a9 xcp_standard.o
 *fill*         0x08010d99        0x3 
 .rodata        0x08010d9c     0x1010 xcp_daq.o
 .rodata        0x08011dac       0xdd xcp_calibration.o
 *fill*         0x08011e89        0x3 
 .rodata        0x08011e8c      0x56e xcp_transport.o
 *fill*         0x080123fa        0x2 
 .rodata        0x080123fc       0xf5 xcp_mem_default.o
 *fill*         0x080124f1        0x3 
 .rodata        0x080124f4      0x228 xcp_drv_rtiostream.o
 .rodata        0x0801271c      0x4aa xcp_frame_serial.o
 *(.rodata*)
 *fill*         0x08012bc6        0x2 
 .rodata.Testerr_M
                0x08012bc8        0x4 Testerr.o
                0x08012bc8                Testerr_M
 .rodata.rtAlwaysEnabled.0
                0x08012bcc        0x1 Testerr.o
 *fill*         0x08012bcd        0x3 
 .rodata.standardSupportedRxPacket
                0x08012bd0       0x54 xcp_standard.o
 .rodata.daqSupportedRxPacket
                0x08012c24       0x9c xcp_daq.o
 .rodata.calibrationSupportedRxPacket
                0x08012cc0       0x18 xcp_calibration.o
 .rodata.STREAM_OFFSET_TAB
                0x08012cd8        0x8 stm_usart.o
 .rodata.STREAM_OFFSET_TAB
                0x08012ce0        0x8 main.o
 .rodata.OFFSET_TAB_CCMRx
                0x08012ce8        0x7 main.o
 *fill*         0x08012cef        0x1 
 .rodata.SHIFT_TAB_OCxx
                0x08012cf0        0x7 main.o
 *fill*         0x08012cf7        0x1 
 .rodata.AHBPrescTable
                0x08012cf8       0x10 system_stm32f4xx.o
                0x08012cf8                AHBPrescTable
 .rodata.APBPrescTable
                0x08012d08        0x8 system_stm32f4xx.o
                0x08012d08                APBPrescTable
 .rodata.Zero   0x08012d10       0x10 c:/programdata/matlab/supportpackages/r2024a/3p.instrset/gnuarm-armcortex.instrset/win/bin/../lib/gcc/arm-none-eabi/11.3.1/thumb/v7e-m+fp/hard\libm.a(libm_a-e_fmod.o)
                0x08012d20                . = ALIGN (0x4)

.ARM.extab      0x08012d20        0x0
                0x08012d20                . = ALIGN (0x4)
 *(.ARM.extab* .gnu.linkonce.armextab.*)
                0x08012d20                . = ALIGN (0x4)

.ARM            0x08012d20        0x8
                0x08012d20                . = ALIGN (0x4)
                0x08012d20                __exidx_start = .
 *(.ARM.exidx*)
 .ARM.exidx.text.__udivmoddi4
                0x08012d20        0x8 c:/programdata/matlab/supportpackages/r2024a/3p.instrset/gnuarm-armcortex.instrset/win/bin/../lib/gcc/arm-none-eabi/11.3.1/thumb/v7e-m+fp/hard\libgcc.a(_udivmoddi4.o)
                0x08012d28                __exidx_end = .
                0x08012d28                . = ALIGN (0x4)

.rel.dyn        0x08012d28        0x0
 .rel.iplt      0x08012d28        0x0 c:/programdata/matlab/supportpackages/r2024a/3p.instrset/gnuarm-armcortex.instrset/win/bin/../lib/gcc/arm-none-eabi/11.3.1/thumb/v7e-m+fp/hard/crtbegin.o

.preinit_array  0x08012d28        0x0
                0x08012d28                . = ALIGN (0x4)
                0x08012d28                PROVIDE (__preinit_array_start = .)
 *(.preinit_array*)
                0x08012d28                PROVIDE (__preinit_array_end = .)
                0x08012d28                . = ALIGN (0x4)

.init_array     0x08012d28        0x4
                0x08012d28                . = ALIGN (0x4)
                0x08012d28                PROVIDE (__init_array_start = .)
 *(SORT_BY_NAME(.init_array.*))
 *(.init_array*)
 .init_array    0x08012d28        0x4 c:/programdata/matlab/supportpackages/r2024a/3p.instrset/gnuarm-armcortex.instrset/win/bin/../lib/gcc/arm-none-eabi/11.3.1/thumb/v7e-m+fp/hard/crtbegin.o
                0x08012d2c                PROVIDE (__init_array_end = .)
                0x08012d2c                . = ALIGN (0x4)

.fini_array     0x08012d2c        0x4
                0x08012d2c                . = ALIGN (0x4)
                [!provide]                PROVIDE (__fini_array_start = .)
 *(SORT_BY_NAME(.fini_array.*))
 *(.fini_array*)
 .fini_array    0x08012d2c        0x4 c:/programdata/matlab/supportpackages/r2024a/3p.instrset/gnuarm-armcortex.instrset/win/bin/../lib/gcc/arm-none-eabi/11.3.1/thumb/v7e-m+fp/hard/crtbegin.o
                [!provide]                PROVIDE (__fini_array_end = .)
                0x08012d30                . = ALIGN (0x4)
                0x08012d30                _sidata = LOADADDR (.data)

.data           0x20000000      0x308 load address 0x08012d30
                0x20000000                . = ALIGN (0x4)
                0x20000000                _sdata = .
 *(.data)
 *(.data*)
 .data.Testerr_P
                0x20000000      0x218 Testerr_data.o
                0x20000000                Testerr_P
 .data.rtInf    0x20000218        0x8 rt_nonfinite.o
                0x20000218                rtInf
 .data.rtMinusInf
                0x20000220        0x8 rt_nonfinite.o
                0x20000220                rtMinusInf
 .data.xcpExtmodeFinalSimulationTime
                0x20000228        0x8 xcp_ext_common.o
                0x20000228                xcpExtmodeFinalSimulationTime
 .data.xcpClassicTriggerDuration
                0x20000230        0x4 xcp_ext_classic_trigger.o
                0x20000230                xcpClassicTriggerDuration
 .data.xcpClassicTriggerArmRequest
                0x20000234        0x1 xcp_ext_classic_trigger.o
                0x20000234                xcpClassicTriggerArmRequest
 *fill*         0x20000235        0x3 
 .data.startStopDaqListId
                0x20000238        0x4 xcp_daq.o
 .data.xcpCurrentDaq
                0x2000023c        0x4 xcp_daq.o
 .data.xcpEventCustomMemoryManager
                0x20000240        0xc xcp_daq.o
 .data.xcpCtoReservedMemPoolId
                0x2000024c        0x4 xcp_transport.o
 .data.xcpMemMainBlockSizes
                0x20000250        0xc xcp_mem_default.o
 .data.xcpMemMainBlocksNumber
                0x2000025c        0xc xcp_mem_default.o
 .data.drvID    0x20000268        0x4 xcp_drv_rtiostream.o
 .data.xcpCtoReservedMemPoolId
                0x2000026c        0x4 xcp_frame_serial.o
 .data.uartObj  0x20000270       0x40 rtiostream_serial.o
                0x20000270                uartObj
 .data.uwTickFreq
                0x200002b0        0x1 stm32f4xx_hal.o
                0x200002b0                uwTickFreq
 *fill*         0x200002b1        0x3 
 .data.SystemCoreClock
                0x200002b4        0x4 system_stm32f4xx.o
                0x200002b4                SystemCoreClock
 .data._impure_data
                0x200002b8       0x4c c:/programdata/matlab/supportpackages/r2024a/3p.instrset/gnuarm-armcortex.instrset/win/bin/../lib/gcc/arm-none-eabi/11.3.1/thumb/v7e-m+fp/hard\libg_nano.a(libc_a-impure.o)
                0x200002b8                _impure_data
 .data._impure_ptr
                0x20000304        0x4 c:/programdata/matlab/supportpackages/r2024a/3p.instrset/gnuarm-armcortex.instrset/win/bin/../lib/gcc/arm-none-eabi/11.3.1/thumb/v7e-m+fp/hard\libg_nano.a(libc_a-impure.o)
                0x20000304                _impure_ptr
 *(.RamFunc)
 *(.RamFunc*)
                0x20000308                . = ALIGN (0x4)
                0x20000308                _edata = .

.tm_clone_table
                0x20000308        0x0 load address 0x08013038
 .tm_clone_table
                0x20000308        0x0 c:/programdata/matlab/supportpackages/r2024a/3p.instrset/gnuarm-armcortex.instrset/win/bin/../lib/gcc/arm-none-eabi/11.3.1/thumb/v7e-m+fp/hard/crtbegin.o
 .tm_clone_table
                0x20000308        0x0 c:/programdata/matlab/supportpackages/r2024a/3p.instrset/gnuarm-armcortex.instrset/win/bin/../lib/gcc/arm-none-eabi/11.3.1/thumb/v7e-m+fp/hard/crtend.o

.igot.plt       0x20000308        0x0 load address 0x08013038
 .igot.plt      0x20000308        0x0 c:/programdata/matlab/supportpackages/r2024a/3p.instrset/gnuarm-armcortex.instrset/win/bin/../lib/gcc/arm-none-eabi/11.3.1/thumb/v7e-m+fp/hard/crtbegin.o
                0x20000308                . = ALIGN (0x4)

.bss            0x20000308     0x1414 load address 0x08013038
                0x20000308                _sbss = .
                0x20000308                __bss_start__ = _sbss
 *(.bss)
 *(.bss*)
 .bss.completed.1
                0x20000308        0x1 c:/programdata/matlab/supportpackages/r2024a/3p.instrset/gnuarm-armcortex.instrset/win/bin/../lib/gcc/arm-none-eabi/11.3.1/thumb/v7e-m+fp/hard/crtbegin.o
 *fill*         0x20000309        0x3 
 .bss.object.0  0x2000030c       0x18 c:/programdata/matlab/supportpackages/r2024a/3p.instrset/gnuarm-armcortex.instrset/win/bin/../lib/gcc/arm-none-eabi/11.3.1/thumb/v7e-m+fp/hard/crtbegin.o
 .bss.mw_tim1   0x20000324       0x8c stm_timer_ll.o
                0x20000324                mw_tim1
 .bss.mw_tim2   0x200003b0       0x8c stm_timer_ll.o
                0x200003b0                mw_tim2
 .bss.mw_adc1   0x2000043c       0x1c stm_adc_ll.o
                0x2000043c                mw_adc1
 .bss.xcpCustomTriggerFunction
                0x20000458        0x8 xcp_ext_mode.o
 .bss.currentTime
                0x20000460        0x8 Testerr.o
                0x20000460                currentTime
 .bss.Testerr_B
                0x20000468       0x30 Testerr.o
                0x20000468                Testerr_B
 .bss.Testerr_DW
                0x20000498       0xf0 Testerr.o
                0x20000498                Testerr_DW
 .bss.Testerr_M_
                0x20000588       0x68 Testerr.o
 .bss.rt_ExtModeInfo.2
                0x200005f0       0x14 Testerr.o
 .bss.systemRan.1
                0x20000604      0x188 Testerr.o
 .bss.IsrOverrun
                0x2000078c        0x4 ert_main.o
                0x2000078c                IsrOverrun
 .bss.isRateRunning
                0x20000790        0x2 ert_main.o
                0x20000790                isRateRunning
 *fill*         0x20000792        0x2 
 .bss.need2runFlags
                0x20000794        0x2 ert_main.o
                0x20000794                need2runFlags
 .bss.stopRequested
                0x20000796        0x1 ert_main.o
                0x20000796                stopRequested
 .bss.runModel  0x20000797        0x1 ert_main.o
                0x20000797                runModel
 .bss.xcpModelStartRequest
                0x20000798        0x1 xcp_ext_common.o
                0x20000798                xcpModelStartRequest
 .bss.xcpModelStopRequest
                0x20000799        0x1 xcp_ext_common.o
                0x20000799                xcpModelStopRequest
 .bss.xcpModelStatus
                0x2000079a        0x1 xcp_ext_common.o
                0x2000079a                xcpModelStatus
 *fill*         0x2000079b        0x1 
 .bss.xcpModelChecksum0
                0x2000079c        0x4 xcp_ext_common.o
                0x2000079c                xcpModelChecksum0
 .bss.xcpModelChecksum1
                0x200007a0        0x4 xcp_ext_common.o
                0x200007a0                xcpModelChecksum1
 .bss.xcpModelChecksum2
                0x200007a4        0x4 xcp_ext_common.o
                0x200007a4                xcpModelChecksum2
 .bss.xcpModelChecksum3
                0x200007a8        0x4 xcp_ext_common.o
                0x200007a8                xcpModelChecksum3
 .bss.xcpModelIntegerCode
                0x200007ac        0x4 xcp_ext_common.o
                0x200007ac                xcpModelIntegerCode
 .bss.xcpExtmodeSimulationComplete
                0x200007b0        0x1 xcp_ext_common.o
                0x200007b0                xcpExtmodeSimulationComplete
 *fill*         0x200007b1        0x7 
 .bss.xcpDummyDoubleVariable
                0x200007b8        0x8 xcp_ext_common.o
                0x200007b8                xcpDummyDoubleVariable
 .bss.xcpCurrentSimulationTimeInMs
                0x200007c0        0x8 xcp_ext_common.o
                0x200007c0                xcpCurrentSimulationTimeInMs
 .bss.xcpBaseRateSimulationTime
                0x200007c8        0x8 xcp_ext_common.o
 .bss.xcpClassicTriggerEventId
                0x200007d0        0x2 xcp_ext_classic_trigger.o
                0x200007d0                xcpClassicTriggerEventId
 *fill*         0x200007d2        0x2 
 .bss.xcpClassicTriggerSignalAddress
                0x200007d4        0x4 xcp_ext_classic_trigger.o
                0x200007d4                xcpClassicTriggerSignalAddress
 .bss.xcpClassicTriggerSignalAddressExtension
                0x200007d8        0x1 xcp_ext_classic_trigger.o
                0x200007d8                xcpClassicTriggerSignalAddressExtension
 *fill*         0x200007d9        0x7 
 .bss.xcpClassicTriggerLevel
                0x200007e0        0x8 xcp_ext_classic_trigger.o
                0x200007e0                xcpClassicTriggerLevel
 .bss.xcpClassicTriggerHoldOff
                0x200007e8        0x4 xcp_ext_classic_trigger.o
                0x200007e8                xcpClassicTriggerHoldOff
 .bss.xcpClassicTriggerDelay
                0x200007ec        0x4 xcp_ext_classic_trigger.o
                0x200007ec                xcpClassicTriggerDelay
 .bss.xcpClassicTriggerDirection
                0x200007f0        0x1 xcp_ext_classic_trigger.o
                0x200007f0                xcpClassicTriggerDirection
 .bss.xcpClassicTriggerCancelRequest
                0x200007f1        0x1 xcp_ext_classic_trigger.o
                0x200007f1                xcpClassicTriggerCancelRequest
 .bss.xcpClassicTriggerSource
                0x200007f2        0x1 xcp_ext_classic_trigger.o
                0x200007f2                xcpClassicTriggerSource
 .bss.xcpClassicTriggerMode
                0x200007f3        0x1 xcp_ext_classic_trigger.o
                0x200007f3                xcpClassicTriggerMode
 .bss.xcpClassicTriggerStatus
                0x200007f4        0x1 xcp_ext_classic_trigger.o
                0x200007f4                xcpClassicTriggerStatus
 *fill*         0x200007f5        0x3 
 .bss.xcpOldSignalValue
                0x200007f8        0x8 xcp_ext_classic_trigger.o
 .bss.xcpOldSignalValueAvailable
                0x20000800        0x1 xcp_ext_classic_trigger.o
 .bss.xcpOldClassicTriggerSource
                0x20000801        0x1 xcp_ext_classic_trigger.o
 .bss.xcpTriggerEnabled
                0x20000802        0x1 xcp_ext_classic_trigger.o
 .bss.xcpSignalTriggerFired
                0x20000803        0x1 xcp_ext_classic_trigger.o
 .bss.xcpTriggerCount
                0x20000804        0x4 xcp_ext_classic_trigger.o
 .bss.xcpForcedTriggerEnabled
                0x20000808        0x1 xcp_ext_classic_trigger.o
 .bss.xcpForceTriggerEnableRequest
                0x20000809        0x1 xcp_ext_classic_trigger.o
 .bss.initialized
                0x2000080a        0x1 xcp.o
 .bss.xcpStatus
                0x2000080b        0x1 xcp.o
 .bss.xcpSessionStatus
                0x2000080c        0x1 xcp.o
 .bss.xcpResourceProtectionStatus
                0x2000080d        0x1 xcp.o
 .bss.xcpSessionConfigurationId
                0x2000080e        0x2 xcp.o
 .bss.groupPacketLookup
                0x20000810       0x10 xcp.o
 .bss.xcpMta    0x20000820        0x8 xcp_standard.o
 .bss.xcpUploadSize
                0x20000828        0x1 xcp_standard.o
 *fill*         0x20000829        0x3 
 .bss.packetLookup
                0x2000082c        0x4 xcp_standard.o
 .bss.xcpDynamicDaqLists
                0x20000830        0x8 xcp_daq.o
 .bss.xcpRunningEventCounter
                0x20000838        0x4 xcp_daq.o
 .bss.daqLock   0x2000083c        0x4 xcp_daq.o
 .bss.packetLookup
                0x20000840        0x4 xcp_daq.o
 .bss.packetLookup
                0x20000844        0x4 xcp_calibration.o
 .bss.txFifo    0x20000848       0x10 xcp_transport.o
 .bss.txLock    0x20000858        0x4 xcp_transport.o
 .bss.rxFifo    0x2000085c        0x8 xcp_transport.o
 .bss.rxLock    0x20000864        0x4 xcp_transport.o
 .bss.initialized
                0x20000868        0x1 xcp_transport.o
 *fill*         0x20000869        0x3 
 .bss.xcpMemPoolDescriptors
                0x2000086c       0xc0 xcp_mem_default.o
 .bss.xcpMemCustomPoolDescriptors
                0x2000092c        0x8 xcp_mem_default.o
 .bss.xcpMemMainChunk
                0x20000934      0x3a7 xcp_mem_default.o
 *fill*         0x20000cdb        0x1 
 .bss.xcpMemReservedPoolsChunk
                0x20000cdc      0x445 xcp_mem_default.o
 *fill*         0x20001121        0x3 
 .bss.xcpMemReservedPoolsChunkUsedBytes
                0x20001124        0x4 xcp_mem_default.o
 .bss.xcpMemLock
                0x20001128        0x4 xcp_mem_default.o
 .bss.forceBlocking
                0x2000112c        0x1 xcp_drv_rtiostream.o
 *fill*         0x2000112d        0x1 
 .bss.txCounter
                0x2000112e        0x2 xcp_frame_serial.o
 .bss.rxCounter
                0x20001130        0x2 xcp_frame_serial.o
 *fill*         0x20001132        0x2 
 .bss.firstRxCounterReceived
                0x20001134        0x4 xcp_frame_serial.o
 .bss.initialized
                0x20001138        0x1 xcp_frame_serial.o
 *fill*         0x20001139        0x3 
 .bss.timestampInitialized
                0x2000113c        0x4 platform_timer.o
 .bss.timestampStartTime
                0x20001140        0x4 platform_timer.o
 .bss.schdl_counter
                0x20001144        0x4 SysTickScheduler.o
                0x20001144                schdl_counter
 .bss.schdl_counter_max
                0x20001148        0x4 SysTickScheduler.o
                0x20001148                schdl_counter_max
 .bss.taskToSchedule
                0x2000114c        0x4 m3m4m4f_multitasking.o
                0x2000114c                taskToSchedule
 .bss.mw_ext_h  0x20001150        0x4 rtiostream_serial.o
                0x20001150                mw_ext_h
 .bss.UARTRxBuffer
                0x20001154        0x4 rtiostream_serial.o
                0x20001154                UARTRxBuffer
 .bss.mw_usart2
                0x20001158       0x40 stm_usart.o
                0x20001158                mw_usart2
 .bss.USART2ReceiveBuffer
                0x20001198      0x400 stm_usart.o
                0x20001198                USART2ReceiveBuffer
 .bss.htim5     0x20001598       0x48 stm32f4xx_hal_timebase_tim.o
                0x20001598                htim5
 .bss.uwTick    0x200015e0        0x4 stm32f4xx_hal.o
                0x200015e0                uwTick
 .bss.__sf      0x200015e4      0x138 c:/programdata/matlab/supportpackages/r2024a/3p.instrset/gnuarm-armcortex.instrset/win/bin/../lib/gcc/arm-none-eabi/11.3.1/thumb/v7e-m+fp/hard\libg_nano.a(libc_a-findfp.o)
                0x200015e4                __sf
 *(COMMON)
                0x2000171c                . = ALIGN (0x4)
                0x2000171c                _ebss = .
                0x2000171c                __bss_end__ = _ebss
