Archive member included to satisfy reference by file (symbol)

c:/programdata/matlab/supportpackages/r2024a/3p.instrset/gnuarm-armcortex.instrset/win/bin/../lib/gcc/arm-none-eabi/11.3.1/thumb/v7e-m+fp/hard\libm.a(libm_a-w_fmod.o)
                              xcp_ext_common.o (fmod)
c:/programdata/matlab/supportpackages/r2024a/3p.instrset/gnuarm-armcortex.instrset/win/bin/../lib/gcc/arm-none-eabi/11.3.1/thumb/v7e-m+fp/hard\libm.a(libm_a-e_fmod.o)
                              c:/programdata/matlab/supportpackages/r2024a/3p.instrset/gnuarm-armcortex.instrset/win/bin/../lib/gcc/arm-none-eabi/11.3.1/thumb/v7e-m+fp/hard\libm.a(libm_a-w_fmod.o) (__ieee754_fmod)
c:/programdata/matlab/supportpackages/r2024a/3p.instrset/gnuarm-armcortex.instrset/win/bin/../lib/gcc/arm-none-eabi/11.3.1/thumb/v7e-m+fp/hard\libgcc.a(_arm_muldf3.o)
                              STMF4Hall.o (__aeabi_dmul)
c:/programdata/matlab/supportpackages/r2024a/3p.instrset/gnuarm-armcortex.instrset/win/bin/../lib/gcc/arm-none-eabi/11.3.1/thumb/v7e-m+fp/hard\libgcc.a(_arm_addsubdf3.o)
                              STMF4Hall.o (__aeabi_dsub)
c:/programdata/matlab/supportpackages/r2024a/3p.instrset/gnuarm-armcortex.instrset/win/bin/../lib/gcc/arm-none-eabi/11.3.1/thumb/v7e-m+fp/hard\libgcc.a(_arm_muldivdf3.o)
                              xcp_ext_common.o (__aeabi_ddiv)
c:/programdata/matlab/supportpackages/r2024a/3p.instrset/gnuarm-armcortex.instrset/win/bin/../lib/gcc/arm-none-eabi/11.3.1/thumb/v7e-m+fp/hard\libgcc.a(_arm_cmpdf2.o)
                              xcp_ext_mode.o (__aeabi_dcmpeq)
c:/programdata/matlab/supportpackages/r2024a/3p.instrset/gnuarm-armcortex.instrset/win/bin/../lib/gcc/arm-none-eabi/11.3.1/thumb/v7e-m+fp/hard\libgcc.a(_arm_unorddf2.o)
                              c:/programdata/matlab/supportpackages/r2024a/3p.instrset/gnuarm-armcortex.instrset/win/bin/../lib/gcc/arm-none-eabi/11.3.1/thumb/v7e-m+fp/hard\libm.a(libm_a-w_fmod.o) (__aeabi_dcmpun)
c:/programdata/matlab/supportpackages/r2024a/3p.instrset/gnuarm-armcortex.instrset/win/bin/../lib/gcc/arm-none-eabi/11.3.1/thumb/v7e-m+fp/hard\libgcc.a(_arm_fixunsdfsi.o)
                              xcp_ext_common.o (__aeabi_d2uiz)
c:/programdata/matlab/supportpackages/r2024a/3p.instrset/gnuarm-armcortex.instrset/win/bin/../lib/gcc/arm-none-eabi/11.3.1/thumb/v7e-m+fp/hard\libgcc.a(_arm_truncdfsf2.o)
                              STMF4Hall.o (__aeabi_d2f)
c:/programdata/matlab/supportpackages/r2024a/3p.instrset/gnuarm-armcortex.instrset/win/bin/../lib/gcc/arm-none-eabi/11.3.1/thumb/v7e-m+fp/hard\libgcc.a(_aeabi_uldivmod.o)
                              stm32f4xx_hal_rcc.o (__aeabi_uldivmod)
c:/programdata/matlab/supportpackages/r2024a/3p.instrset/gnuarm-armcortex.instrset/win/bin/../lib/gcc/arm-none-eabi/11.3.1/thumb/v7e-m+fp/hard\libgcc.a(_udivmoddi4.o)
                              c:/programdata/matlab/supportpackages/r2024a/3p.instrset/gnuarm-armcortex.instrset/win/bin/../lib/gcc/arm-none-eabi/11.3.1/thumb/v7e-m+fp/hard\libgcc.a(_aeabi_uldivmod.o) (__udivmoddi4)
c:/programdata/matlab/supportpackages/r2024a/3p.instrset/gnuarm-armcortex.instrset/win/bin/../lib/gcc/arm-none-eabi/11.3.1/thumb/v7e-m+fp/hard\libgcc.a(_dvmd_tls.o)
                              c:/programdata/matlab/supportpackages/r2024a/3p.instrset/gnuarm-armcortex.instrset/win/bin/../lib/gcc/arm-none-eabi/11.3.1/thumb/v7e-m+fp/hard\libgcc.a(_aeabi_uldivmod.o) (__aeabi_ldiv0)
c:/programdata/matlab/supportpackages/r2024a/3p.instrset/gnuarm-armcortex.instrset/win/bin/../lib/gcc/arm-none-eabi/11.3.1/thumb/v7e-m+fp/hard\libg_nano.a(libc_a-exit.o)
                              c:/programdata/matlab/supportpackages/r2024a/3p.instrset/gnuarm-armcortex.instrset/win/bin/../lib/gcc/arm-none-eabi/11.3.1/thumb/v7e-m+fp/hard/crt0.o (exit)
c:/programdata/matlab/supportpackages/r2024a/3p.instrset/gnuarm-armcortex.instrset/win/bin/../lib/gcc/arm-none-eabi/11.3.1/thumb/v7e-m+fp/hard\libg_nano.a(libc_a-findfp.o)
                              c:/programdata/matlab/supportpackages/r2024a/3p.instrset/gnuarm-armcortex.instrset/win/bin/../lib/gcc/arm-none-eabi/11.3.1/thumb/v7e-m+fp/hard\libg_nano.a(libc_a-exit.o) (__stdio_exit_handler)
c:/programdata/matlab/supportpackages/r2024a/3p.instrset/gnuarm-armcortex.instrset/win/bin/../lib/gcc/arm-none-eabi/11.3.1/thumb/v7e-m+fp/hard\libg_nano.a(libc_a-fwalk.o)
                              c:/programdata/matlab/supportpackages/r2024a/3p.instrset/gnuarm-armcortex.instrset/win/bin/../lib/gcc/arm-none-eabi/11.3.1/thumb/v7e-m+fp/hard\libg_nano.a(libc_a-findfp.o) (_fwalk_sglue)
c:/programdata/matlab/supportpackages/r2024a/3p.instrset/gnuarm-armcortex.instrset/win/bin/../lib/gcc/arm-none-eabi/11.3.1/thumb/v7e-m+fp/hard\libg_nano.a(libc_a-stdio.o)
                              c:/programdata/matlab/supportpackages/r2024a/3p.instrset/gnuarm-armcortex.instrset/win/bin/../lib/gcc/arm-none-eabi/11.3.1/thumb/v7e-m+fp/hard\libg_nano.a(libc_a-findfp.o) (__sread)
[...]
Memory Configuration

Name             Origin             Length             Attributes
RAM              0x20000000         0x00018000         xrw
FLASH            0x08000000         0x00080000         xr
*default*        0x00000000         0xffffffff

Linker script and memory map

LOAD c:/programdata/matlab/supportpackages/r2024a/3p.instrset/gnuarm-armcortex.instrset/win/bin/../lib/gcc/arm-none-eabi/11.3.1/thumb/v7e-m+fp/hard/crti.o
LOAD c:/programdata/matlab/supportpackages/r2024a/3p.instrset/gnuarm-armcortex.instrset/win/bin/../lib/gcc/arm-none-eabi/11.3.1/thumb/v7e-m+fp/hard/crtbegin.o
LOAD c:/programdata/matlab/supportpackages/r2024a/3p.instrset/gnuarm-armcortex.instrset/win/bin/../lib/gcc/arm-none-eabi/11.3.1/thumb/v7e-m+fp/hard/crt0.o
LOAD stm_adc_ll.o
LOAD stm_timer_ll.o
LOAD xcp_ext_mode.o
LOAD mw_stm32_nvic.o
LOAD STMF4Hall.o
LOAD STMF4Hall_data.o
LOAD ert_main.o
LOAD xcp_ext_common.o
LOAD xcp_ext_classic_trigger.o
LOAD xcp.o
LOAD xcp_standard.o
LOAD xcp_daq.o
LOAD xcp_calibration.o
LOAD xcp_fifo.o
LOAD xcp_transport.o
LOAD xcp_mem_default.o
LOAD xcp_drv_rtiostream.o
LOAD xcp_utils.o
LOAD xcp_frame_serial.o
LOAD xcp_ext_param_default_serial.o
LOAD overrideHALDelay.o
LOAD platform_timer.o
LOAD SysTickScheduler.o
LOAD m3m4m4f_multitasking.o
LOAD rtiostream_serial.o
LOAD stm_usart.o
LOAD sys_arch.o
LOAD main.o
LOAD stm32f4xx_it.o
LOAD stm32f4xx_hal_msp.o
LOAD stm32f4xx_hal_timebase_tim.o
LOAD stm32f4xx_ll_gpio.o
LOAD stm32f4xx_ll_adc.o
LOAD stm32f4xx_ll_dma.o
LOAD stm32f4xx_ll_rcc.o
LOAD stm32f4xx_ll_utils.o
LOAD stm32f4xx_ll_exti.o
LOAD stm32f4xx_hal_rcc.o
LOAD stm32f4xx_hal_rcc_ex.o
LOAD stm32f4xx_hal_flash.o
LOAD stm32f4xx_hal_flash_ex.o
LOAD stm32f4xx_hal_flash_ramfunc.o
LOAD stm32f4xx_hal_gpio.o
LOAD stm32f4xx_hal_dma_ex.o
LOAD stm32f4xx_hal_dma.o
LOAD stm32f4xx_hal_pwr.o
LOAD stm32f4xx_hal_pwr_ex.o
LOAD stm32f4xx_hal_cortex.o
LOAD stm32f4xx_hal.o
LOAD stm32f4xx_hal_exti.o
LOAD stm32f4xx_hal_tim.o
LOAD stm32f4xx_hal_tim_ex.o
LOAD stm32f4xx_ll_tim.o
LOAD stm32f4xx_ll_usart.o
LOAD system_stm32f4xx.o
LOAD syscalls.o
LOAD sysmem.o
LOAD startup_stm32f401retx.o
LOAD C:/ProgramData/MATLAB/SupportPackages/R2024a/3P.instrset/cmsis_dsp.instrset/Lib/GCC/arm_cortexm4ldfsp_math/libCMSISDSP.a
LOAD C:/ProgramData/MATLAB/SupportPackages/R2024a/toolbox/shared/supportpackages/stm32/lib/GCC/libmw_pdmfilter_m4_spfp.lib
LOAD c:/programdata/matlab/supportpackages/r2024a/3p.instrset/gnuarm-armcortex.instrset/win/bin/../lib/gcc/arm-none-eabi/11.3.1/thumb/v7e-m+fp/hard\libstdc++_nano.a
LOAD c:/programdata/matlab/supportpackages/r2024a/3p.instrset/gnuarm-armcortex.instrset/win/bin/../lib/gcc/arm-none-eabi/11.3.1/thumb/v7e-m+fp/hard\libm.a
START GROUP
LOAD c:/programdata/matlab/supportpackages/r2024a/3p.instrset/gnuarm-armcortex.instrset/win/bin/../lib/gcc/arm-none-eabi/11.3.1/thumb/v7e-m+fp/hard\libgcc.a
LOAD c:/programdata/matlab/supportpackages/r2024a/3p.instrset/gnuarm-armcortex.instrset/win/bin/../lib/gcc/arm-none-eabi/11.3.1/thumb/v7e-m+fp/hard\libg_nano.a
LOAD c:/programdata/matlab/supportpackages/r2024a/3p.instrset/gnuarm-armcortex.instrset/win/bin/../lib/gcc/arm-none-eabi/11.3.1/thumb/v7e-m+fp/hard\libc_nano.a
END GROUP
START GROUP
LOAD c:/programdata/matlab/supportpackages/r2024a/3p.instrset/gnuarm-armcortex.instrset/win/bin/../lib/gcc/arm-none-eabi/11.3.1/thumb/v7e-m+fp/hard\libgcc.a
LOAD c:/programdata/matlab/supportpackages/r2024a/3p.instrset/gnuarm-armcortex.instrset/win/bin/../lib/gcc/arm-none-eabi/11.3.1/thumb/v7e-m+fp/hard\libc_nano.a
LOAD c:/programdata/matlab/supportpackages/r2024a/3p.instrset/gnuarm-armcortex.instrset/win/bin/../lib/gcc/arm-none-eabi/11.3.1/thumb/v7e-m+fp/hard\libnosys.a
END GROUP
START GROUP
LOAD c:/programdata/matlab/supportpackages/r2024a/3p.instrset/gnuarm-armcortex.instrset/win/bin/../lib/gcc/arm-none-eabi/11.3.1/thumb/v7e-m+fp/hard\libgcc.a
LOAD c:/programdata/matlab/supportpackages/r2024a/3p.instrset/gnuarm-armcortex.instrset/win/bin/../lib/gcc/arm-none-eabi/11.3.1/thumb/v7e-m+fp/hard\libc_nano.a
LOAD c:/programdata/matlab/supportpackages/r2024a/3p.instrset/gnuarm-armcortex.instrset/win/bin/../lib/gcc/arm-none-eabi/11.3.1/thumb/v7e-m+fp/hard\libnosys.a
END GROUP
LOAD c:/programdata/matlab/supportpackages/r2024a/3p.instrset/gnuarm-armcortex.instrset/win/bin/../lib/gcc/arm-none-eabi/11.3.1/thumb/v7e-m+fp/hard/crtend.o
LOAD c:/programdata/matlab/supportpackages/r2024a/3p.instrset/gnuarm-armcortex.instrset/win/bin/../lib/gcc/arm-none-eabi/11.3.1/thumb/v7e-m+fp/hard/crtn.o
                0x20018000                _estack = (ORIGIN (RAM) + LENGTH (RAM))
                0x00000200                _Min_Heap_Size = 0x200
                0x00000400                _Min_Stack_Size = 0x400

.isr_vector     0x08000000      0x194
                0x08000000                . = ALIGN (0x4)
 *(.isr_vector)
 .isr_vector    0x08000000      0x194 startup_stm32f401retx.o
                0x08000000                g_pfnVectors
                0x08000194                . = ALIGN (0x4)

.text           0x08000198     0xfac0
                0x08000198                . = ALIGN (0x4)
 *(.text)
 .text          0x08000198      0x378 c:/programdata/matlab/supportpackages/r2024a/3p.instrset/gnuarm-armcortex.instrset/win/bin/../lib/gcc/arm-none-eabi/11.3.1/thumb/v7e-m+fp/hard\libgcc.a(_arm_addsubdf3.o)
                0x08000198                __aeabi_drsub
                0x080001a0                __aeabi_dsub
                0x080001a0                __subdf3
                0x080001a4                __aeabi_dadd
                0x080001a4                __adddf3
                0x0800041c                __floatunsidf
                0x0800041c                __aeabi_ui2d
                0x0800043c                __floatsidf
                0x0800043c                __aeabi_i2d
                0x08000460                __aeabi_f2d
                0x08000460                __extendsfdf2
                0x080004a4                __floatundidf
                0x080004a4                __aeabi_ul2d
                0x080004b4                __floatdidf
                0x080004b4                __aeabi_l2d
 .text          0x08000510      0x424 c:/programdata/matlab/supportpackages/r2024a/3p.instrset/gnuarm-armcortex.instrset/win/bin/../lib/gcc/arm-none-eabi/11.3.1/thumb/v7e-m+fp/hard\libgcc.a(_arm_muldivdf3.o)
                0x08000510                __aeabi_dmul
                0x08000510                __muldf3
                0x08000764                __divdf3
                0x08000764                __aeabi_ddiv
 .text          0x08000934      0x110 c:/programdata/matlab/supportpackages/r2024a/3p.instrset/gnuarm-armcortex.instrset/win/bin/../lib/gcc/arm-none-eabi/11.3.1/thumb/v7e-m+fp/hard\libgcc.a(_arm_cmpdf2.o)
                0x08000934                __gtdf2
                0x08000934                __gedf2
                0x0800093c                __ltdf2
                0x0800093c                __ledf2
                0x08000944                __nedf2
                0x08000944                __eqdf2
                0x08000944                __cmpdf2
                0x080009c0                __aeabi_cdrcmple
                0x080009d0                __aeabi_cdcmpeq
                0x080009d0                __aeabi_cdcmple
                0x080009e0                __aeabi_dcmpeq
                0x080009f4                __aeabi_dcmplt
                0x08000a08                __aeabi_dcmple
                0x08000a1c                __aeabi_dcmpge
                0x08000a30                __aeabi_dcmpgt
 .text          0x08000a44       0x2c c:/programdata/matlab/supportpackages/r2024a/3p.instrset/gnuarm-armcortex.instrset/win/bin/../lib/gcc/arm-none-eabi/11.3.1/thumb/v7e-m+fp/hard\libgcc.a(_arm_unorddf2.o)
                0x08000a44                __unorddf2
                0x08000a44                __aeabi_dcmpun
 .text          0x08000a70       0x40 c:/programdata/matlab/supportpackages/r2024a/3p.instrset/gnuarm-armcortex.instrset/win/bin/../lib/gcc/arm-none-eabi/11.3.1/thumb/v7e-m+fp/hard\libgcc.a(_arm_fixunsdfsi.o)
                0x08000a70                __aeabi_d2uiz
                0x08000a70                __fixunsdfsi
 .text          0x08000ab0       0xa0 c:/programdata/matlab/supportpackages/r2024a/3p.instrset/gnuarm-armcortex.instrset/win/bin/../lib/gcc/arm-none-eabi/11.3.1/thumb/v7e-m+fp/hard\libgcc.a(_arm_truncdfsf2.o)
                0x08000ab0                __truncdfsf2
                0x08000ab0                __aeabi_d2f
 .text          0x08000b50       0x30 c:/programdata/matlab/supportpackages/r2024a/3p.instrset/gnuarm-armcortex.instrset/win/bin/../lib/gcc/arm-none-eabi/11.3.1/thumb/v7e-m+fp/hard\libgcc.a(_aeabi_uldivmod.o)
                0x08000b50                __aeabi_uldivmod
 .text          0x08000b80        0x4 c:/programdata/matlab/supportpackages/r2024a/3p.instrset/gnuarm-armcortex.instrset/win/bin/../lib/gcc/arm-none-eabi/11.3.1/thumb/v7e-m+fp/hard\libgcc.a(_dvmd_tls.o)
                0x08000b80                __aeabi_idiv0
                0x08000b80                __aeabi_ldiv0
 *(.text*)
 .text.deregister_tm_clones
                0x08000b84       0x1c c:/programdata/matlab/supportpackages/r2024a/3p.instrset/gnuarm-armcortex.instrset/win/bin/../lib/gcc/arm-none-eabi/11.3.1/thumb/v7e-m+fp/hard/crtbegin.o
 .text.register_tm_clones
                0x08000ba0       0x24 c:/programdata/matlab/supportpackages/r2024a/3p.instrset/gnuarm-armcortex.instrset/win/bin/../lib/gcc/arm-none-eabi/11.3.1/thumb/v7e-m+fp/hard/crtbegin.o
 .text.__do_global_dtors_aux
                0x08000bc4       0x28 c:/programdata/matlab/supportpackages/r2024a/3p.instrset/gnuarm-armcortex.instrset/win/bin/../lib/gcc/arm-none-eabi/11.3.1/thumb/v7e-m+fp/hard/crtbegin.o
 .text.frame_dummy
                0x08000bec       0x24 c:/programdata/matlab/supportpackages/r2024a/3p.instrset/gnuarm-armcortex.instrset/win/bin/../lib/gcc/arm-none-eabi/11.3.1/thumb/v7e-m+fp/hard/crtbegin.o
 .text.LL_ADC_REG_SetSequencerLength
                0x08000c10       0x26 stm_adc_ll.o
 .text.LL_ADC_REG_SetDMATransfer
                0x08000c36       0x26 stm_adc_ll.o
 .text.LL_ADC_INJ_IsTriggerSourceSWStart
                0x08000c5c       0x26 stm_adc_ll.o
 .text.LL_ADC_Enable
                0x08000c82       0x20 stm_adc_ll.o
 .text.LL_ADC_Disable
                0x08000ca2       0x20 stm_adc_ll.o
 .text.LL_ADC_IsEnabled
                0x08000cc2       0x26 stm_adc_ll.o
 .text.LL_ADC_INJ_StartConversionSWStart
                0x08000ce8       0x20 stm_adc_ll.o
 .text.LL_ADC_IsActiveFlag_JEOS
                0x08000d08       0x26 stm_adc_ll.o
 .text.LL_ADC_ClearFlag_JEOS
                0x08000d2e       0x1c stm_adc_ll.o
 .text.LL_ADC_EnableIT_EOCS
                0x08000d4a       0x20 stm_adc_ll.o
 .text.LL_ADC_EnableIT_JEOS
                0x08000d6a       0x20 stm_adc_ll.o
 .text.LL_ADC_DisableIT_EOCS
                0x08000d8a       0x20 stm_adc_ll.o
 .text.LL_ADC_DisableIT_OVR
                0x08000daa       0x20 stm_adc_ll.o
 .text.LL_ADC_DisableIT_JEOS
                0x08000dca       0x20 stm_adc_ll.o
 .text.LL_ADC_DisableIT_AWD1
                0x08000dea       0x20 stm_adc_ll.o
 .text.LL_ADC_IsEnabledIT_OVR
                0x08000e0a       0x28 stm_adc_ll.o
 .text.LL_ADC_IsEnabledIT_AWD1
                0x08000e32       0x26 stm_adc_ll.o
 .text.injectedADCTrigger
                0x08000e58       0x70 stm_adc_ll.o
 .text.injectedOnlyReadADC
                0x08000ec8       0x4c stm_adc_ll.o
 .text.configure_ADCs_DMA
                0x08000f14       0x1a stm_adc_ll.o
 .text.deconfigure_ADCs_DMA
                0x08000f2e       0x18 stm_adc_ll.o
 .text.ADC_IsActiveFlagJEOS
                0x08000f46       0x36 stm_adc_ll.o
                0x08000f46                ADC_IsActiveFlagJEOS
 .text.startADCConversionForExternalTrigger
                0x08000f7c       0x18 stm_adc_ll.o
                0x08000f7c                startADCConversionForExternalTrigger
 .text.ADC_Handle_Init
                0x08000f94      0x120 stm_adc_ll.o
                0x08000f94                ADC_Handle_Init
 .text.enableADC
                0x080010b4       0x2a stm_adc_ll.o
                0x080010b4                enableADC
 .text.injectedReadADCIntr
                0x080010de       0xbc stm_adc_ll.o
                0x080010de                injectedReadADCIntr
 .text.ADC_Handle_Deinit
                0x0800119a       0xee stm_adc_ll.o
                0x0800119a                ADC_Handle_Deinit
 .text.LL_TIM_GetCounterMode
                0x08001288       0x30 stm_timer_ll.o
 .text.LL_TIM_GetCounter
                0x080012b8       0x18 stm_timer_ll.o
 .text.LL_TIM_GetRepetitionCounter
                0x080012d0       0x18 stm_timer_ll.o
 .text.LL_TIM_CC_EnableChannel
                0x080012e8       0x22 stm_timer_ll.o
 .text.LL_TIM_CC_DisableChannel
                0x0800130a       0x24 stm_timer_ll.o
 .text.LL_TIM_EnableAllOutputs
                0x0800132e       0x20 stm_timer_ll.o
 .text.LL_TIM_EnableIT_UPDATE
                0x0800134e       0x20 stm_timer_ll.o
 .text.LL_TIM_DisableIT_UPDATE
                0x0800136e       0x20 stm_timer_ll.o
 .text.LL_TIM_IsEnabledIT_UPDATE
                0x0800138e       0x26 stm_timer_ll.o
 .text.LL_TIM_EnableIT_CC1
                0x080013b4       0x20 stm_timer_ll.o
 .text.LL_TIM_DisableIT_CC1
                0x080013d4       0x20 stm_timer_ll.o
 .text.LL_TIM_IsEnabledIT_CC1
                0x080013f4       0x26 stm_timer_ll.o
 .text.LL_TIM_EnableIT_CC2
                0x0800141a       0x20 stm_timer_ll.o
 .text.LL_TIM_DisableIT_CC2
                0x0800143a       0x20 stm_timer_ll.o
 .text.LL_TIM_IsEnabledIT_CC2
                0x0800145a       0x26 stm_timer_ll.o
 .text.LL_TIM_EnableIT_CC3
                0x08001480       0x20 stm_timer_ll.o
 .text.LL_TIM_DisableIT_CC3
                0x080014a0       0x20 stm_timer_ll.o
 .text.LL_TIM_IsEnabledIT_CC3
                0x080014c0       0x26 stm_timer_ll.o
 .text.LL_TIM_EnableIT_CC4
                0x080014e6       0x20 stm_timer_ll.o
 .text.LL_TIM_DisableIT_CC4
                0x08001506       0x20 stm_timer_ll.o
 .text.LL_TIM_IsEnabledIT_CC4
                0x08001526       0x26 stm_timer_ll.o
 .text.LL_TIM_EnableIT_COM
                0x0800154c       0x20 stm_timer_ll.o
 .text.LL_TIM_DisableIT_COM
                0x0800156c       0x20 stm_timer_ll.o
 .text.LL_TIM_IsEnabledIT_COM
                0x0800158c       0x26 stm_timer_ll.o
 .text.LL_TIM_EnableIT_TRIG
                0x080015b2       0x20 stm_timer_ll.o
 .text.LL_TIM_DisableIT_TRIG
                0x080015d2       0x20 stm_timer_ll.o
 .text.LL_TIM_IsEnabledIT_TRIG
                0x080015f2       0x26 stm_timer_ll.o
 .text.LL_TIM_EnableIT_BRK
                0x08001618       0x20 stm_timer_ll.o
 .text.LL_TIM_DisableIT_BRK
                0x08001638       0x20 stm_timer_ll.o
 .text.LL_TIM_IsEnabledIT_BRK
                0x08001658       0x26 stm_timer_ll.o
 .text.enableTimerInterrupts
                0x0800167e      0x134 stm_timer_ll.o
                0x0800167e                enableTimerInterrupts
 .text.disableTimerInterrupts
                0x080017b2      0x134 stm_timer_ll.o
                0x080017b2                disableTimerInterrupts
 *fill*         0x080018e6        0x2 
 .text.enableTimerChannel1
                0x080018e8       0x68 stm_timer_ll.o
                0x080018e8                enableTimerChannel1
 .text.disableTimerChannel1
                0x08001950       0x68 stm_timer_ll.o
                0x08001950                disableTimerChannel1
 .text.enableTimerChannel2
                0x080019b8       0x68 stm_timer_ll.o
                0x080019b8                enableTimerChannel2
 .text.disableTimerChannel2
                0x08001a20       0x68 stm_timer_ll.o
                0x08001a20                disableTimerChannel2
 .text.enableTimerChannel3
                0x08001a88       0x70 stm_timer_ll.o
                0x08001a88                enableTimerChannel3
 .text.disableTimerChannel3
                0x08001af8       0x70 stm_timer_ll.o
                0x08001af8                disableTimerChannel3
 .text.Timer_Handle_Init
                0x08001b68       0xa0 stm_timer_ll.o
                0x08001b68                Timer_Handle_Init
 .text.getTimerCounterValue
                0x08001c08       0x1c stm_timer_ll.o
                0x08001c08                getTimerCounterValue
 .text.extmodeParseArgs
                0x08001c24       0x1e xcp_ext_mode.o
                0x08001c24                extmodeParseArgs
 *fill*         0x08001c42        0x2 
 .text.extmodeInit
                0x08001c44      0x128 xcp_ext_mode.o
                0x08001c44                extmodeInit
 .text.extmodeWaitForHostRequest
                0x08001d6c       0xcc xcp_ext_mode.o
                0x08001d6c                extmodeWaitForHostRequest
 .text.extmodeEvent
                0x08001e38       0xfc xcp_ext_mode.o
                0x08001e38                extmodeEvent
 .text.extmodeBackgroundRun
                0x08001f34       0x20 xcp_ext_mode.o
                0x08001f34                extmodeBackgroundRun
 .text.extmodeReset
                0x08001f54       0x40 xcp_ext_mode.o
                0x08001f54                extmodeReset
 .text.extmodeStopRequested
                0x08001f94       0x18 xcp_ext_mode.o
                0x08001f94                extmodeStopRequested
 .text.extmodeSimulationComplete
                0x08001fac       0x18 xcp_ext_mode.o
                0x08001fac                extmodeSimulationComplete
 .text.__NVIC_SetPriority
                0x08001fc4       0x54 mw_stm32_nvic.o
 .text.MW_NVIC_ConfigureIRQ
                0x08002018       0x26 mw_stm32_nvic.o
                0x08002018                MW_NVIC_ConfigureIRQ
 .text.MW_HWI_MaskInterrupt
                0x0800203e       0x2a mw_stm32_nvic.o
                0x0800203e                MW_HWI_MaskInterrupt
 .text.__NVIC_EnableIRQ
                0x08002068       0x3c STMF4Hall.o
 .text.__NVIC_DisableIRQ
                0x080020a4       0x48 STMF4Hall.o
 .text.LL_ADC_ClearFlag_JEOS
                0x080020ec       0x1c STMF4Hall.o
 .text.LL_ADC_IsEnabledIT_JEOS
                0x08002108       0x26 STMF4Hall.o
 *fill*         0x0800212e        0x2 
 .text.LL_EXTI_IsEnabledIT_0_31
                0x08002130       0x2c STMF4Hall.o
 .text.LL_EXTI_IsActiveFlag_0_31
                0x0800215c       0x2c STMF4Hall.o
 .text.LL_EXTI_ClearFlag_0_31
                0x08002188       0x20 STMF4Hall.o
 .text.LL_TIM_EnableCounter
                0x080021a8       0x20 STMF4Hall.o
 .text.LL_TIM_DisableCounter
                0x080021c8       0x20 STMF4Hall.o
 .text.LL_TIM_SetUpdateSource
                0x080021e8       0x26 STMF4Hall.o
 .text.LL_TIM_GetUpdateSource
                0x0800220e       0x1c STMF4Hall.o
 .text.LL_TIM_GetAutoReload
                0x0800222a       0x18 STMF4Hall.o
 .text.LL_TIM_SetRepetitionCounter
                0x08002242       0x1c STMF4Hall.o
 .text.LL_TIM_OC_SetCompareCH1
                0x0800225e       0x1c STMF4Hall.o
 .text.LL_TIM_OC_SetCompareCH2
                0x0800227a       0x1c STMF4Hall.o
 .text.LL_TIM_OC_SetCompareCH3
                0x08002296       0x1c STMF4Hall.o
 .text.LL_TIM_OC_GetCompareCH1
                0x080022b2       0x18 STMF4Hall.o
 .text.LL_TIM_OC_GetCompareCH2
                0x080022ca       0x18 STMF4Hall.o
 .text.LL_TIM_OC_GetCompareCH3
                0x080022e2       0x18 STMF4Hall.o
 .text.LL_TIM_GenerateEvent_UPDATE
                0x080022fa       0x20 STMF4Hall.o
 .text.LL_GPIO_ReadInputPort
                0x0800231a       0x18 STMF4Hall.o
 .text.LL_GPIO_SetOutputPin
                0x08002332       0x1c STMF4Hall.o
 .text.LL_GPIO_ResetOutputPin
                0x0800234e       0x1e STMF4Hall.o
 .text.convertDutyCyclePercentageToCounts
                0x0800236c       0x88 STMF4Hall.o
 .text.setDutyCycleChannel1
                0x080023f4       0x30 STMF4Hall.o
 .text.setDutyCycleChannel2
                0x08002424       0x30 STMF4Hall.o
 .text.setDutyCycleChannel3
                0x08002454       0x30 STMF4Hall.o
 .text.setDutyCycleInPercentageChannel1
                0x08002484       0x28 STMF4Hall.o
 .text.setDutyCycleInPercentageChannel2
                0x080024ac       0x28 STMF4Hall.o
 .text.setDutyCycleInPercentageChannel3
                0x080024d4       0x28 STMF4Hall.o
 .text.isSlaveTriggerModeEnabled
                0x080024fc       0x2c STMF4Hall.o
 .text.enableCounter
                0x08002528       0xa0 STMF4Hall.o
 .text.disableCounter
                0x080025c8       0x1a STMF4Hall.o
 *fill*         0x080025e2        0x2 
 .text.STMF4Hall_SetEventsForThisBaseStep
                0x080025e4       0x30 STMF4Hall.o
                0x080025e4                STMF4Hall_SetEventsForThisBaseStep
 .text.rate_monotonic_scheduler
                0x08002614       0x34 STMF4Hall.o
 .text.STMF4Hal_IfActionSubsystem6
                0x08002648       0x2a STMF4Hall.o
                0x08002648                STMF4Hal_IfActionSubsystem6
 .text.STMF4Hall_IfActionSubsystem
                0x08002672       0x28 STMF4Hall.o
                0x08002672                STMF4Hall_IfActionSubsystem
 .text.STMF4Hall_ValidHalls_Init
                0x0800269a       0x38 STMF4Hall.o
                0x0800269a                STMF4Hall_ValidHalls_Init
 *fill*         0x080026d2        0x2 
 .text.STMF4Hall_ValidHalls
                0x080026d4      0x140 STMF4Hall.o
                0x080026d4                STMF4Hall_ValidHalls
 .text.Badhallglitchorwrongconnect
                0x08002814       0x32 STMF4Hall.o
                0x08002814                Badhallglitchorwrongconnect
 .text.STMF4Hall_HallValueof1
                0x08002846       0x1e STMF4Hall.o
                0x08002846                STMF4Hall_HallValueof1
 .text.STMF4Hall_SystemCore_setup
                0x08002864       0x80 STMF4Hall.o
 .text.STMF4Hall_PWMOutput_setupImpl
                0x080028e4       0x84 STMF4Hall.o
 .text.STMF4Hall_SystemCore_setup_o
                0x08002968       0x6a STMF4Hall.o
 *fill*         0x080029d2        0x2 
 .text.STMF4Hall_step0
                0x080029d4       0xcc STMF4Hall.o
                0x080029d4                STMF4Hall_step0
 .text.STMF4Hall_step1
                0x08002aa0       0xe0 STMF4Hall.o
                0x08002aa0                STMF4Hall_step1
 .text.STMF4Hall_initialize
                0x08002b80      0x6c4 STMF4Hall.o
                0x08002b80                STMF4Hall_initialize
 .text.STMF4Hall_terminate
                0x08003244       0xcc STMF4Hall.o
                0x08003244                STMF4Hall_terminate
 .text.STMF4Hall_configure_interrupts
                0x08003310       0x30 STMF4Hall.o
                0x08003310                STMF4Hall_configure_interrupts
 .text.EXTI15_10_IRQHandler
                0x08003340      0x924 STMF4Hall.o
                0x08003340                EXTI15_10_IRQHandler
 *fill*         0x08003c64        0x4 
 .text.ADC_IRQHandler
                0x08003c68      0xa60 STMF4Hall.o
                0x08003c68                ADC_IRQHandler
 .text.STMF4Hall_unconfigure_interrupts
                0x080046c8       0x14 STMF4Hall.o
                0x080046c8                STMF4Hall_unconfigure_interrupts
 *fill*         0x080046dc        0x4 
 .text.rt_OneStep
                0x080046e0      0x128 ert_main.o
                0x080046e0                rt_OneStep
 .text.main     0x08004808      0x194 ert_main.o
                0x08004808                main
 .text.xcp_void_printf
                0x0800499c       0x12 xcp_ext_common.o
                0x0800499c                xcp_void_printf
 .text.xcpCopyTimeValue
                0x080049ae       0x26 xcp_ext_common.o
 *fill*         0x080049d4        0x4 
 .text.xcpExtModeUpdateTime
                0x080049d8      0x13c xcp_ext_common.o
                0x080049d8                xcpExtModeUpdateTime
 .text.xcpExtModeInit
                0x08004b14       0x9c xcp_ext_common.o
                0x08004b14                xcpExtModeInit
 .text.xcpExtModeRunBackground
                0x08004bb0      0x13c xcp_ext_common.o
                0x08004bb0                xcpExtModeRunBackground
 .text.xcpExtModeReset
                0x08004cec      0x128 xcp_ext_common.o
                0x08004cec                xcpExtModeReset
 .text.sampleSignalTrigger
                0x08004e14      0x1b4 xcp_ext_classic_trigger.o
 .text.updateTriggerStatus
                0x08004fc8      0x2b8 xcp_ext_classic_trigger.o
 .text.xcpExtModeClassicTriggerInit
                0x08005280       0x68 xcp_ext_classic_trigger.o
                0x08005280                xcpExtModeClassicTriggerInit
 .text.xcpExtModeClassicTriggerEnabled
                0x080052e8      0x100 xcp_ext_classic_trigger.o
                0x080052e8                xcpExtModeClassicTriggerEnabled
 .text.xcpExtModeClassicTriggerReset
                0x080053e8       0xf4 xcp_ext_classic_trigger.o
                0x080053e8                xcpExtModeClassicTriggerReset
 .text.xcpExtModeClassicTriggerForceEnableStatusUpdate
                0x080054dc       0x80 xcp_ext_classic_trigger.o
                0x080054dc                xcpExtModeClassicTriggerForceEnableStatusUpdate
 .text.msgBufferRealloc
                0x0800555c       0x72 xcp.o
 *fill*         0x080055ce        0x2 
 .text.discardInputPacketHandler
                0x080055d0       0x3c xcp.o
 .text.unknownInputPacketHandler
                0x0800560c       0x34 xcp.o
 .text.xcpGetPacketGroupID
                0x08005640       0x74 xcp.o
 .text.xcpGetPacketHandlers
                0x080056b4      0x124 xcp.o
 .text.xcpStatusSet
                0x080057d8       0x20 xcp.o
                0x080057d8                xcpStatusSet
 .text.xcpSessionStatusGet
                0x080057f8       0x18 xcp.o
                0x080057f8                xcpSessionStatusGet
 .text.xcpSessionStatusSetMask
                0x08005810       0x28 xcp.o
                0x08005810                xcpSessionStatusSetMask
 .text.xcpSessionStatusClearMask
                0x08005838       0x34 xcp.o
                0x08005838                xcpSessionStatusClearMask
 .text.xcpResourceProtectionStatusGet
                0x0800586c       0x18 xcp.o
                0x0800586c                xcpResourceProtectionStatusGet
 .text.xcpSessionConfigurationIdGet
                0x08005884       0x18 xcp.o
                0x08005884                xcpSessionConfigurationIdGet
 .text.genericOutputPacketHandler
                0x0800589c      0x11c xcp.o
                0x0800589c                genericOutputPacketHandler
 .text.xcpFindPacket
                0x080059b8       0x6e xcp.o
                0x080059b8                xcpFindPacket
 *fill*         0x08005a26        0x2 
 .text.xcpInit  0x08005a28       0x64 xcp.o
                0x08005a28                xcpInit
 .text.xcpRun   0x08005a8c      0x194 xcp.o
                0x08005a8c                xcpRun
 .text.xcpEvent
                0x08005c20       0x50 xcp.o
                0x08005c20                xcpEvent
 .text.xcpGetStatus
                0x08005c70       0x18 xcp.o
                0x08005c70                xcpGetStatus
 .text.xcpReset
                0x08005c88       0x40 xcp.o
                0x08005c88                xcpReset
 .text.xcpPackedModeEventsFlush
                0x08005cc8       0x1e xcp.o
                0x08005cc8                xcpPackedModeEventsFlush
 .text.xcpPackedModeEventReset
                0x08005ce6       0x2a xcp.o
                0x08005ce6                xcpPackedModeEventReset
 .text.isValidUploadSize
                0x08005d10       0x30 xcp_standard.o
 .text.xcpMemcpyFromMTA
                0x08005d40       0x38 xcp_standard.o
 .text.connectInputPacketHandler
                0x08005d78       0xa4 xcp_standard.o
 .text.connectOutputPacketHandler
                0x08005e1c       0xd4 xcp_standard.o
 .text.disconnectInputPacketHandler
                0x08005ef0       0x54 xcp_standard.o
 .text.getStatusInputPacketHandler
                0x08005f44       0x28 xcp_standard.o
 .text.getStatusOutputPacketHandler
                0x08005f6c       0x80 xcp_standard.o
 .text.synchInputPacketHandler
                0x08005fec       0x44 xcp_standard.o
 .text.setMTAInputPacketHandler
                0x08006030       0x78 xcp_standard.o
 .text.uploadInputPacketHandler
                0x080060a8       0x98 xcp_standard.o
 .text.uploadOutputPacketHandler
                0x08006140       0x9c xcp_standard.o
 .text.shortUploadInputPacketHandler
                0x080061dc       0xa4 xcp_standard.o
 .text.shortUploadOutputPacketHandler
                0x08006280       0x9c xcp_standard.o
 .text.getPacket
                0x0800631c       0x24 xcp_standard.o
 .text.xcpStandardInit
                0x08006340       0x18 xcp_standard.o
                0x08006340                xcpStandardInit
 .text.xcpStandardGetPacketLookup
                0x08006358       0x18 xcp_standard.o
                0x08006358                xcpStandardGetPacketLookup
 .text.xcpStandardSetPacketLookup
                0x08006370       0x20 xcp_standard.o
                0x08006370                xcpStandardSetPacketLookup
 .text.xcpStandardReset
                0x08006390       0x12 xcp_standard.o
                0x08006390                xcpStandardReset
 *fill*         0x080063a2        0x2 
 .text.xcpStandardGetAddressFromMta
                0x080063a4       0x18 xcp_standard.o
                0x080063a4                xcpStandardGetAddressFromMta
 .text.xcpStandardSetMta
                0x080063bc       0x3c xcp_standard.o
                0x080063bc                xcpStandardSetMta
 .text.xcpStandardIncrementMta
                0x080063f8       0x28 xcp_standard.o
                0x080063f8                xcpStandardIncrementMta
 .text.xcpStandardExtendedInit
                0x08006420        0xe xcp_standard.o
                0x08006420                xcpStandardExtendedInit
 .text.xcpStandardExtendedReset
                0x0800642e        0xe xcp_standard.o
                0x0800642e                xcpStandardExtendedReset
 .text.xcpDaqWriteLock
                0x0800643c       0x4c xcp_daq.o
 .text.xcpDaqWriteUnlock
                0x08006488       0x20 xcp_daq.o
 .text.xcpDaqReadLock
                0x080064a8       0x38 xcp_daq.o
 .text.xcpDaqReadUnlock
                0x080064e0       0x38 xcp_daq.o
 .text.isActiveDaqList
                0x08006518       0x50 xcp_daq.o
 .text.noActiveDaqLists
                0x08006568       0x50 xcp_daq.o
 .text.isValidDaqPtr
                0x080065b8       0xb8 xcp_daq.o
 .text.isValidDaqEntry
                0x08006670       0x36 xcp_daq.o
 .text.isSupportedDaqListMode
                0x080066a6       0x26 xcp_daq.o
 .text.isValidStartStopMode
                0x080066cc       0x32 xcp_daq.o
 .text.isValidStartStopSynchMode
                0x080066fe       0x32 xcp_daq.o
 .text.absoluteOdtNumberIdentification
                0x08006730       0x10 xcp_daq.o
 .text.isDaqPackedModeEnabled
                0x08006740       0x6c xcp_daq.o
 .text.odtPacketSize
                0x080067ac       0x54 xcp_daq.o
 .text.createDaqReservedPool
                0x08006800       0x88 xcp_daq.o
 .text.destroyDaqReservedPool
                0x08006888       0x2c xcp_daq.o
 .text.setDaqPtrInputPacketHandler
                0x080068b4       0xdc xcp_daq.o
 .text.writeDaqInputPacketHandler
                0x08006990      0x198 xcp_daq.o
 .text.setDaqListModeInputPacketHandler
                0x08006b28      0x1c8 xcp_daq.o
 .text.startStopDaqListInputPacketHandler
                0x08006cf0      0x3f4 xcp_daq.o
 .text.startStopDaqListOutputPacketHandler
                0x080070e4       0x5c xcp_daq.o
 .text.startStopSynchInputPacketHandler
                0x08007140      0x328 xcp_daq.o
 .text.getDaqProcessorInfoInputPacketHandler
                0x08007468       0x28 xcp_daq.o
 .text.getDaqProcessorInfoOutputPacketHandler
                0x08007490       0xac xcp_daq.o
 .text.getDaqResolutionInfoInputPacketHandler
                0x0800753c       0x28 xcp_daq.o
 .text.getDaqResolutionInfoOutputPacketHandler
                0x08007564       0xb8 xcp_daq.o
 .text.freeDaqInputPacketHandler
                0x0800761c       0x5c xcp_daq.o
 .text.allocDaqInputPacketHandler
                0x08007678      0x18c xcp_daq.o
 .text.allocOdtInputPacketHandler
                0x08007804      0x1c0 xcp_daq.o
 .text.allocOdtEntryInputPacketHandler
                0x080079c4      0x270 xcp_daq.o
 .text.getDaqClockInputPacketHandler
                0x08007c34       0x22 xcp_daq.o
 *fill*         0x08007c56        0x2 
 .text.setDaqPackedModeInputPacketHandler
                0x08007c58      0x21c xcp_daq.o
 .text.level1CommandInputPacketHandler
                0x08007e74       0x64 xcp_daq.o
 .text.getPacket
                0x08007ed8       0x24 xcp_daq.o
 .text.xcpDaqInit
                0x08007efc       0x38 xcp_daq.o
                0x08007efc                xcpDaqInit
 .text.xcpDaqGetPacketLookup
                0x08007f34       0x18 xcp_daq.o
                0x08007f34                xcpDaqGetPacketLookup
 .text.xcpDaqSetPacketLookup
                0x08007f4c       0x20 xcp_daq.o
                0x08007f4c                xcpDaqSetPacketLookup
 .text.xcpResetDaq
                0x08007f6c       0xa4 xcp_daq.o
 .text.daqWriteXCPDataForOdt
                0x08008010       0x7c xcp_daq.o
 .text.odtWriteEntries
                0x0800808c       0x9c xcp_daq.o
 .text.xcpProcessDaq
                0x08008128      0x208 xcp_daq.o
 .text.xcpDaqEvent
                0x08008330      0x108 xcp_daq.o
                0x08008330                xcpDaqEvent
 .text.xcpDaqEventsFlush
                0x08008438      0x284 xcp_daq.o
                0x08008438                xcpDaqEventsFlush
 .text.xcpDaqLock
                0x080086bc       0x1e xcp_daq.o
                0x080086bc                xcpDaqLock
 .text.xcpDaqUnlock
                0x080086da        0xe xcp_daq.o
                0x080086da                xcpDaqUnlock
 .text.xcpResetDaqListStatus
                0x080086e8      0x19c xcp_daq.o
                0x080086e8                xcpResetDaqListStatus
 .text.xcpDaqReset
                0x08008884       0x20 xcp_daq.o
                0x08008884                xcpDaqReset
 .text.xcpDaqExtendedInit
                0x080088a4        0xe xcp_daq.o
                0x080088a4                xcpDaqExtendedInit
 .text.xcpDaqExtendedReset
                0x080088b2        0xe xcp_daq.o
                0x080088b2                xcpDaqExtendedReset
 .text.isValidShortDownloadSize
                0x080088c0       0x34 xcp_calibration.o
 .text.isValidDownloadSize
                0x080088f4       0x3a xcp_calibration.o
 *fill*         0x0800892e        0x2 
 .text.xcpMemcpyToMTA
                0x08008930       0x34 xcp_calibration.o
 .text.downloadInputPacketHandler
                0x08008964       0xb0 xcp_calibration.o
 .text.shortDownloadInputPacketHandler
                0x08008a14       0xb8 xcp_calibration.o
 .text.getPacket
                0x08008acc       0x24 xcp_calibration.o
 .text.xcpCalibrationInit
                0x08008af0       0x14 xcp_calibration.o
                0x08008af0                xcpCalibrationInit
 .text.xcpCalibrationGetPacketLookup
                0x08008b04       0x18 xcp_calibration.o
                0x08008b04                xcpCalibrationGetPacketLookup
 .text.xcpCalibrationSetPacketLookup
                0x08008b1c       0x20 xcp_calibration.o
                0x08008b1c                xcpCalibrationSetPacketLookup
 .text.xcpCalibrationReset
                0x08008b3c        0xe xcp_calibration.o
                0x08008b3c                xcpCalibrationReset
 .text.xcpFifoInit
                0x08008b4a       0x20 xcp_fifo.o
                0x08008b4a                xcpFifoInit
 .text.xcpFifoEnqueue
                0x08008b6a       0x2a xcp_fifo.o
                0x08008b6a                xcpFifoEnqueue
 .text.xcpFifoDequeue
                0x08008b94       0x3e xcp_fifo.o
                0x08008b94                xcpFifoDequeue
 .text.xcpFifoEnqueueHead
                0x08008bd2       0x32 xcp_fifo.o
                0x08008bd2                xcpFifoEnqueueHead
 .text.xcpFifoReset
                0x08008c04       0x16 xcp_fifo.o
                0x08008c04                xcpFifoReset
 *fill*         0x08008c1a        0x2 
 .text.xcpTransportEmptyTxFifo
                0x08008c1c       0x6c xcp_transport.o
 .text.xcpTransportEmptyRxFifo
                0x08008c88       0x6c xcp_transport.o
 .text.xcpTransportInit
                0x08008cf4      0x138 xcp_transport.o
                0x08008cf4                xcpTransportInit
 .text.xcpTransportTxReady
                0x08008e2c       0x1a xcp_transport.o
                0x08008e2c                xcpTransportTxReady
 .text.xcpTransportTxTrigger
                0x08008e46       0x1a xcp_transport.o
                0x08008e46                xcpTransportTxTrigger
 .text.xcpTransportTxPacketSet
                0x08008e60      0x144 xcp_transport.o
                0x08008e60                xcpTransportTxPacketSet
 .text.xcpTransportTx
                0x08008fa4       0xec xcp_transport.o
                0x08008fa4                xcpTransportTx
 .text.xcpTransportRx
                0x08009090       0x80 xcp_transport.o
                0x08009090                xcpTransportRx
 .text.xcpTransportRxPacketGet
                0x08009110      0x12c xcp_transport.o
                0x08009110                xcpTransportRxPacketGet
 .text.xcpTransportPacketOffset
                0x0800923c       0x20 xcp_transport.o
                0x0800923c                xcpTransportPacketOffset
 .text.xcpTransportMsgBufferSize
                0x0800925c       0x70 xcp_transport.o
                0x0800925c                xcpTransportMsgBufferSize
 .text.xcpTransportMaxDtoSize
                0x080092cc        0xe xcp_transport.o
                0x080092cc                xcpTransportMaxDtoSize
 .text.xcpTransportMaxCtoSize
                0x080092da        0xe xcp_transport.o
                0x080092da                xcpTransportMaxCtoSize
 .text.xcpTransportRestart
                0x080092e8       0x44 xcp_transport.o
                0x080092e8                xcpTransportRestart
 .text.xcpTransportResynch
                0x0800932c       0x40 xcp_transport.o
                0x0800932c                xcpTransportResynch
 .text.xcpTransportCtoReservedMemPoolId
                0x0800936c       0x18 xcp_transport.o
                0x0800936c                xcpTransportCtoReservedMemPoolId
 .text.xcpTransportReset
                0x08009384       0xe4 xcp_transport.o
                0x08009384                xcpTransportReset
 .text.xcpInitializePoolMemoryArea
                0x08009468       0x72 xcp_mem_default.o
 *fill*         0x080094da        0x2 
 .text.xcpMemInit
                0x080094dc      0x1d4 xcp_mem_default.o
                0x080094dc                xcpMemInit
 .text.xcpMemAlloc
                0x080096b0       0xe8 xcp_mem_default.o
                0x080096b0                xcpMemAlloc
 .text.xcpMemFree
                0x08009798      0x170 xcp_mem_default.o
                0x08009798                xcpMemFree
 .text.xcpMemReservedPoolCreate
                0x08009908      0x224 xcp_mem_default.o
                0x08009908                xcpMemReservedPoolCreate
 .text.xcpMemReservedPoolDestroy
                0x08009b2c      0x158 xcp_mem_default.o
                0x08009b2c                xcpMemReservedPoolDestroy
 .text.xcpMemCustomPoolCreate
                0x08009c84       0xbc xcp_mem_default.o
                0x08009c84                xcpMemCustomPoolCreate
 .text.xcpMemCustomPoolDestroy
                0x08009d40       0x64 xcp_mem_default.o
                0x08009d40                xcpMemCustomPoolDestroy
 .text.xcpMemAllocFromPool
                0x08009da4      0x170 xcp_mem_default.o
                0x08009da4                xcpMemAllocFromPool
 .text.xcpMemReset
                0x08009f14       0x50 xcp_mem_default.o
                0x08009f14                xcpMemReset
 .text.xcpDrvOpen
                0x08009f64       0x64 xcp_drv_rtiostream.o
                0x08009f64                xcpDrvOpen
 .text.xcpDrvIoctl
                0x08009fc8       0x4c xcp_drv_rtiostream.o
                0x08009fc8                xcpDrvIoctl
 .text.xcpDrvSend
                0x0800a014      0x14c xcp_drv_rtiostream.o
                0x0800a014                xcpDrvSend
 .text.xcpDrvRecv
                0x0800a160      0x14c xcp_drv_rtiostream.o
                0x0800a160                xcpDrvRecv
 .text.xcpDrvClose
                0x0800a2ac       0x5c xcp_drv_rtiostream.o
                0x0800a2ac                xcpDrvClose
 .text.xcpSortArray
                0x0800a308       0xcc xcp_utils.o
                0x0800a308                xcpSortArray
 .text.xcpSxiHtons
                0x0800a3d4       0x18 xcp_frame_serial.o
 .text.xcpSxiNtohs
                0x0800a3ec       0x1c xcp_frame_serial.o
 .text.xcpSxiChecksum
                0x0800a408       0x3e xcp_frame_serial.o
                0x0800a408                xcpSxiChecksum
 *fill*         0x0800a446        0x2 
 .text.xcpFrameInit
                0x0800a448       0x70 xcp_frame_serial.o
                0x0800a448                xcpFrameInit
 .text.xcpFrameMsgSend
                0x0800a4b8      0x184 xcp_frame_serial.o
                0x0800a4b8                xcpFrameMsgSend
 .text.xcpFrameMsgRecv
                0x0800a63c      0x180 xcp_frame_serial.o
                0x0800a63c                xcpFrameMsgRecv
 .text.xcpFrameCreateMsg
                0x0800a7bc       0x94 xcp_frame_serial.o
                0x0800a7bc                xcpFrameCreateMsg
 .text.xcpFrameExtractPacket
                0x0800a850      0x154 xcp_frame_serial.o
                0x0800a850                xcpFrameExtractPacket
 .text.xcpFrameHeaderSize
                0x0800a9a4       0x10 xcp_frame_serial.o
                0x0800a9a4                xcpFrameHeaderSize
 .text.xcpFrameTailSize
                0x0800a9b4       0x10 xcp_frame_serial.o
                0x0800a9b4                xcpFrameTailSize
 .text.xcpFrameMaxDtoSize
                0x0800a9c4       0x12 xcp_frame_serial.o
                0x0800a9c4                xcpFrameMaxDtoSize
 .text.xcpFrameMaxCtoSize
                0x0800a9d6       0x10 xcp_frame_serial.o
                0x0800a9d6                xcpFrameMaxCtoSize
 *fill*         0x0800a9e6        0x2 
 .text.xcpFrameRestart
                0x0800a9e8       0x30 xcp_frame_serial.o
                0x0800a9e8                xcpFrameRestart
 .text.xcpFrameSetCtoReservedMemPoolId
                0x0800aa18       0x20 xcp_frame_serial.o
                0x0800aa18                xcpFrameSetCtoReservedMemPoolId
 .text.xcpFrameReset
                0x0800aa38       0x70 xcp_frame_serial.o
                0x0800aa38                xcpFrameReset
 .text.xcpTransportGetInitParameters
                0x0800aaa8       0x2e xcp_ext_param_default_serial.o
                0x0800aaa8                xcpTransportGetInitParameters
 .text.xcpGetInitParameters
                0x0800aad6       0x2e xcp_ext_param_default_serial.o
                0x0800aad6                xcpGetInitParameters
 .text.HAL_Delay
                0x0800ab04       0x2e overrideHALDelay.o
                0x0800ab04                HAL_Delay
 *fill*         0x0800ab32        0x2 
 .text.PeriphCommonClock_Config
                0x0800ab34       0x10 platform_timer.o
                0x0800ab34                PeriphCommonClock_Config
 .text.getCurrentTimestampInMicros
                0x0800ab44       0x40 platform_timer.o
                0x0800ab44                getCurrentTimestampInMicros
 .text.returnTimeElapsed
                0x0800ab84       0x2c platform_timer.o
                0x0800ab84                returnTimeElapsed
 .text.timestampInit
                0x0800abb0       0x28 platform_timer.o
 .text.getCurrentTimestamp
                0x0800abd8       0x44 platform_timer.o
                0x0800abd8                getCurrentTimestamp
 .text.__NVIC_SetPriority
                0x0800ac1c       0x54 SysTickScheduler.o
 .text.SysTick_Config
                0x0800ac70       0x44 SysTickScheduler.o
 .text.SysTick_Isr
                0x0800acb4       0x48 SysTickScheduler.o
 .text.SysTick_Handler
                0x0800acfc       0x20 SysTickScheduler.o
                0x0800acfc                SysTick_Handler
 .text.ARMCM_SysTick_Config
                0x0800ad1c       0xb8 SysTickScheduler.o
                0x0800ad1c                ARMCM_SysTick_Config
 .text.PendSV_Handler
                0x0800add4       0x44 m3m4m4f_multitasking.o
                0x0800add4                PendSV_Handler
 .text.SVC_Handler
                0x0800ae18       0x58 m3m4m4f_multitasking.o
                0x0800ae18                SVC_Handler
 .text.rtIOStreamOpen
                0x0800ae70       0x44 rtiostream_serial.o
                0x0800ae70                rtIOStreamOpen
 .text.rtIOStreamSend
                0x0800aeb4       0x38 rtiostream_serial.o
                0x0800aeb4                rtIOStreamSend
 .text.rtIOStreamRecv
                0x0800aeec       0x48 rtiostream_serial.o
                0x0800aeec                rtIOStreamRecv
 .text.rtIOStreamClose
                0x0800af34       0x20 rtiostream_serial.o
                0x0800af34                rtIOStreamClose
 .text.__NVIC_GetPriorityGrouping
                0x0800af54       0x1c stm_usart.o
 .text.__NVIC_EnableIRQ
                0x0800af70       0x3c stm_usart.o
 .text.__NVIC_SetPriority
                0x0800afac       0x54 stm_usart.o
 .text.NVIC_EncodePriority
                0x0800b000       0x66 stm_usart.o
 *fill*         0x0800b066        0x2 
 .text.LL_DMA_EnableStream
                0x0800b068       0x40 stm_usart.o
 .text.LL_DMA_DisableStream
                0x0800b0a8       0x40 stm_usart.o
 .text.LL_DMA_GetMode
                0x0800b0e8       0x30 stm_usart.o
 .text.LL_DMA_SetDataLength
                0x0800b118       0x48 stm_usart.o
 .text.LL_DMA_GetDataLength
                0x0800b160       0x2c stm_usart.o
 .text.LL_DMA_ConfigAddresses
                0x0800b18c       0x78 stm_usart.o
 .text.LL_DMA_IsActiveFlag_TC5
                0x0800b204       0x28 stm_usart.o
 .text.LL_DMA_ClearFlag_TC5
                0x0800b22c       0x1c stm_usart.o
 .text.LL_DMA_EnableIT_TC
                0x0800b248       0x40 stm_usart.o
 .text.LL_DMA_DisableIT_TC
                0x0800b288       0x40 stm_usart.o
 .text.LL_DMA_IsEnabledIT_TC
                0x0800b2c8       0x38 stm_usart.o
 .text.LL_USART_Enable
                0x0800b300       0x20 stm_usart.o
 .text.LL_USART_Disable
                0x0800b320       0x20 stm_usart.o
 .text.LL_USART_IsActiveFlag_PE
                0x0800b340       0x26 stm_usart.o
 .text.LL_USART_IsActiveFlag_FE
                0x0800b366       0x26 stm_usart.o
 .text.LL_USART_IsActiveFlag_NE
                0x0800b38c       0x26 stm_usart.o
 .text.LL_USART_IsActiveFlag_ORE
                0x0800b3b2       0x26 stm_usart.o
 .text.LL_USART_IsActiveFlag_TC
                0x0800b3d8       0x26 stm_usart.o
 .text.LL_USART_IsActiveFlag_TXE
                0x0800b3fe       0x26 stm_usart.o
 .text.LL_USART_ClearFlag_PE
                0x0800b424       0x24 stm_usart.o
 .text.LL_USART_ClearFlag_ORE
                0x0800b448       0x24 stm_usart.o
 .text.LL_USART_EnableIT_RXNE
                0x0800b46c       0x46 stm_usart.o
 .text.LL_USART_EnableIT_PE
                0x0800b4b2       0x46 stm_usart.o
 .text.LL_USART_EnableIT_ERROR
                0x0800b4f8       0x46 stm_usart.o
 .text.LL_USART_DisableIT_RXNE
                0x0800b53e       0x46 stm_usart.o
 .text.LL_USART_DisableIT_TXE
                0x0800b584       0x46 stm_usart.o
 .text.LL_USART_DisableIT_PE
                0x0800b5ca       0x46 stm_usart.o
 .text.LL_USART_DisableIT_ERROR
                0x0800b610       0x46 stm_usart.o
 .text.LL_USART_EnableDMAReq_RX
                0x0800b656       0x46 stm_usart.o
 .text.LL_USART_DisableDMAReq_RX
                0x0800b69c       0x46 stm_usart.o
 .text.LL_USART_EnableDMAReq_TX
                0x0800b6e2       0x46 stm_usart.o
 .text.LL_USART_DisableDMAReq_TX
                0x0800b728       0x46 stm_usart.o
 .text.LL_USART_DMA_GetRegAddr
                0x0800b76e       0x18 stm_usart.o
 .text.LL_USART_ReceiveData8
                0x0800b786       0x1a stm_usart.o
 .text.LL_USART_TransmitData8
                0x0800b7a0       0x1e stm_usart.o
 .text.getAvailableDataInBuffer
                0x0800b7be       0xcc stm_usart.o
                0x0800b7be                getAvailableDataInBuffer
 .text.getBytesToBeReadFromBuffer
                0x0800b88a       0x6e stm_usart.o
                0x0800b88a                getBytesToBeReadFromBuffer
 .text.readDataFromBuffer
                0x0800b8f8       0xcc stm_usart.o
                0x0800b8f8                readDataFromBuffer
 .text.UART_RXDMAInterruptHandler
                0x0800b9c4       0xd4 stm_usart.o
                0x0800b9c4                UART_RXDMAInterruptHandler
 .text.UART_IsActiveFlagError
                0x0800ba98       0xd6 stm_usart.o
                0x0800ba98                UART_IsActiveFlagError
 *fill*         0x0800bb6e        0x2 
 .text.USART2_IRQHandler
                0x0800bb70       0x14 stm_usart.o
                0x0800bb70                USART2_IRQHandler
 .text.DMA1_Stream5_IRQHandler
                0x0800bb84       0x20 stm_usart.o
                0x0800bb84                DMA1_Stream5_IRQHandler
 .text.UART_ConfigureReceiveDMA
                0x0800bba4       0x88 stm_usart.o
                0x0800bba4                UART_ConfigureReceiveDMA
 .text.UART_ConfigureTransmitDMA
                0x0800bc2c       0x54 stm_usart.o
                0x0800bc2c                UART_ConfigureTransmitDMA
 .text.getReadErrorStatus
                0x0800bc80       0xc8 stm_usart.o
                0x0800bc80                getReadErrorStatus
 .text.MW_UART_Initialize
                0x0800bd48      0x198 stm_usart.o
                0x0800bd48                MW_UART_Initialize
 .text.MW_UART_ReceiveUsingBuffer
                0x0800bee0       0x5c stm_usart.o
                0x0800bee0                MW_UART_ReceiveUsingBuffer
 .text.MW_UART_TransmitUsingPolling
                0x0800bf3c      0x184 stm_usart.o
                0x0800bf3c                MW_UART_TransmitUsingPolling
 .text.MW_UART_DeInit
                0x0800c0c0       0xaa stm_usart.o
                0x0800c0c0                MW_UART_DeInit
 .text.sys_arch_protect
                0x0800c16a       0x22 sys_arch.o
                0x0800c16a                sys_arch_protect
 .text.sys_arch_unprotect
                0x0800c18c       0x20 sys_arch.o
                0x0800c18c                sys_arch_unprotect
 .text.__NVIC_GetPriorityGrouping
                0x0800c1ac       0x1c main.o
 .text.__NVIC_EnableIRQ
                0x0800c1c8       0x3c main.o
 .text.__NVIC_SetPriority
                0x0800c204       0x54 main.o
 .text.NVIC_EncodePriority
                0x0800c258       0x66 main.o
 .text.LL_ADC_REG_SetSequencerRanks
                0x0800c2be       0x7a main.o
 .text.LL_ADC_REG_SetFlagEndOfConversion
                0x0800c338       0x26 main.o
 .text.LL_ADC_INJ_SetSequencerRanks
                0x0800c35e       0x74 main.o
 .text.LL_ADC_INJ_SetOffset
                0x0800c3d2       0x64 main.o
 .text.LL_ADC_SetChannelSamplingTime
                0x0800c436       0xc2 main.o
 .text.LL_ADC_INJ_StartConversionExtTrig
                0x0800c4f8       0x22 main.o
 .text.LL_ADC_DisableIT_JEOS
                0x0800c51a       0x20 main.o
 *fill*         0x0800c53a        0x2 
 .text.LL_DMA_SetDataTransferDirection
                0x0800c53c       0x48 main.o
 .text.LL_DMA_SetMode
                0x0800c584       0x48 main.o
 .text.LL_DMA_SetPeriphIncMode
                0x0800c5cc       0x48 main.o
 .text.LL_DMA_SetMemoryIncMode
                0x0800c614       0x48 main.o
 .text.LL_DMA_SetPeriphSize
                0x0800c65c       0x48 main.o
 .text.LL_DMA_SetMemorySize
                0x0800c6a4       0x48 main.o
 .text.LL_DMA_SetStreamPriorityLevel
                0x0800c6ec       0x48 main.o
 .text.LL_DMA_SetChannelSelection
                0x0800c734       0x48 main.o
 .text.LL_DMA_DisableFifoMode
                0x0800c77c       0x40 main.o
 .text.LL_RCC_HSI_Enable
                0x0800c7bc       0x20 main.o
 .text.LL_RCC_HSI_IsReady
                0x0800c7dc       0x24 main.o
 .text.LL_RCC_HSI_SetCalibTrimming
                0x0800c800       0x2c main.o
 .text.LL_RCC_SetSysClkSource
                0x0800c82c       0x28 main.o
 .text.LL_RCC_GetSysClkSource
                0x0800c854       0x1c main.o
 .text.LL_RCC_SetAHBPrescaler
                0x0800c870       0x28 main.o
 .text.LL_RCC_SetAPB1Prescaler
                0x0800c898       0x28 main.o
 .text.LL_RCC_SetAPB2Prescaler
                0x0800c8c0       0x28 main.o
 .text.LL_RCC_SetTIMPrescaler
                0x0800c8e8       0x2c main.o
 .text.LL_RCC_PLL_Enable
                0x0800c914       0x20 main.o
 .text.LL_RCC_PLL_IsReady
                0x0800c934       0x28 main.o
 .text.LL_RCC_PLL_ConfigDomain_SYS
                0x0800c95c       0x4c main.o
 .text.LL_AHB1_GRP1_EnableClock
                0x0800c9a8       0x30 main.o
 .text.LL_APB1_GRP1_EnableClock
                0x0800c9d8       0x30 main.o
 .text.LL_APB2_GRP1_EnableClock
                0x0800ca08       0x30 main.o
 .text.LL_SYSCFG_SetEXTISource
                0x0800ca38       0x6c main.o
 .text.LL_FLASH_SetLatency
                0x0800caa4       0x28 main.o
 .text.LL_FLASH_GetLatency
                0x0800cacc       0x1c main.o
 .text.LL_PWR_SetRegulVoltageScaling
                0x0800cae8       0x28 main.o
 .text.LL_TIM_EnableARRPreload
                0x0800cb10       0x20 main.o
 .text.LL_TIM_OC_DisableFast
                0x0800cb30       0x8c main.o
 .text.LL_TIM_OC_EnablePreload
                0x0800cbbc       0x88 main.o
 .text.LL_TIM_SetClockSource
                0x0800cc44       0x2a main.o
 .text.LL_TIM_SetTriggerOutput
                0x0800cc6e       0x26 main.o
 .text.LL_TIM_EnableMasterSlaveMode
                0x0800cc94       0x20 main.o
 .text.LL_TIM_DisableMasterSlaveMode
                0x0800ccb4       0x20 main.o
 .text.LL_USART_Enable
                0x0800ccd4       0x20 main.o
 .text.LL_USART_ConfigAsyncMode
                0x0800ccf4       0x2c main.o
 .text.LL_GPIO_SetPinMode
                0x0800cd20       0x7a main.o
 .text.LL_GPIO_SetPinPull
                0x0800cd9a       0x7a main.o
 .text.LL_GPIO_ResetOutputPin
                0x0800ce14       0x1e main.o
 *fill*         0x0800ce32        0x2 
 .text.SystemClock_Config
                0x0800ce34       0xa0 main.o
                0x0800ce34                SystemClock_Config
 .text.MX_ADC1_Init
                0x0800ced4      0x260 main.o
                0x0800ced4                MX_ADC1_Init
 .text.MX_TIM1_Init
                0x0800d134      0x198 main.o
                0x0800d134                MX_TIM1_Init
 .text.MX_TIM2_Init
                0x0800d2cc       0x66 main.o
                0x0800d2cc                MX_TIM2_Init
 *fill*         0x0800d332        0x2 
 .text.MX_USART2_UART_Init
                0x0800d334      0x104 main.o
                0x0800d334                MX_USART2_UART_Init
 .text.MX_DMA_Init
                0x0800d438       0x58 main.o
                0x0800d438                MX_DMA_Init
 .text.MX_GPIO_Init
                0x0800d490      0x170 main.o
                0x0800d490                MX_GPIO_Init
 .text.HAL_TIM_PeriodElapsedCallback
                0x0800d600       0x24 main.o
                0x0800d600                HAL_TIM_PeriodElapsedCallback
 .text.Error_Handler
                0x0800d624        0xa main.o
                0x0800d624                Error_Handler
 .text.NMI_Handler
                0x0800d62e        0x6 stm32f4xx_it.o
                0x0800d62e                NMI_Handler
 .text.HardFault_Handler
                0x0800d634        0x6 stm32f4xx_it.o
                0x0800d634                HardFault_Handler
 .text.MemManage_Handler
                0x0800d63a        0x6 stm32f4xx_it.o
                0x0800d63a                MemManage_Handler
 .text.BusFault_Handler
                0x0800d640        0x6 stm32f4xx_it.o
                0x0800d640                BusFault_Handler
 .text.UsageFault_Handler
                0x0800d646        0x6 stm32f4xx_it.o
                0x0800d646                UsageFault_Handler
 .text.DebugMon_Handler
                0x0800d64c        0xe stm32f4xx_it.o
                0x0800d64c                DebugMon_Handler
 *fill*         0x0800d65a        0x2 
 .text.TIM5_IRQHandler
                0x0800d65c       0x14 stm32f4xx_it.o
                0x0800d65c                TIM5_IRQHandler
 .text.DMA2_Stream0_IRQHandler
                0x0800d670        0xe stm32f4xx_it.o
                0x0800d670                DMA2_Stream0_IRQHandler
 *fill*         0x0800d67e        0x2 
 .text.HAL_MspInit
                0x0800d680       0x50 stm32f4xx_hal_msp.o
                0x0800d680                HAL_MspInit
 .text.HAL_InitTick
                0x0800d6d0       0xb4 stm32f4xx_hal_timebase_tim.o
                0x0800d6d0                HAL_InitTick
 .text.LL_GPIO_SetPinMode
                0x0800d784       0x7a stm32f4xx_ll_gpio.o
 .text.LL_GPIO_SetPinOutputType
                0x0800d7fe       0x30 stm32f4xx_ll_gpio.o
 .text.LL_GPIO_SetPinSpeed
                0x0800d82e       0x7a stm32f4xx_ll_gpio.o
 .text.LL_GPIO_SetPinPull
                0x0800d8a8       0x7a stm32f4xx_ll_gpio.o
 .text.LL_GPIO_SetAFPin_0_7
                0x0800d922       0x7a stm32f4xx_ll_gpio.o
 .text.LL_GPIO_SetAFPin_8_15
                0x0800d99c       0x7e stm32f4xx_ll_gpio.o
 .text.LL_GPIO_Init
                0x0800da1a      0x102 stm32f4xx_ll_gpio.o
                0x0800da1a                LL_GPIO_Init
 .text.LL_ADC_SetCommonClock
                0x0800db1c       0x26 stm32f4xx_ll_adc.o
 .text.LL_ADC_REG_SetSequencerLength
                0x0800db42       0x26 stm32f4xx_ll_adc.o
 .text.LL_ADC_INJ_SetSequencerLength
                0x0800db68       0x26 stm32f4xx_ll_adc.o
 .text.LL_ADC_IsEnabled
                0x0800db8e       0x26 stm32f4xx_ll_adc.o
 .text.LL_ADC_CommonInit
                0x0800dbb4       0x3c stm32f4xx_ll_adc.o
                0x0800dbb4                LL_ADC_CommonInit
 .text.LL_ADC_Init
                0x0800dbf0       0x58 stm32f4xx_ll_adc.o
                0x0800dbf0                LL_ADC_Init
 .text.LL_ADC_REG_Init
                0x0800dc48       0x84 stm32f4xx_ll_adc.o
                0x0800dc48                LL_ADC_REG_Init
 .text.LL_ADC_INJ_Init
                0x0800dccc       0x80 stm32f4xx_ll_adc.o
                0x0800dccc                LL_ADC_INJ_Init
 .text.LL_RCC_GetSysClkSource
                0x0800dd4c       0x1c stm32f4xx_ll_rcc.o
 .text.LL_RCC_GetAHBPrescaler
                0x0800dd68       0x1c stm32f4xx_ll_rcc.o
 .text.LL_RCC_GetAPB1Prescaler
                0x0800dd84       0x1c stm32f4xx_ll_rcc.o
 .text.LL_RCC_GetAPB2Prescaler
                0x0800dda0       0x1c stm32f4xx_ll_rcc.o
 .text.LL_RCC_PLL_GetMainSource
                0x0800ddbc       0x1c stm32f4xx_ll_rcc.o
 .text.LL_RCC_PLL_GetN
                0x0800ddd8       0x1c stm32f4xx_ll_rcc.o
 .text.LL_RCC_PLL_GetP
                0x0800ddf4       0x1c stm32f4xx_ll_rcc.o
 .text.LL_RCC_PLL_GetDivider
                0x0800de10       0x1c stm32f4xx_ll_rcc.o
 .text.LL_RCC_GetSystemClocksFreq
                0x0800de2c       0x4a stm32f4xx_ll_rcc.o
                0x0800de2c                LL_RCC_GetSystemClocksFreq
 *fill*         0x0800de76        0x2 
 .text.RCC_GetSystemClockFreq
                0x0800de78       0x50 stm32f4xx_ll_rcc.o
                0x0800de78                RCC_GetSystemClockFreq
 .text.RCC_GetHCLKClockFreq
                0x0800dec8       0x2c stm32f4xx_ll_rcc.o
                0x0800dec8                RCC_GetHCLKClockFreq
 .text.RCC_GetPCLK1ClockFreq
                0x0800def4       0x28 stm32f4xx_ll_rcc.o
                0x0800def4                RCC_GetPCLK1ClockFreq
 .text.RCC_GetPCLK2ClockFreq
                0x0800df1c       0x28 stm32f4xx_ll_rcc.o
                0x0800df1c                RCC_GetPCLK2ClockFreq
 .text.RCC_PLL_GetFreqDomain_SYS
                0x0800df44       0x7c stm32f4xx_ll_rcc.o
                0x0800df44                RCC_PLL_GetFreqDomain_SYS
 .text.LL_SetSystemCoreClock
                0x0800dfc0       0x20 stm32f4xx_ll_utils.o
                0x0800dfc0                LL_SetSystemCoreClock
 .text.LL_EXTI_EnableIT_0_31
                0x0800dfe0       0x24 stm32f4xx_ll_exti.o
 .text.LL_EXTI_DisableIT_0_31
                0x0800e004       0x28 stm32f4xx_ll_exti.o
 .text.LL_EXTI_EnableEvent_0_31
                0x0800e02c       0x24 stm32f4xx_ll_exti.o
 .text.LL_EXTI_DisableEvent_0_31
                0x0800e050       0x28 stm32f4xx_ll_exti.o
 .text.LL_EXTI_EnableRisingTrig_0_31
                0x0800e078       0x24 stm32f4xx_ll_exti.o
 .text.LL_EXTI_DisableRisingTrig_0_31
                0x0800e09c       0x28 stm32f4xx_ll_exti.o
 .text.LL_EXTI_EnableFallingTrig_0_31
                0x0800e0c4       0x24 stm32f4xx_ll_exti.o
 .text.LL_EXTI_DisableFallingTrig_0_31
                0x0800e0e8       0x28 stm32f4xx_ll_exti.o
 .text.LL_EXTI_Init
                0x0800e110       0xfe stm32f4xx_ll_exti.o
                0x0800e110                LL_EXTI_Init
 *fill*         0x0800e20e        0x2 
 .text.HAL_RCC_GetHCLKFreq
                0x0800e210       0x18 stm32f4xx_hal_rcc.o
                0x0800e210                HAL_RCC_GetHCLKFreq
 .text.HAL_RCC_GetPCLK1Freq
                0x0800e228       0x28 stm32f4xx_hal_rcc.o
                0x0800e228                HAL_RCC_GetPCLK1Freq
 .text.HAL_RCC_GetClockConfig
                0x0800e250       0x64 stm32f4xx_hal_rcc.o
                0x0800e250                HAL_RCC_GetClockConfig
 .text.__NVIC_SetPriorityGrouping
                0x0800e2b4       0x48 stm32f4xx_hal_cortex.o
 .text.__NVIC_GetPriorityGrouping
                0x0800e2fc       0x1c stm32f4xx_hal_cortex.o
 .text.__NVIC_EnableIRQ
                0x0800e318       0x3c stm32f4xx_hal_cortex.o
 .text.__NVIC_SetPriority
                0x0800e354       0x54 stm32f4xx_hal_cortex.o
 .text.NVIC_EncodePriority
                0x0800e3a8       0x66 stm32f4xx_hal_cortex.o
 .text.HAL_NVIC_SetPriorityGrouping
                0x0800e40e       0x16 stm32f4xx_hal_cortex.o
                0x0800e40e                HAL_NVIC_SetPriorityGrouping
 .text.HAL_NVIC_SetPriority
                0x0800e424       0x38 stm32f4xx_hal_cortex.o
                0x0800e424                HAL_NVIC_SetPriority
 .text.HAL_NVIC_EnableIRQ
                0x0800e45c       0x1c stm32f4xx_hal_cortex.o
                0x0800e45c                HAL_NVIC_EnableIRQ
 .text.HAL_Init
                0x0800e478       0x44 stm32f4xx_hal.o
                0x0800e478                HAL_Init
 .text.HAL_IncTick
                0x0800e4bc       0x28 stm32f4xx_hal.o
                0x0800e4bc                HAL_IncTick
 .text.HAL_GetTick
                0x0800e4e4       0x18 stm32f4xx_hal.o
                0x0800e4e4                HAL_GetTick
 .text.HAL_TIM_Base_Init
                0x0800e4fc       0x9e stm32f4xx_hal_tim.o
                0x0800e4fc                HAL_TIM_Base_Init
 .text.HAL_TIM_Base_MspInit
                0x0800e59a       0x14 stm32f4xx_hal_tim.o
                0x0800e59a                HAL_TIM_Base_MspInit
 *fill*         0x0800e5ae        0x2 
 .text.HAL_TIM_Base_Start_IT
                0x0800e5b0       0xc4 stm32f4xx_hal_tim.o
                0x0800e5b0                HAL_TIM_Base_Start_IT
 .text.HAL_TIM_IRQHandler
                0x0800e674      0x210 stm32f4xx_hal_tim.o
                0x0800e674                HAL_TIM_IRQHandler
 .text.HAL_TIM_OC_DelayElapsedCallback
                0x0800e884       0x14 stm32f4xx_hal_tim.o
                0x0800e884                HAL_TIM_OC_DelayElapsedCallback
 .text.HAL_TIM_IC_CaptureCallback
                0x0800e898       0x14 stm32f4xx_hal_tim.o
                0x0800e898                HAL_TIM_IC_CaptureCallback
 .text.HAL_TIM_PWM_PulseFinishedCallback
                0x0800e8ac       0x14 stm32f4xx_hal_tim.o
                0x0800e8ac                HAL_TIM_PWM_PulseFinishedCallback
 .text.HAL_TIM_TriggerCallback
                0x0800e8c0       0x14 stm32f4xx_hal_tim.o
                0x0800e8c0                HAL_TIM_TriggerCallback
 .text.TIM_Base_SetConfig
                0x0800e8d4      0x100 stm32f4xx_hal_tim.o
                0x0800e8d4                TIM_Base_SetConfig
 .text.HAL_TIMEx_CommutCallback
                0x0800e9d4       0x14 stm32f4xx_hal_tim_ex.o
                0x0800e9d4                HAL_TIMEx_CommutCallback
 .text.HAL_TIMEx_BreakCallback
                0x0800e9e8       0x14 stm32f4xx_hal_tim_ex.o
                0x0800e9e8                HAL_TIMEx_BreakCallback
 .text.LL_TIM_SetPrescaler
                0x0800e9fc       0x1c stm32f4xx_ll_tim.o
 .text.LL_TIM_SetAutoReload
                0x0800ea18       0x1c stm32f4xx_ll_tim.o
 .text.LL_TIM_SetRepetitionCounter
                0x0800ea34       0x1c stm32f4xx_ll_tim.o
 .text.LL_TIM_OC_SetCompareCH1
                0x0800ea50       0x1c stm32f4xx_ll_tim.o
 .text.LL_TIM_OC_SetCompareCH2
                0x0800ea6c       0x1c stm32f4xx_ll_tim.o
 .text.LL_TIM_OC_SetCompareCH3
                0x0800ea88       0x1c stm32f4xx_ll_tim.o
 .text.LL_TIM_OC_SetCompareCH4
                0x0800eaa4       0x1c stm32f4xx_ll_tim.o
 .text.LL_TIM_GenerateEvent_UPDATE
                0x0800eac0       0x20 stm32f4xx_ll_tim.o
 .text.LL_TIM_Init
                0x0800eae0       0xf4 stm32f4xx_ll_tim.o
                0x0800eae0                LL_TIM_Init
 .text.LL_TIM_OC_Init
                0x0800ebd4       0x82 stm32f4xx_ll_tim.o
                0x0800ebd4                LL_TIM_OC_Init
 .text.LL_TIM_BDTR_Init
                0x0800ec56       0x92 stm32f4xx_ll_tim.o
                0x0800ec56                LL_TIM_BDTR_Init
 .text.OC1Config
                0x0800ece8       0xcc stm32f4xx_ll_tim.o
 .text.OC2Config
                0x0800edb4       0xd4 stm32f4xx_ll_tim.o
 .text.OC3Config
                0x0800ee88       0xd4 stm32f4xx_ll_tim.o
 .text.OC4Config
                0x0800ef5c       0xa4 stm32f4xx_ll_tim.o
 .text.LL_USART_IsEnabled
                0x0800f000       0x28 stm32f4xx_ll_usart.o
 .text.LL_USART_SetStopBitsLength
                0x0800f028       0x26 stm32f4xx_ll_usart.o
 .text.LL_USART_SetHWFlowCtrl
                0x0800f04e       0x26 stm32f4xx_ll_usart.o
 .text.LL_USART_SetBaudRate
                0x0800f074      0x45c stm32f4xx_ll_usart.o
 .text.LL_USART_Init
                0x0800f4d0       0xc8 stm32f4xx_ll_usart.o
                0x0800f4d0                LL_USART_Init
 .text.SystemInit
                0x0800f598       0x24 system_stm32f4xx.o
                0x0800f598                SystemInit
 .text.Reset_Handler
                0x0800f5bc       0x50 startup_stm32f401retx.o
                0x0800f5bc                Reset_Handler
 .text.Default_Handler
                0x0800f60c        0x2 startup_stm32f401retx.o
                0x0800f60c                RTC_Alarm_IRQHandler
                0x0800f60c                EXTI2_IRQHandler
                0x0800f60c                SPI4_IRQHandler
                0x0800f60c                TIM1_CC_IRQHandler
                0x0800f60c                DMA2_Stream5_IRQHandler
                0x0800f60c                PVD_IRQHandler
                0x0800f60c                SDIO_IRQHandler
                0x0800f60c                TAMP_STAMP_IRQHandler
                0x0800f60c                EXTI3_IRQHandler
                0x0800f60c                TIM1_UP_TIM10_IRQHandler
                0x0800f60c                I2C3_ER_IRQHandler
                0x0800f60c                EXTI0_IRQHandler
                0x0800f60c                I2C2_EV_IRQHandler
                0x0800f60c                DMA1_Stream2_IRQHandler
                0x0800f60c                FPU_IRQHandler
                0x0800f60c                DMA2_Stream2_IRQHandler
                0x0800f60c                SPI1_IRQHandler
                0x0800f60c                TIM1_BRK_TIM9_IRQHandler
                0x0800f60c                DMA2_Stream3_IRQHandler
                0x0800f60c                USART6_IRQHandler
                0x0800f60c                TIM4_IRQHandler
                0x0800f60c                I2C1_EV_IRQHandler
                0x0800f60c                DMA1_Stream6_IRQHandler
                0x0800f60c                DMA1_Stream1_IRQHandler
                0x0800f60c                TIM3_IRQHandler
                0x0800f60c                RCC_IRQHandler
                0x0800f60c                Default_Handler
                0x0800f60c                DMA1_Stream7_IRQHandler
                0x0800f60c                DMA2_Stream7_IRQHandler
                0x0800f60c                I2C3_EV_IRQHandler
                0x0800f60c                EXTI9_5_IRQHandler
                0x0800f60c                RTC_WKUP_IRQHandler
                0x0800f60c                SPI2_IRQHandler
                0x0800f60c                DMA1_Stream0_IRQHandler
                0x0800f60c                EXTI4_IRQHandler
                0x0800f60c                WWDG_IRQHandler
                0x0800f60c                TIM2_IRQHandler
                0x0800f60c                OTG_FS_WKUP_IRQHandler
                0x0800f60c                TIM1_TRG_COM_TIM11_IRQHandler
                0x0800f60c                EXTI1_IRQHandler
                0x0800f60c                I2C2_ER_IRQHandler
                0x0800f60c                DMA2_Stream1_IRQHandler
                0x0800f60c                FLASH_IRQHandler
                0x0800f60c                DMA2_Stream4_IRQHandler
                0x0800f60c                USART1_IRQHandler
                0x0800f60c                OTG_FS_IRQHandler
                0x0800f60c                SPI3_IRQHandler
                0x0800f60c                DMA1_Stream4_IRQHandler
                0x0800f60c                I2C1_ER_IRQHandler
                0x0800f60c                DMA2_Stream6_IRQHandler
                0x0800f60c                DMA1_Stream3_IRQHandler
 *fill*         0x0800f60e        0x2 
 .text.fmod     0x0800f610       0x6c c:/programdata/matlab/supportpackages/r2024a/3p.instrset/gnuarm-armcortex.instrset/win/bin/../lib/gcc/arm-none-eabi/11.3.1/thumb/v7e-m+fp/hard\libm.a(libm_a-w_fmod.o)
                0x0800f610                fmod
 .text.__ieee754_fmod
                0x0800f67c      0x27c c:/programdata/matlab/supportpackages/r2024a/3p.instrset/gnuarm-armcortex.instrset/win/bin/../lib/gcc/arm-none-eabi/11.3.1/thumb/v7e-m+fp/hard\libm.a(libm_a-e_fmod.o)
                0x0800f67c                __ieee754_fmod
 .text.__udivmoddi4
                0x0800f8f8      0x2c8 c:/programdata/matlab/supportpackages/r2024a/3p.instrset/gnuarm-armcortex.instrset/win/bin/../lib/gcc/arm-none-eabi/11.3.1/thumb/v7e-m+fp/hard\libgcc.a(_udivmoddi4.o)
                0x0800f8f8                __udivmoddi4
 .text.memset   0x0800fbc0       0x10 c:/programdata/matlab/supportpackages/r2024a/3p.instrset/gnuarm-armcortex.instrset/win/bin/../lib/gcc/arm-none-eabi/11.3.1/thumb/v7e-m+fp/hard\libg_nano.a(libc_a-memset.o)
                0x0800fbc0                memset
 .text.__errno  0x0800fbd0        0xc c:/programdata/matlab/supportpackages/r2024a/3p.instrset/gnuarm-armcortex.instrset/win/bin/../lib/gcc/arm-none-eabi/11.3.1/thumb/v7e-m+fp/hard\libg_nano.a(libc_a-errno.o)
                0x0800fbd0                __errno
 .text.__libc_init_array
                0x0800fbdc       0x48 c:/programdata/matlab/supportpackages/r2024a/3p.instrset/gnuarm-armcortex.instrset/win/bin/../lib/gcc/arm-none-eabi/11.3.1/thumb/v7e-m+fp/hard\libg_nano.a(libc_a-init.o)
                0x0800fbdc                __libc_init_array
 .text.memcpy   0x0800fc24       0x1c c:/programdata/matlab/supportpackages/r2024a/3p.instrset/gnuarm-armcortex.instrset/win/bin/../lib/gcc/arm-none-eabi/11.3.1/thumb/v7e-m+fp/hard\libg_nano.a(libc_a-memcpy-stub.o)
                0x0800fc24                memcpy
 *(.glue_7)
 .glue_7        0x0800fc40        0x0 linker stubs
 *(.glue_7t)
 .glue_7t       0x0800fc40        0x0 linker stubs
 *(.eh_frame)
 .eh_frame      0x0800fc40        0x0 c:/programdata/matlab/supportpackages/r2024a/3p.instrset/gnuarm-armcortex.instrset/win/bin/../lib/gcc/arm-none-eabi/11.3.1/thumb/v7e-m+fp/hard/crtbegin.o
 *(.init)
 .init          0x0800fc40        0x4 c:/programdata/matlab/supportpackages/r2024a/3p.instrset/gnuarm-armcortex.instrset/win/bin/../lib/gcc/arm-none-eabi/11.3.1/thumb/v7e-m+fp/hard/crti.o
                0x0800fc40                _init
 .init          0x0800fc44        0x8 c:/programdata/matlab/supportpackages/r2024a/3p.instrset/gnuarm-armcortex.instrset/win/bin/../lib/gcc/arm-none-eabi/11.3.1/thumb/v7e-m+fp/hard/crtn.o
 *(.fini)
 .fini          0x0800fc4c        0x4 c:/programdata/matlab/supportpackages/r2024a/3p.instrset/gnuarm-armcortex.instrset/win/bin/../lib/gcc/arm-none-eabi/11.3.1/thumb/v7e-m+fp/hard/crti.o
                0x0800fc4c                _fini
 .fini          0x0800fc50        0x8 c:/programdata/matlab/supportpackages/r2024a/3p.instrset/gnuarm-armcortex.instrset/win/bin/../lib/gcc/arm-none-eabi/11.3.1/thumb/v7e-m+fp/hard/crtn.o
                0x0800fc58                . = ALIGN (0x4)
                0x0800fc58                _etext = .

.vfp11_veneer   0x0800fc58        0x0
 .vfp11_veneer  0x0800fc58        0x0 linker stubs

.v4_bx          0x0800fc58        0x0
 .v4_bx         0x0800fc58        0x0 linker stubs

.iplt           0x0800fc58        0x0
 .iplt          0x0800fc58        0x0 c:/programdata/matlab/supportpackages/r2024a/3p.instrset/gnuarm-armcortex.instrset/win/bin/../lib/gcc/arm-none-eabi/11.3.1/thumb/v7e-m+fp/hard/crtbegin.o

.rodata         0x0800fc58     0x29e0
                0x0800fc58                . = ALIGN (0x4)
 *(.rodata)
 .rodata        0x0800fc58      0x2b9 xcp_ext_mode.o
 *fill*         0x0800ff11        0x3 
 .rodata        0x0800ff14      0x12e xcp_ext_common.o
 *fill*         0x08010042        0x2 
 .rodata        0x08010044       0x4c xcp_ext_classic_trigger.o
 .rodata        0x08010090      0x278 xcp.o
 .rodata        0x08010308      0x3a9 xcp_standard.o
 *fill*         0x080106b1        0x3 
 .rodata        0x080106b4     0x1010 xcp_daq.o
 .rodata        0x080116c4       0xdd xcp_calibration.o
 *fill*         0x080117a1        0x3 
 .rodata        0x080117a4      0x56e xcp_transport.o
 *fill*         0x08011d12        0x2 
 .rodata        0x08011d14       0xf5 xcp_mem_default.o
 *fill*         0x08011e09        0x3 
 .rodata        0x08011e0c      0x228 xcp_drv_rtiostream.o
 .rodata        0x08012034      0x4aa xcp_frame_serial.o
 *(.rodata*)
 *fill*         0x080124de        0x2 
 .rodata.STMF4Hall_M
                0x080124e0        0x4 STMF4Hall.o
                0x080124e0                STMF4Hall_M
 .rodata.rtAlwaysEnabled.0
                0x080124e4        0x1 STMF4Hall.o
 *fill*         0x080124e5        0x3 
 .rodata.standardSupportedRxPacket
                0x080124e8       0x54 xcp_standard.o
 .rodata.daqSupportedRxPacket
                0x0801253c       0x9c xcp_daq.o
 .rodata.calibrationSupportedRxPacket
                0x080125d8       0x18 xcp_calibration.o
 .rodata.STREAM_OFFSET_TAB
                0x080125f0        0x8 stm_usart.o
 .rodata.STREAM_OFFSET_TAB
                0x080125f8        0x8 main.o
 .rodata.OFFSET_TAB_CCMRx
                0x08012600        0x7 main.o
 *fill*         0x08012607        0x1 
 .rodata.SHIFT_TAB_OCxx
                0x08012608        0x7 main.o
 *fill*         0x0801260f        0x1 
 .rodata.AHBPrescTable
                0x08012610       0x10 system_stm32f4xx.o
                0x08012610                AHBPrescTable
 .rodata.APBPrescTable
                0x08012620        0x8 system_stm32f4xx.o
                0x08012620                APBPrescTable
 .rodata.Zero   0x08012628       0x10 c:/programdata/matlab/supportpackages/r2024a/3p.instrset/gnuarm-armcortex.instrset/win/bin/../lib/gcc/arm-none-eabi/11.3.1/thumb/v7e-m+fp/hard\libm.a(libm_a-e_fmod.o)
                0x08012638                . = ALIGN (0x4)

.ARM.extab      0x08012638        0x0
                0x08012638                . = ALIGN (0x4)
 *(.ARM.extab* .gnu.linkonce.armextab.*)
                0x08012638                . = ALIGN (0x4)

.ARM            0x08012638        0x8
                0x08012638                . = ALIGN (0x4)
                0x08012638                __exidx_start = .
 *(.ARM.exidx*)
 .ARM.exidx.text.__udivmoddi4
                0x08012638        0x8 c:/programdata/matlab/supportpackages/r2024a/3p.instrset/gnuarm-armcortex.instrset/win/bin/../lib/gcc/arm-none-eabi/11.3.1/thumb/v7e-m+fp/hard\libgcc.a(_udivmoddi4.o)
                0x08012640                __exidx_end = .
                0x08012640                . = ALIGN (0x4)

.rel.dyn        0x08012640        0x0
 .rel.iplt      0x08012640        0x0 c:/programdata/matlab/supportpackages/r2024a/3p.instrset/gnuarm-armcortex.instrset/win/bin/../lib/gcc/arm-none-eabi/11.3.1/thumb/v7e-m+fp/hard/crtbegin.o

.preinit_array  0x08012640        0x0
                0x08012640                . = ALIGN (0x4)
                0x08012640                PROVIDE (__preinit_array_start = .)
 *(.preinit_array*)
                0x08012640                PROVIDE (__preinit_array_end = .)
                0x08012640                . = ALIGN (0x4)

.init_array     0x08012640        0x4
                0x08012640                . = ALIGN (0x4)
                0x08012640                PROVIDE (__init_array_start = .)
 *(SORT_BY_NAME(.init_array.*))
 *(.init_array*)
 .init_array    0x08012640        0x4 c:/programdata/matlab/supportpackages/r2024a/3p.instrset/gnuarm-armcortex.instrset/win/bin/../lib/gcc/arm-none-eabi/11.3.1/thumb/v7e-m+fp/hard/crtbegin.o
                0x08012644                PROVIDE (__init_array_end = .)
                0x08012644                . = ALIGN (0x4)

.fini_array     0x08012644        0x4
                0x08012644                . = ALIGN (0x4)
                [!provide]                PROVIDE (__fini_array_start = .)
 *(SORT_BY_NAME(.fini_array.*))
 *(.fini_array*)
 .fini_array    0x08012644        0x4 c:/programdata/matlab/supportpackages/r2024a/3p.instrset/gnuarm-armcortex.instrset/win/bin/../lib/gcc/arm-none-eabi/11.3.1/thumb/v7e-m+fp/hard/crtbegin.o
                [!provide]                PROVIDE (__fini_array_end = .)
                0x08012648                . = ALIGN (0x4)
                0x08012648                _sidata = LOADADDR (.data)

.data           0x20000000      0x2b8 load address 0x08012648
                0x20000000                . = ALIGN (0x4)
                0x20000000                _sdata = .
 *(.data)
 *(.data*)
 .data.STMF4Hall_P
                0x20000000      0x1d8 STMF4Hall_data.o
                0x20000000                STMF4Hall_P
 .data.xcpExtmodeFinalSimulationTime
                0x200001d8        0x8 xcp_ext_common.o
                0x200001d8                xcpExtmodeFinalSimulationTime
 .data.xcpClassicTriggerDuration
                0x200001e0        0x4 xcp_ext_classic_trigger.o
                0x200001e0                xcpClassicTriggerDuration
 .data.xcpClassicTriggerArmRequest
                0x200001e4        0x1 xcp_ext_classic_trigger.o
                0x200001e4                xcpClassicTriggerArmRequest
 *fill*         0x200001e5        0x3 
 .data.startStopDaqListId
                0x200001e8        0x4 xcp_daq.o
 .data.xcpCurrentDaq
                0x200001ec        0x4 xcp_daq.o
 .data.xcpEventCustomMemoryManager
                0x200001f0        0xc xcp_daq.o
 .data.xcpCtoReservedMemPoolId
                0x200001fc        0x4 xcp_transport.o
 .data.xcpMemMainBlockSizes
                0x20000200        0xc xcp_mem_default.o
 .data.xcpMemMainBlocksNumber
                0x2000020c        0xc xcp_mem_default.o
 .data.drvID    0x20000218        0x4 xcp_drv_rtiostream.o
 .data.xcpCtoReservedMemPoolId
                0x2000021c        0x4 xcp_frame_serial.o
 .data.uartObj  0x20000220       0x40 rtiostream_serial.o
                0x20000220                uartObj
 .data.uwTickFreq
                0x20000260        0x1 stm32f4xx_hal.o
                0x20000260                uwTickFreq
 *fill*         0x20000261        0x3 
 .data.SystemCoreClock
                0x20000264        0x4 system_stm32f4xx.o
                0x20000264                SystemCoreClock
 .data._impure_data
                0x20000268       0x4c c:/programdata/matlab/supportpackages/r2024a/3p.instrset/gnuarm-armcortex.instrset/win/bin/../lib/gcc/arm-none-eabi/11.3.1/thumb/v7e-m+fp/hard\libg_nano.a(libc_a-impure.o)
                0x20000268                _impure_data
 .data._impure_ptr
                0x200002b4        0x4 c:/programdata/matlab/supportpackages/r2024a/3p.instrset/gnuarm-armcortex.instrset/win/bin/../lib/gcc/arm-none-eabi/11.3.1/thumb/v7e-m+fp/hard\libg_nano.a(libc_a-impure.o)
                0x200002b4                _impure_ptr
 *(.RamFunc)
 *(.RamFunc*)
                0x200002b8                . = ALIGN (0x4)
                0x200002b8                _edata = .

.tm_clone_table
                0x200002b8        0x0 load address 0x08012900
 .tm_clone_table
                0x200002b8        0x0 c:/programdata/matlab/supportpackages/r2024a/3p.instrset/gnuarm-armcortex.instrset/win/bin/../lib/gcc/arm-none-eabi/11.3.1/thumb/v7e-m+fp/hard/crtbegin.o
 .tm_clone_table
                0x200002b8        0x0 c:/programdata/matlab/supportpackages/r2024a/3p.instrset/gnuarm-armcortex.instrset/win/bin/../lib/gcc/arm-none-eabi/11.3.1/thumb/v7e-m+fp/hard/crtend.o

.igot.plt       0x200002b8        0x0 load address 0x08012900
 .igot.plt      0x200002b8        0x0 c:/programdata/matlab/supportpackages/r2024a/3p.instrset/gnuarm-armcortex.instrset/win/bin/../lib/gcc/arm-none-eabi/11.3.1/thumb/v7e-m+fp/hard/crtbegin.o
                0x200002b8                . = ALIGN (0x4)

.bss            0x200002b8     0x1420 load address 0x08012900
                0x200002b8                _sbss = .
                0x200002b8                __bss_start__ = _sbss
 *(.bss)
 *(.bss*)
 .bss.completed.1
                0x200002b8        0x1 c:/programdata/matlab/supportpackages/r2024a/3p.instrset/gnuarm-armcortex.instrset/win/bin/../lib/gcc/arm-none-eabi/11.3.1/thumb/v7e-m+fp/hard/crtbegin.o
 *fill*         0x200002b9        0x3 
 .bss.object.0  0x200002bc       0x18 c:/programdata/matlab/supportpackages/r2024a/3p.instrset/gnuarm-armcortex.instrset/win/bin/../lib/gcc/arm-none-eabi/11.3.1/thumb/v7e-m+fp/hard/crtbegin.o
 .bss.mw_adc1   0x200002d4       0x1c stm_adc_ll.o
                0x200002d4                mw_adc1
 .bss.mw_tim1   0x200002f0       0x8c stm_timer_ll.o
                0x200002f0                mw_tim1
 .bss.mw_tim2   0x2000037c       0x8c stm_timer_ll.o
                0x2000037c                mw_tim2
 .bss.xcpCustomTriggerFunction
                0x20000408        0x8 xcp_ext_mode.o
 .bss.currentTime
                0x20000410        0x8 STMF4Hall.o
                0x20000410                currentTime
 .bss.STMF4Hall_B
                0x20000418       0x38 STMF4Hall.o
                0x20000418                STMF4Hall_B
 .bss.STMF4Hall_DW
                0x20000450       0xb4 STMF4Hall.o
                0x20000450                STMF4Hall_DW
 *fill*         0x20000504        0x4 
 .bss.STMF4Hall_M_
                0x20000508       0x68 STMF4Hall.o
 .bss.rt_ExtModeInfo.2
                0x20000570       0x14 STMF4Hall.o
 .bss.systemRan.1
                0x20000584      0x18c STMF4Hall.o
 .bss.IsrOverrun
                0x20000710        0x4 ert_main.o
                0x20000710                IsrOverrun
 .bss.isRateRunning
                0x20000714        0x2 ert_main.o
                0x20000714                isRateRunning
 *fill*         0x20000716        0x2 
 .bss.need2runFlags
                0x20000718        0x2 ert_main.o
                0x20000718                need2runFlags
 .bss.stopRequested
                0x2000071a        0x1 ert_main.o
                0x2000071a                stopRequested
 .bss.runModel  0x2000071b        0x1 ert_main.o
                0x2000071b                runModel
 .bss.xcpModelStartRequest
                0x2000071c        0x1 xcp_ext_common.o
                0x2000071c                xcpModelStartRequest
 .bss.xcpModelStopRequest
                0x2000071d        0x1 xcp_ext_common.o
                0x2000071d                xcpModelStopRequest
 .bss.xcpModelStatus
                0x2000071e        0x1 xcp_ext_common.o
                0x2000071e                xcpModelStatus
 *fill*         0x2000071f        0x1 
 .bss.xcpModelChecksum0
                0x20000720        0x4 xcp_ext_common.o
                0x20000720                xcpModelChecksum0
 .bss.xcpModelChecksum1
                0x20000724        0x4 xcp_ext_common.o
                0x20000724                xcpModelChecksum1
 .bss.xcpModelChecksum2
                0x20000728        0x4 xcp_ext_common.o
                0x20000728                xcpModelChecksum2
 .bss.xcpModelChecksum3
                0x2000072c        0x4 xcp_ext_common.o
                0x2000072c                xcpModelChecksum3
 .bss.xcpModelIntegerCode
                0x20000730        0x4 xcp_ext_common.o
                0x20000730                xcpModelIntegerCode
 .bss.xcpExtmodeSimulationComplete
                0x20000734        0x1 xcp_ext_common.o
                0x20000734                xcpExtmodeSimulationComplete
 *fill*         0x20000735        0x3 
 .bss.xcpDummyDoubleVariable
                0x20000738        0x8 xcp_ext_common.o
                0x20000738                xcpDummyDoubleVariable
 .bss.xcpCurrentSimulationTimeInMs
                0x20000740        0x8 xcp_ext_common.o
                0x20000740                xcpCurrentSimulationTimeInMs
 .bss.xcpBaseRateSimulationTime
                0x20000748        0x8 xcp_ext_common.o
 .bss.xcpClassicTriggerEventId
                0x20000750        0x2 xcp_ext_classic_trigger.o
                0x20000750                xcpClassicTriggerEventId
 *fill*         0x20000752        0x2 
 .bss.xcpClassicTriggerSignalAddress
                0x20000754        0x4 xcp_ext_classic_trigger.o
                0x20000754                xcpClassicTriggerSignalAddress
 .bss.xcpClassicTriggerSignalAddressExtension
                0x20000758        0x1 xcp_ext_classic_trigger.o
                0x20000758                xcpClassicTriggerSignalAddressExtension
 *fill*         0x20000759        0x7 
 .bss.xcpClassicTriggerLevel
                0x20000760        0x8 xcp_ext_classic_trigger.o
                0x20000760                xcpClassicTriggerLevel
 .bss.xcpClassicTriggerHoldOff
                0x20000768        0x4 xcp_ext_classic_trigger.o
                0x20000768                xcpClassicTriggerHoldOff
 .bss.xcpClassicTriggerDelay
                0x2000076c        0x4 xcp_ext_classic_trigger.o
                0x2000076c                xcpClassicTriggerDelay
 .bss.xcpClassicTriggerDirection
                0x20000770        0x1 xcp_ext_classic_trigger.o
                0x20000770                xcpClassicTriggerDirection
 .bss.xcpClassicTriggerCancelRequest
                0x20000771        0x1 xcp_ext_classic_trigger.o
                0x20000771                xcpClassicTriggerCancelRequest
 .bss.xcpClassicTriggerSource
                0x20000772        0x1 xcp_ext_classic_trigger.o
                0x20000772                xcpClassicTriggerSource
 .bss.xcpClassicTriggerMode
                0x20000773        0x1 xcp_ext_classic_trigger.o
                0x20000773                xcpClassicTriggerMode
 .bss.xcpClassicTriggerStatus
                0x20000774        0x1 xcp_ext_classic_trigger.o
                0x20000774                xcpClassicTriggerStatus
 *fill*         0x20000775        0x3 
 .bss.xcpOldSignalValue
                0x20000778        0x8 xcp_ext_classic_trigger.o
 .bss.xcpOldSignalValueAvailable
                0x20000780        0x1 xcp_ext_classic_trigger.o
 .bss.xcpOldClassicTriggerSource
                0x20000781        0x1 xcp_ext_classic_trigger.o
 .bss.xcpTriggerEnabled
                0x20000782        0x1 xcp_ext_classic_trigger.o
 .bss.xcpSignalTriggerFired
                0x20000783        0x1 xcp_ext_classic_trigger.o
 .bss.xcpTriggerCount
                0x20000784        0x4 xcp_ext_classic_trigger.o
 .bss.xcpForcedTriggerEnabled
                0x20000788        0x1 xcp_ext_classic_trigger.o
 .bss.xcpForceTriggerEnableRequest
                0x20000789        0x1 xcp_ext_classic_trigger.o
 .bss.initialized
                0x2000078a        0x1 xcp.o
 .bss.xcpStatus
                0x2000078b        0x1 xcp.o
 .bss.xcpSessionStatus
                0x2000078c        0x1 xcp.o
 .bss.xcpResourceProtectionStatus
                0x2000078d        0x1 xcp.o
 .bss.xcpSessionConfigurationId
                0x2000078e        0x2 xcp.o
 .bss.groupPacketLookup
                0x20000790       0x10 xcp.o
 .bss.xcpMta    0x200007a0        0x8 xcp_standard.o
 .bss.xcpUploadSize
                0x200007a8        0x1 xcp_standard.o
 *fill*         0x200007a9        0x3 
 .bss.packetLookup
                0x200007ac        0x4 xcp_standard.o
 .bss.xcpDynamicDaqLists
                0x200007b0        0x8 xcp_daq.o
 .bss.xcpRunningEventCounter
                0x200007b8        0x4 xcp_daq.o
 .bss.daqLock   0x200007bc        0x4 xcp_daq.o
 .bss.packetLookup
                0x200007c0        0x4 xcp_daq.o
 .bss.packetLookup
                0x200007c4        0x4 xcp_calibration.o
 .bss.txFifo    0x200007c8       0x10 xcp_transport.o
 .bss.txLock    0x200007d8        0x4 xcp_transport.o
 .bss.rxFifo    0x200007dc        0x8 xcp_transport.o
 .bss.rxLock    0x200007e4        0x4 xcp_transport.o
 .bss.initialized
                0x200007e8        0x1 xcp_transport.o
 *fill*         0x200007e9        0x3 
 .bss.xcpMemPoolDescriptors
                0x200007ec       0xc0 xcp_mem_default.o
 .bss.xcpMemCustomPoolDescriptors
                0x200008ac        0x8 xcp_mem_default.o
 .bss.xcpMemMainChunk
                0x200008b4      0x3a7 xcp_mem_default.o
 *fill*         0x20000c5b        0x1 
 .bss.xcpMemReservedPoolsChunk
                0x20000c5c      0x481 xcp_mem_default.o
 *fill*         0x200010dd        0x3 
 .bss.xcpMemReservedPoolsChunkUsedBytes
                0x200010e0        0x4 xcp_mem_default.o
 .bss.xcpMemLock
                0x200010e4        0x4 xcp_mem_default.o
 .bss.forceBlocking
                0x200010e8        0x1 xcp_drv_rtiostream.o
 *fill*         0x200010e9        0x1 
 .bss.txCounter
                0x200010ea        0x2 xcp_frame_serial.o
 .bss.rxCounter
                0x200010ec        0x2 xcp_frame_serial.o
 *fill*         0x200010ee        0x2 
 .bss.firstRxCounterReceived
                0x200010f0        0x4 xcp_frame_serial.o
 .bss.initialized
                0x200010f4        0x1 xcp_frame_serial.o
 *fill*         0x200010f5        0x3 
 .bss.timestampInitialized
                0x200010f8        0x4 platform_timer.o
 .bss.timestampStartTime
                0x200010fc        0x4 platform_timer.o
 .bss.schdl_counter
                0x20001100        0x4 SysTickScheduler.o
                0x20001100                schdl_counter
 .bss.schdl_counter_max
                0x20001104        0x4 SysTickScheduler.o
                0x20001104                schdl_counter_max
 .bss.taskToSchedule
                0x20001108        0x4 m3m4m4f_multitasking.o
                0x20001108                taskToSchedule
 .bss.mw_ext_h  0x2000110c        0x4 rtiostream_serial.o
                0x2000110c                mw_ext_h
 .bss.UARTRxBuffer
                0x20001110        0x4 rtiostream_serial.o
                0x20001110                UARTRxBuffer
 .bss.mw_usart2
                0x20001114       0x40 stm_usart.o
                0x20001114                mw_usart2
 .bss.USART2ReceiveBuffer
                0x20001154      0x400 stm_usart.o
                0x20001154                USART2ReceiveBuffer
 .bss.htim5     0x20001554       0x48 stm32f4xx_hal_timebase_tim.o
                0x20001554                htim5
 .bss.uwTick    0x2000159c        0x4 stm32f4xx_hal.o
                0x2000159c                uwTick
 .bss.__sf      0x200015a0      0x138 c:/programdata/matlab/supportpackages/r2024a/3p.instrset/gnuarm-armcortex.instrset/win/bin/../lib/gcc/arm-none-eabi/11.3.1/thumb/v7e-m+fp/hard\libg_nano.a(libc_a-findfp.o)
                0x200015a0                __sf
 *(COMMON)
                0x200016d8                . = ALIGN (0x4)
                0x200016d8                _ebss = .
                0x200016d8                __bss_end__ = _ebss

._user_heap_stack
                0x200016d8      0x600 load address 0x08012900
                0x200016d8                . = ALIGN (0x8)
                [!provide]                PROVIDE (end = .)
                0x200016d8                PROVIDE (_end = .)
                0x200018d8                . = (. + _Min_Heap_Size)
 *fill*         0x200016d8      0x200 
                0x20001cd8                . = (. + _Min_Stack_Size)
 *fill*         0x200018d8      0x400 
                0x20001cd8                . = ALIGN (0x8)

/DISCARD/
 libc.a(*)
 libm.a(*)
 libgcc.a(*)

.ARM.attributes
                0x00000000       0x30
 *(.ARM.attributes)
 .ARM.attributes
                0x00000000       0x1e c:/programdata/matlab/supportpackages/r2024a/3p.instrset/gnuarm-armcortex.instrset/win/bin/../lib/gcc/arm-none-eabi/11.3.1/thumb/v7e-m+fp/hard/crti.o
 .ARM.attributes
                0x0000001e       0x34 c:/programdata/matlab/supportpackages/r2024a/3p.instrset/gnuarm-armcortex.instrset/win/bin/../lib/gcc/arm-none-eabi/11.3.1/thumb/v7e-m+fp/hard/crtbegin.o
 .ARM.attributes
                0x00000052       0x34 stm_adc_ll.o
 .ARM.attributes
                0x00000086       0x34 stm_timer_ll.o
 .ARM.attributes