Archive member included to satisfy reference by file (symbol)

c:/programdata/matlab/supportpackages/r2024a/3p.instrset/gnuarm-armcortex.instrset/win/bin/../lib/gcc/arm-none-eabi/11.3.1/thumb/v7e-m+fp/hard\libm.a(libm_a-w_fmod.o)
                              STMF4Hall.o (fmod)
c:/programdata/matlab/supportpackages/r2024a/3p.instrset/gnuarm-armcortex.instrset/win/bin/../lib/gcc/arm-none-eabi/11.3.1/thumb/v7e-m+fp/hard\libm.a(libm_a-s_fmin.o)
                              STMF4Hall.o (fmin)
c:/programdata/matlab/supportpackages/r2024a/3p.instrset/gnuarm-armcortex.instrset/win/bin/../lib/gcc/arm-none-eabi/11.3.1/thumb/v7e-m+fp/hard\libm.a(libm_a-s_fpclassify.o)
                              c:/programdata/matlab/supportpackages/r2024a/3p.instrset/gnuarm-armcortex.instrset/win/bin/../lib/gcc/arm-none-eabi/11.3.1/thumb/v7e-m+fp/hard\libm.a(libm_a-s_fmin.o) (__fpclassifyd)
c:/programdata/matlab/supportpackages/r2024a/3p.instrset/gnuarm-armcortex.instrset/win/bin/../lib/gcc/arm-none-eabi/11.3.1/thumb/v7e-m+fp/hard\libm.a(libm_a-s_floor.o)
                              STMF4Hall.o (floor)
c:/programdata/matlab/supportpackages/r2024a/3p.instrset/gnuarm-armcortex.instrset/win/bin/../lib/gcc/arm-none-eabi/11.3.1/thumb/v7e-m+fp/hard\libm.a(libm_a-e_fmod.o)
                              c:/programdata/matlab/supportpackages/r2024a/3p.instrset/gnuarm-armcortex.instrset/win/bin/../lib/gcc/arm-none-eabi/11.3.1/thumb/v7e-m+fp/hard\libm.a(libm_a-w_fmod.o) (__ieee754_fmod)
c:/programdata/matlab/supportpackages/r2024a/3p.instrset/gnuarm-armcortex.instrset/win/bin/../lib/gcc/arm-none-eabi/11.3.1/thumb/v7e-m+fp/hard\libgcc.a(_arm_muldf3.o)
                              STMF4Hall.o (__aeabi_dmul)
c:/programdata/matlab/supportpackages/r2024a/3p.instrset/gnuarm-armcortex.instrset/win/bin/../lib/gcc/arm-none-eabi/11.3.1/thumb/v7e-m+fp/hard\libgcc.a(_arm_addsubdf3.o)
                              STMF4Hall.o (__aeabi_dsub)
c:/programdata/matlab/supportpackages/r2024a/3p.instrset/gnuarm-armcortex.instrset/win/bin/../lib/gcc/arm-none-eabi/11.3.1/thumb/v7e-m+fp/hard\libgcc.a(_arm_muldivdf3.o)
                              xcp_ext_common.o (__aeabi_ddiv)
c:/programdata/matlab/supportpackages/r2024a/3p.instrset/gnuarm-armcortex.instrset/win/bin/../lib/gcc/arm-none-eabi/11.3.1/thumb/v7e-m+fp/hard\libgcc.a(_arm_cmpdf2.o)
                              xcp_ext_mode.o (__aeabi_dcmpeq)
c:/programdata/matlab/supportpackages/r2024a/3p.instrset/gnuarm-armcortex.instrset/win/bin/../lib/gcc/arm-none-eabi/11.3.1/thumb/v7e-m+fp/hard\libgcc.a(_arm_unorddf2.o)
                              rt_nonfinite.o (__aeabi_dcmpun)
c:/programdata/matlab/supportpackages/r2024a/3p.instrset/gnuarm-armcortex.instrset/win/bin/../lib/gcc/arm-none-eabi/11.3.1/thumb/v7e-m+fp/hard\libgcc.a(_arm_fixunsdfsi.o)
                              STMF4Hall.o (__aeabi_d2uiz)
c:/programdata/matlab/supportpackages/r2024a/3p.instrset/gnuarm-armcortex.instrset/win/bin/../lib/gcc/arm-none-eabi/11.3.1/thumb/v7e-m+fp/hard\libgcc.a(_arm_truncdfsf2.o)
                              STMF4Hall.o (__aeabi_d2f)
c:/programdata/matlab/supportpackages/r2024a/3p.instrset/gnuarm-armcortex.instrset/win/bin/../lib/gcc/arm-none-eabi/11.3.1/thumb/v7e-m+fp/hard\libgcc.a(_aeabi_uldivmod.o)
                              stm32f4xx_hal_rcc.o (__aeabi_uldivmod)
c:/programdata/matlab/supportpackages/r2024a/3p.instrset/gnuarm-armcortex.instrset/win/bin/../lib/gcc/arm-none-eabi/11.3.1/thumb/v7e-m+fp/hard\libgcc.a(_udivmoddi4.o)
                              c:/programdata/matlab/supportpackages/r2024a/3p.instrset/gnuarm-armcortex.instrset/win/bin/../lib/gcc/arm-none-eabi/11.3.1/thumb/v7e-m+fp/hard\libgcc.a(_aeabi_uldivmod.o) (__udivmoddi4)
c:/programdata/matlab/supportpackages/r2024a/3p.instrset/gnuarm-armcortex.instrset/win/bin/../lib/gcc/arm-none-eabi/11.3.1/thumb/v7e-m+fp/hard\libgcc.a(_dvmd_tls.o)
                              c:/programdata/matlab/supportpackages/r2024a/3p.instrset/gnuarm-armcortex.instrset/win/bin/../lib/gcc/arm-none-eabi/11.3.1/thumb/v7e-m+fp/hard\libgcc.a(_aeabi_uldivmod.o) (__aeabi_ldiv0)
c:/programdata/matlab/supportpackages/r2024a/3p.instrset/gnuarm-armcortex.instrset/win/bin/../lib/gcc/arm-none-eabi/11.3.1/thumb/v7e-m+fp/hard\libg_nano.a(libc_a-exit.o)
                              c:/programdata/matlab/supportpackages/r2024a/3p.instrset/gnuarm-armcortex.instrset/win/bin/../lib/gcc/arm-none-eabi/11.3.1/thumb/v7e-m+fp/hard/crt0.o (exit)
c:/programdata/matlab/supportpackages/r2024a/3p.instrset/gnuarm-armcortex.instrset/win/bin/../lib/gcc/arm-none-eabi/11.3.1/thumb/v7e-m+fp/hard\libg_nano.a(libc_a-findfp.o)
                              c:/programdata/matlab/supportpackages/r2024a/3p.instrset/gnuarm-armcortex.instrset/win/bin/../lib/gcc/arm-none-eabi/11.3.1/thumb/v7e-m+fp/hard\libg_nano.a(libc_a-exit.o) (__stdio_exit_handler)
[...]
Memory Configuration

Name             Origin             Length             Attributes
RAM              0x20000000         0x00018000         xrw
FLASH            0x08000000         0x00080000         xr
*default*        0x00000000         0xffffffff

Linker script and memory map

LOAD c:/programdata/matlab/supportpackages/r2024a/3p.instrset/gnuarm-armcortex.instrset/win/bin/../lib/gcc/arm-none-eabi/11.3.1/thumb/v7e-m+fp/hard/crti.o
LOAD c:/programdata/matlab/supportpackages/r2024a/3p.instrset/gnuarm-armcortex.instrset/win/bin/../lib/gcc/arm-none-eabi/11.3.1/thumb/v7e-m+fp/hard/crtbegin.o
LOAD c:/programdata/matlab/supportpackages/r2024a/3p.instrset/gnuarm-armcortex.instrset/win/bin/../lib/gcc/arm-none-eabi/11.3.1/thumb/v7e-m+fp/hard/crt0.o
LOAD stm_adc_ll.o
LOAD stm_timer_ll.o
LOAD xcp_ext_mode.o
LOAD mw_stm32_nvic.o
LOAD STMF4Hall.o
LOAD STMF4Hall_data.o
LOAD ert_main.o
LOAD rt_nonfinite.o
LOAD xcp_ext_common.o
LOAD xcp_ext_classic_trigger.o
LOAD xcp.o
LOAD xcp_standard.o
LOAD xcp_daq.o
LOAD xcp_calibration.o
LOAD xcp_fifo.o
LOAD xcp_transport.o
LOAD xcp_mem_default.o
LOAD xcp_drv_rtiostream.o
LOAD xcp_utils.o
LOAD xcp_frame_serial.o
LOAD xcp_ext_param_default_serial.o
LOAD overrideHALDelay.o
LOAD platform_timer.o
LOAD SysTickScheduler.o
LOAD m3m4m4f_multitasking.o
LOAD rtiostream_serial.o
LOAD stm_usart.o
LOAD sys_arch.o
LOAD main.o
LOAD stm32f4xx_it.o
LOAD stm32f4xx_hal_msp.o
LOAD stm32f4xx_hal_timebase_tim.o
LOAD stm32f4xx_ll_gpio.o
LOAD stm32f4xx_ll_adc.o
LOAD stm32f4xx_ll_dma.o
LOAD stm32f4xx_ll_rcc.o
LOAD stm32f4xx_ll_utils.o
LOAD stm32f4xx_ll_exti.o
LOAD stm32f4xx_hal_rcc.o
LOAD stm32f4xx_hal_rcc_ex.o
LOAD stm32f4xx_hal_flash.o
LOAD stm32f4xx_hal_flash_ex.o
LOAD stm32f4xx_hal_flash_ramfunc.o
LOAD stm32f4xx_hal_gpio.o
LOAD stm32f4xx_hal_dma_ex.o
LOAD stm32f4xx_hal_dma.o
LOAD stm32f4xx_hal_pwr.o
LOAD stm32f4xx_hal_pwr_ex.o
LOAD stm32f4xx_hal_cortex.o
LOAD stm32f4xx_hal.o
LOAD stm32f4xx_hal_exti.o
LOAD stm32f4xx_hal_tim.o
LOAD stm32f4xx_hal_tim_ex.o
LOAD stm32f4xx_ll_tim.o
LOAD stm32f4xx_ll_usart.o
LOAD system_stm32f4xx.o
LOAD syscalls.o
LOAD sysmem.o
LOAD startup_stm32f401retx.o
LOAD C:/ProgramData/MATLAB/SupportPackages/R2024a/3P.instrset/cmsis_dsp.instrset/Lib/GCC/arm_cortexm4ldfsp_math/libCMSISDSP.a
LOAD C:/ProgramData/MATLAB/SupportPackages/R2024a/toolbox/shared/supportpackages/stm32/lib/GCC/libmw_pdmfilter_m4_spfp.lib
LOAD c:/programdata/matlab/supportpackages/r2024a/3p.instrset/gnuarm-armcortex.instrset/win/bin/../lib/gcc/arm-none-eabi/11.3.1/thumb/v7e-m+fp/hard\libstdc++_nano.a
LOAD c:/programdata/matlab/supportpackages/r2024a/3p.instrset/gnuarm-armcortex.instrset/win/bin/../lib/gcc/arm-none-eabi/11.3.1/thumb/v7e-m+fp/hard\libm.a
START GROUP
LOAD c:/programdata/matlab/supportpackages/r2024a/3p.instrset/gnuarm-armcortex.instrset/win/bin/../lib/gcc/arm-none-eabi/11.3.1/thumb/v7e-m+fp/hard\libgcc.a
LOAD c:/programdata/matlab/supportpackages/r2024a/3p.instrset/gnuarm-armcortex.instrset/win/bin/../lib/gcc/arm-none-eabi/11.3.1/thumb/v7e-m+fp/hard\libg_nano.a
LOAD c:/programdata/matlab/supportpackages/r2024a/3p.instrset/gnuarm-armcortex.instrset/win/bin/../lib/gcc/arm-none-eabi/11.3.1/thumb/v7e-m+fp/hard\libc_nano.a
END GROUP
START GROUP
LOAD c:/programdata/matlab/supportpackages/r2024a/3p.instrset/gnuarm-armcortex.instrset/win/bin/../lib/gcc/arm-none-eabi/11.3.1/thumb/v7e-m+fp/hard\libgcc.a
LOAD c:/programdata/matlab/supportpackages/r2024a/3p.instrset/gnuarm-armcortex.instrset/win/bin/../lib/gcc/arm-none-eabi/11.3.1/thumb/v7e-m+fp/hard\libc_nano.a
LOAD c:/programdata/matlab/supportpackages/r2024a/3p.instrset/gnuarm-armcortex.instrset/win/bin/../lib/gcc/arm-none-eabi/11.3.1/thumb/v7e-m+fp/hard\libnosys.a
END GROUP
START GROUP
LOAD c:/programdata/matlab/supportpackages/r2024a/3p.instrset/gnuarm-armcortex.instrset/win/bin/../lib/gcc/arm-none-eabi/11.3.1/thumb/v7e-m+fp/hard\libgcc.a
LOAD c:/programdata/matlab/supportpackages/r2024a/3p.instrset/gnuarm-armcortex.instrset/win/bin/../lib/gcc/arm-none-eabi/11.3.1/thumb/v7e-m+fp/hard\libc_nano.a
LOAD c:/programdata/matlab/supportpackages/r2024a/3p.instrset/gnuarm-armcortex.instrset/win/bin/../lib/gcc/arm-none-eabi/11.3.1/thumb/v7e-m+fp/hard\libnosys.a
END GROUP
LOAD c:/programdata/matlab/supportpackages/r2024a/3p.instrset/gnuarm-armcortex.instrset/win/bin/../lib/gcc/arm-none-eabi/11.3.1/thumb/v7e-m+fp/hard/crtend.o
LOAD c:/programdata/matlab/supportpackages/r2024a/3p.instrset/gnuarm-armcortex.instrset/win/bin/../lib/gcc/arm-none-eabi/11.3.1/thumb/v7e-m+fp/hard/crtn.o
                0x20018000                _estack = (ORIGIN (RAM) + LENGTH (RAM))
                0x00000200                _Min_Heap_Size = 0x200
                0x00000400                _Min_Stack_Size = 0x400

.isr_vector     0x08000000      0x194
                0x08000000                . = ALIGN (0x4)
 *(.isr_vector)
 .isr_vector    0x08000000      0x194 startup_stm32f401retx.o
                0x08000000                g_pfnVectors
                0x08000194                . = ALIGN (0x4)

.text           0x08000198     0xffc4
                0x08000198                . = ALIGN (0x4)
 *(.text)
 .text          0x08000198      0x378 c:/programdata/matlab/supportpackages/r2024a/3p.instrset/gnuarm-armcortex.instrset/win/bin/../lib/gcc/arm-none-eabi/11.3.1/thumb/v7e-m+fp/hard\libgcc.a(_arm_addsubdf3.o)
                0x08000198                __aeabi_drsub
                0x080001a0                __aeabi_dsub
                0x080001a0                __subdf3
                0x080001a4                __aeabi_dadd
                0x080001a4                __adddf3
                0x0800041c                __floatunsidf
                0x0800041c                __aeabi_ui2d
                0x0800043c                __floatsidf
                0x0800043c                __aeabi_i2d
                0x08000460                __aeabi_f2d
                0x08000460                __extendsfdf2
                0x080004a4                __floatundidf
                0x080004a4                __aeabi_ul2d
                0x080004b4                __floatdidf
                0x080004b4                __aeabi_l2d
 .text          0x08000510      0x424 c:/programdata/matlab/supportpackages/r2024a/3p.instrset/gnuarm-armcortex.instrset/win/bin/../lib/gcc/arm-none-eabi/11.3.1/thumb/v7e-m+fp/hard\libgcc.a(_arm_muldivdf3.o)
                0x08000510                __aeabi_dmul
                0x08000510                __muldf3
                0x08000764                __divdf3
                0x08000764                __aeabi_ddiv
 .text          0x08000934      0x110 c:/programdata/matlab/supportpackages/r2024a/3p.instrset/gnuarm-armcortex.instrset/win/bin/../lib/gcc/arm-none-eabi/11.3.1/thumb/v7e-m+fp/hard\libgcc.a(_arm_cmpdf2.o)
                0x08000934                __gtdf2
                0x08000934                __gedf2
                0x0800093c                __ltdf2
                0x0800093c                __ledf2
                0x08000944                __nedf2
                0x08000944                __eqdf2
                0x08000944                __cmpdf2
                0x080009c0                __aeabi_cdrcmple
                0x080009d0                __aeabi_cdcmpeq
                0x080009d0                __aeabi_cdcmple
                0x080009e0                __aeabi_dcmpeq
                0x080009f4                __aeabi_dcmplt
                0x08000a08                __aeabi_dcmple
                0x08000a1c                __aeabi_dcmpge
                0x08000a30                __aeabi_dcmpgt
 .text          0x08000a44       0x2c c:/programdata/matlab/supportpackages/r2024a/3p.instrset/gnuarm-armcortex.instrset/win/bin/../lib/gcc/arm-none-eabi/11.3.1/thumb/v7e-m+fp/hard\libgcc.a(_arm_unorddf2.o)
                0x08000a44                __unorddf2
                0x08000a44                __aeabi_dcmpun
 .text          0x08000a70       0x40 c:/programdata/matlab/supportpackages/r2024a/3p.instrset/gnuarm-armcortex.instrset/win/bin/../lib/gcc/arm-none-eabi/11.3.1/thumb/v7e-m+fp/hard\libgcc.a(_arm_fixunsdfsi.o)
                0x08000a70                __aeabi_d2uiz
                0x08000a70                __fixunsdfsi
 .text          0x08000ab0       0xa0 c:/programdata/matlab/supportpackages/r2024a/3p.instrset/gnuarm-armcortex.instrset/win/bin/../lib/gcc/arm-none-eabi/11.3.1/thumb/v7e-m+fp/hard\libgcc.a(_arm_truncdfsf2.o)
                0x08000ab0                __truncdfsf2
                0x08000ab0                __aeabi_d2f
 .text          0x08000b50       0x30 c:/programdata/matlab/supportpackages/r2024a/3p.instrset/gnuarm-armcortex.instrset/win/bin/../lib/gcc/arm-none-eabi/11.3.1/thumb/v7e-m+fp/hard\libgcc.a(_aeabi_uldivmod.o)
                0x08000b50                __aeabi_uldivmod
 .text          0x08000b80        0x4 c:/programdata/matlab/supportpackages/r2024a/3p.instrset/gnuarm-armcortex.instrset/win/bin/../lib/gcc/arm-none-eabi/11.3.1/thumb/v7e-m+fp/hard\libgcc.a(_dvmd_tls.o)
                0x08000b80                __aeabi_idiv0
                0x08000b80                __aeabi_ldiv0
 *(.text*)
 .text.deregister_tm_clones
                0x08000b84       0x1c c:/programdata/matlab/supportpackages/r2024a/3p.instrset/gnuarm-armcortex.instrset/win/bin/../lib/gcc/arm-none-eabi/11.3.1/thumb/v7e-m+fp/hard/crtbegin.o
 .text.register_tm_clones
                0x08000ba0       0x24 c:/programdata/matlab/supportpackages/r2024a/3p.instrset/gnuarm-armcortex.instrset/win/bin/../lib/gcc/arm-none-eabi/11.3.1/thumb/v7e-m+fp/hard/crtbegin.o
 .text.__do_global_dtors_aux
                0x08000bc4       0x28 c:/programdata/matlab/supportpackages/r2024a/3p.instrset/gnuarm-armcortex.instrset/win/bin/../lib/gcc/arm-none-eabi/11.3.1/thumb/v7e-m+fp/hard/crtbegin.o
 .text.frame_dummy
                0x08000bec       0x24 c:/programdata/matlab/supportpackages/r2024a/3p.instrset/gnuarm-armcortex.instrset/win/bin/../lib/gcc/arm-none-eabi/11.3.1/thumb/v7e-m+fp/hard/crtbegin.o
 .text.LL_ADC_REG_SetSequencerLength
                0x08000c10       0x26 stm_adc_ll.o
 .text.LL_ADC_REG_SetDMATransfer
                0x08000c36       0x26 stm_adc_ll.o
 .text.LL_ADC_INJ_IsTriggerSourceSWStart
                0x08000c5c       0x26 stm_adc_ll.o
 .text.LL_ADC_Enable
                0x08000c82       0x20 stm_adc_ll.o
 .text.LL_ADC_Disable
                0x08000ca2       0x20 stm_adc_ll.o
 .text.LL_ADC_IsEnabled
                0x08000cc2       0x26 stm_adc_ll.o
 .text.LL_ADC_INJ_StartConversionSWStart
                0x08000ce8       0x20 stm_adc_ll.o
 .text.LL_ADC_IsActiveFlag_JEOS
                0x08000d08       0x26 stm_adc_ll.o
 .text.LL_ADC_ClearFlag_JEOS
                0x08000d2e       0x1c stm_adc_ll.o
 .text.LL_ADC_EnableIT_EOCS
                0x08000d4a       0x20 stm_adc_ll.o
 .text.LL_ADC_EnableIT_JEOS
                0x08000d6a       0x20 stm_adc_ll.o
 .text.LL_ADC_DisableIT_EOCS
                0x08000d8a       0x20 stm_adc_ll.o
 .text.LL_ADC_DisableIT_OVR
                0x08000daa       0x20 stm_adc_ll.o
 .text.LL_ADC_DisableIT_JEOS
                0x08000dca       0x20 stm_adc_ll.o
 .text.LL_ADC_DisableIT_AWD1
                0x08000dea       0x20 stm_adc_ll.o
 .text.LL_ADC_IsEnabledIT_OVR
                0x08000e0a       0x28 stm_adc_ll.o
 .text.LL_ADC_IsEnabledIT_AWD1
                0x08000e32       0x26 stm_adc_ll.o
 .text.injectedADCTrigger
                0x08000e58       0x70 stm_adc_ll.o
 .text.injectedOnlyReadADC
                0x08000ec8       0x4c stm_adc_ll.o
 .text.configure_ADCs_DMA
                0x08000f14       0x1a stm_adc_ll.o
 .text.deconfigure_ADCs_DMA
                0x08000f2e       0x18 stm_adc_ll.o
 .text.ADC_IsActiveFlagJEOS
                0x08000f46       0x36 stm_adc_ll.o
                0x08000f46                ADC_IsActiveFlagJEOS
 .text.startADCConversionForExternalTrigger
                0x08000f7c       0x18 stm_adc_ll.o
                0x08000f7c                startADCConversionForExternalTrigger
 .text.ADC_Handle_Init
                0x08000f94      0x120 stm_adc_ll.o
                0x08000f94                ADC_Handle_Init
 .text.enableADC
                0x080010b4       0x2a stm_adc_ll.o
                0x080010b4                enableADC
 .text.injectedReadADCIntr
                0x080010de       0xbc stm_adc_ll.o
                0x080010de                injectedReadADCIntr
 .text.ADC_Handle_Deinit
                0x0800119a       0xee stm_adc_ll.o
                0x0800119a                ADC_Handle_Deinit
 .text.LL_TIM_GetCounterMode
                0x08001288       0x30 stm_timer_ll.o
 .text.LL_TIM_GetCounter
                0x080012b8       0x18 stm_timer_ll.o
 .text.LL_TIM_GetRepetitionCounter
                0x080012d0       0x18 stm_timer_ll.o
 .text.LL_TIM_CC_EnableChannel
                0x080012e8       0x22 stm_timer_ll.o
 .text.LL_TIM_CC_DisableChannel
                0x0800130a       0x24 stm_timer_ll.o
 .text.LL_TIM_EnableAllOutputs
                0x0800132e       0x20 stm_timer_ll.o
 .text.LL_TIM_EnableIT_UPDATE
                0x0800134e       0x20 stm_timer_ll.o
 .text.LL_TIM_DisableIT_UPDATE
                0x0800136e       0x20 stm_timer_ll.o
 .text.LL_TIM_IsEnabledIT_UPDATE
                0x0800138e       0x26 stm_timer_ll.o
 .text.LL_TIM_EnableIT_CC1
                0x080013b4       0x20 stm_timer_ll.o
 .text.LL_TIM_DisableIT_CC1
                0x080013d4       0x20 stm_timer_ll.o
 .text.LL_TIM_IsEnabledIT_CC1
                0x080013f4       0x26 stm_timer_ll.o
 .text.LL_TIM_EnableIT_CC2
                0x0800141a       0x20 stm_timer_ll.o
 .text.LL_TIM_DisableIT_CC2
                0x0800143a       0x20 stm_timer_ll.o
 .text.LL_TIM_IsEnabledIT_CC2
                0x0800145a       0x26 stm_timer_ll.o
 .text.LL_TIM_EnableIT_CC3
                0x08001480       0x20 stm_timer_ll.o
 .text.LL_TIM_DisableIT_CC3
                0x080014a0       0x20 stm_timer_ll.o
 .text.LL_TIM_IsEnabledIT_CC3
                0x080014c0       0x26 stm_timer_ll.o
 .text.LL_TIM_EnableIT_CC4
                0x080014e6       0x20 stm_timer_ll.o
 .text.LL_TIM_DisableIT_CC4
                0x08001506       0x20 stm_timer_ll.o
 .text.LL_TIM_IsEnabledIT_CC4
                0x08001526       0x26 stm_timer_ll.o
 .text.LL_TIM_EnableIT_COM
                0x0800154c       0x20 stm_timer_ll.o
 .text.LL_TIM_DisableIT_COM
                0x0800156c       0x20 stm_timer_ll.o
 .text.LL_TIM_IsEnabledIT_COM
                0x0800158c       0x26 stm_timer_ll.o
 .text.LL_TIM_EnableIT_TRIG
                0x080015b2       0x20 stm_timer_ll.o
 .text.LL_TIM_DisableIT_TRIG
                0x080015d2       0x20 stm_timer_ll.o
 .text.LL_TIM_IsEnabledIT_TRIG
                0x080015f2       0x26 stm_timer_ll.o
 .text.LL_TIM_EnableIT_BRK
                0x08001618       0x20 stm_timer_ll.o
 .text.LL_TIM_DisableIT_BRK
                0x08001638       0x20 stm_timer_ll.o
 .text.LL_TIM_IsEnabledIT_BRK
                0x08001658       0x26 stm_timer_ll.o
 .text.enableTimerInterrupts
                0x0800167e      0x134 stm_timer_ll.o
                0x0800167e                enableTimerInterrupts
 .text.disableTimerInterrupts
                0x080017b2      0x134 stm_timer_ll.o
                0x080017b2                disableTimerInterrupts
 *fill*         0x080018e6        0x2 
 .text.enableTimerChannel1
                0x080018e8       0x68 stm_timer_ll.o
                0x080018e8                enableTimerChannel1
 .text.disableTimerChannel1
                0x08001950       0x68 stm_timer_ll.o
                0x08001950                disableTimerChannel1
 .text.enableTimerChannel2
                0x080019b8       0x68 stm_timer_ll.o
                0x080019b8                enableTimerChannel2
 .text.disableTimerChannel2
                0x08001a20       0x68 stm_timer_ll.o
                0x08001a20                disableTimerChannel2
 .text.enableTimerChannel3
                0x08001a88       0x70 stm_timer_ll.o
                0x08001a88                enableTimerChannel3
 .text.disableTimerChannel3
                0x08001af8       0x70 stm_timer_ll.o
                0x08001af8                disableTimerChannel3
 .text.Timer_Handle_Init
                0x08001b68       0xa0 stm_timer_ll.o
                0x08001b68                Timer_Handle_Init
 .text.getTimerCounterValue
                0x08001c08       0x1c stm_timer_ll.o
                0x08001c08                getTimerCounterValue
 .text.extmodeParseArgs
                0x08001c24       0x1e xcp_ext_mode.o
                0x08001c24                extmodeParseArgs
 *fill*         0x08001c42        0x2 
 .text.extmodeInit
                0x08001c44      0x128 xcp_ext_mode.o
                0x08001c44                extmodeInit
 .text.extmodeWaitForHostRequest
                0x08001d6c       0xcc xcp_ext_mode.o
                0x08001d6c                extmodeWaitForHostRequest
 .text.extmodeEvent
                0x08001e38       0xfc xcp_ext_mode.o
                0x08001e38                extmodeEvent
 .text.extmodeBackgroundRun
                0x08001f34       0x20 xcp_ext_mode.o
                0x08001f34                extmodeBackgroundRun
 .text.extmodeReset
                0x08001f54       0x40 xcp_ext_mode.o
                0x08001f54                extmodeReset
 .text.extmodeStopRequested
                0x08001f94       0x18 xcp_ext_mode.o
                0x08001f94                extmodeStopRequested
 .text.extmodeSimulationComplete
                0x08001fac       0x18 xcp_ext_mode.o
                0x08001fac                extmodeSimulationComplete
 .text.__NVIC_SetPriority
                0x08001fc4       0x54 mw_stm32_nvic.o
 .text.MW_NVIC_ConfigureIRQ
                0x08002018       0x26 mw_stm32_nvic.o
                0x08002018                MW_NVIC_ConfigureIRQ
 .text.MW_HWI_MaskInterrupt
                0x0800203e       0x2a mw_stm32_nvic.o
                0x0800203e                MW_HWI_MaskInterrupt
 .text.__NVIC_EnableIRQ
                0x08002068       0x3c STMF4Hall.o
 .text.__NVIC_DisableIRQ
                0x080020a4       0x48 STMF4Hall.o
 .text.LL_ADC_ClearFlag_JEOS
                0x080020ec       0x1c STMF4Hall.o
 .text.LL_ADC_IsEnabledIT_JEOS
                0x08002108       0x26 STMF4Hall.o
 *fill*         0x0800212e        0x2 
 .text.LL_EXTI_IsEnabledIT_0_31
                0x08002130       0x2c STMF4Hall.o
 .text.LL_EXTI_IsActiveFlag_0_31
                0x0800215c       0x2c STMF4Hall.o
 .text.LL_EXTI_ClearFlag_0_31
                0x08002188       0x20 STMF4Hall.o
 .text.LL_TIM_EnableCounter
                0x080021a8       0x20 STMF4Hall.o
 .text.LL_TIM_DisableCounter
                0x080021c8       0x20 STMF4Hall.o
 .text.LL_TIM_SetUpdateSource
                0x080021e8       0x26 STMF4Hall.o
 .text.LL_TIM_GetUpdateSource
                0x0800220e       0x1c STMF4Hall.o
 .text.LL_TIM_GetAutoReload
                0x0800222a       0x18 STMF4Hall.o
 .text.LL_TIM_SetRepetitionCounter
                0x08002242       0x1c STMF4Hall.o
 .text.LL_TIM_OC_SetCompareCH1
                0x0800225e       0x1c STMF4Hall.o
 .text.LL_TIM_OC_SetCompareCH2
                0x0800227a       0x1c STMF4Hall.o
 .text.LL_TIM_OC_SetCompareCH3
                0x08002296       0x1c STMF4Hall.o
 .text.LL_TIM_OC_GetCompareCH1
                0x080022b2       0x18 STMF4Hall.o
 .text.LL_TIM_OC_GetCompareCH2
                0x080022ca       0x18 STMF4Hall.o
 .text.LL_TIM_OC_GetCompareCH3
                0x080022e2       0x18 STMF4Hall.o
 .text.LL_TIM_GenerateEvent_UPDATE
                0x080022fa       0x20 STMF4Hall.o
 .text.LL_GPIO_ReadInputPort
                0x0800231a       0x18 STMF4Hall.o
 .text.LL_GPIO_SetOutputPin
                0x08002332       0x1c STMF4Hall.o
 .text.LL_GPIO_ResetOutputPin
                0x0800234e       0x1e STMF4Hall.o
 .text.convertDutyCyclePercentageToCounts
                0x0800236c       0x88 STMF4Hall.o
 .text.setDutyCycleChannel1
                0x080023f4       0x30 STMF4Hall.o
 .text.setDutyCycleChannel2
                0x08002424       0x30 STMF4Hall.o
 .text.setDutyCycleChannel3
                0x08002454       0x30 STMF4Hall.o
 .text.setDutyCycleInPercentageChannel1
                0x08002484       0x28 STMF4Hall.o
 .text.setDutyCycleInPercentageChannel2
                0x080024ac       0x28 STMF4Hall.o
 .text.setDutyCycleInPercentageChannel3
                0x080024d4       0x28 STMF4Hall.o
 .text.isSlaveTriggerModeEnabled
                0x080024fc       0x2c STMF4Hall.o
 .text.enableCounter
                0x08002528       0xa0 STMF4Hall.o
 .text.disableCounter
                0x080025c8       0x1a STMF4Hall.o
 *fill*         0x080025e2        0x2 
 .text.STMF4Hall_SetEventsForThisBaseStep
                0x080025e4       0x30 STMF4Hall.o
                0x080025e4                STMF4Hall_SetEventsForThisBaseStep
 .text.rate_monotonic_scheduler
                0x08002614       0x34 STMF4Hall.o
 .text.STMF4Hal_IfActionSubsystem6
                0x08002648       0x2a STMF4Hall.o
                0x08002648                STMF4Hal_IfActionSubsystem6
 .text.STMF4Hall_IfActionSubsystem
                0x08002672       0x28 STMF4Hall.o
                0x08002672                STMF4Hall_IfActionSubsystem
 .text.STMF4Hall_ValidHalls_Init
                0x0800269a       0x38 STMF4Hall.o
                0x0800269a                STMF4Hall_ValidHalls_Init
 *fill*         0x080026d2        0x2 
 .text.STMF4Hall_ValidHalls
                0x080026d4      0x140 STMF4Hall.o
                0x080026d4                STMF4Hall_ValidHalls
 .text.Badhallglitchorwrongconnect
                0x08002814       0x32 STMF4Hall.o
                0x08002814                Badhallglitchorwrongconnect
 .text.STMF4Hall_HallValueof1
                0x08002846       0x1e STMF4Hall.o
                0x08002846                STMF4Hall_HallValueof1
 .text.STMF4Hall_SystemCore_setup
                0x08002864       0x80 STMF4Hall.o
 .text.STMF4Hall_PWMOutput_setupImpl
                0x080028e4       0x84 STMF4Hall.o
 .text.STMF4Hall_SystemCore_setup_o
                0x08002968       0x6a STMF4Hall.o
 *fill*         0x080029d2        0x2 
 .text.STMF4Hall_step0
                0x080029d4       0xec STMF4Hall.o
                0x080029d4                STMF4Hall_step0
 .text.STMF4Hall_step1
                0x08002ac0       0xe0 STMF4Hall.o
                0x08002ac0                STMF4Hall_step1
 .text.STMF4Hall_initialize
                0x08002ba0      0x6cc STMF4Hall.o
                0x08002ba0                STMF4Hall_initialize
 .text.STMF4Hall_terminate
                0x0800326c       0xcc STMF4Hall.o
                0x0800326c                STMF4Hall_terminate
 .text.STMF4Hall_configure_interrupts
                0x08003338       0x30 STMF4Hall.o
                0x08003338                STMF4Hall_configure_interrupts
 .text.EXTI15_10_IRQHandler
                0x08003368      0xa44 STMF4Hall.o
                0x08003368                EXTI15_10_IRQHandler
 *fill*         0x08003dac        0x4 
 .text.ADC_IRQHandler
                0x08003db0      0xbf4 STMF4Hall.o
                0x08003db0                ADC_IRQHandler
 .text.STMF4Hall_unconfigure_interrupts
                0x080049a4       0x14 STMF4Hall.o
                0x080049a4                STMF4Hall_unconfigure_interrupts
 .text.rt_OneStep
                0x080049b8      0x128 ert_main.o
                0x080049b8                rt_OneStep
 .text.main     0x08004ae0      0x194 ert_main.o
                0x08004ae0                main
 .text.rtIsInf  0x08004c74       0x48 rt_nonfinite.o
                0x08004c74                rtIsInf
 .text.rtIsNaN  0x08004cbc       0x2a rt_nonfinite.o
                0x08004cbc                rtIsNaN
 .text.xcp_void_printf
                0x08004ce6       0x12 xcp_ext_common.o
                0x08004ce6                xcp_void_printf
 .text.xcpCopyTimeValue
                0x08004cf8       0x26 xcp_ext_common.o
 *fill*         0x08004d1e        0x2 
 .text.xcpExtModeUpdateTime
                0x08004d20      0x13c xcp_ext_common.o
                0x08004d20                xcpExtModeUpdateTime
 .text.xcpExtModeInit
                0x08004e5c       0x9c xcp_ext_common.o
                0x08004e5c                xcpExtModeInit
 .text.xcpExtModeRunBackground
                0x08004ef8      0x13c xcp_ext_common.o
                0x08004ef8                xcpExtModeRunBackground
 .text.xcpExtModeReset
                0x08005034      0x128 xcp_ext_common.o
                0x08005034                xcpExtModeReset
 .text.sampleSignalTrigger
                0x0800515c      0x1b4 xcp_ext_classic_trigger.o
 .text.updateTriggerStatus
                0x08005310      0x2b8 xcp_ext_classic_trigger.o
 .text.xcpExtModeClassicTriggerInit
                0x080055c8       0x68 xcp_ext_classic_trigger.o
                0x080055c8                xcpExtModeClassicTriggerInit
 .text.xcpExtModeClassicTriggerEnabled
                0x08005630      0x100 xcp_ext_classic_trigger.o
                0x08005630                xcpExtModeClassicTriggerEnabled
 .text.xcpExtModeClassicTriggerReset
                0x08005730       0xf4 xcp_ext_classic_trigger.o
                0x08005730                xcpExtModeClassicTriggerReset
 .text.xcpExtModeClassicTriggerForceEnableStatusUpdate
                0x08005824       0x80 xcp_ext_classic_trigger.o
                0x08005824                xcpExtModeClassicTriggerForceEnableStatusUpdate
 .text.msgBufferRealloc
                0x080058a4       0x72 xcp.o
 *fill*         0x08005916        0x2 
 .text.discardInputPacketHandler
                0x08005918       0x3c xcp.o
 .text.unknownInputPacketHandler
                0x08005954       0x34 xcp.o
 .text.xcpGetPacketGroupID
                0x08005988       0x74 xcp.o
 .text.xcpGetPacketHandlers
                0x080059fc      0x124 xcp.o
 .text.xcpStatusSet
                0x08005b20       0x20 xcp.o
                0x08005b20                xcpStatusSet
 .text.xcpSessionStatusGet
                0x08005b40       0x18 xcp.o
                0x08005b40                xcpSessionStatusGet
 .text.xcpSessionStatusSetMask
                0x08005b58       0x28 xcp.o
                0x08005b58                xcpSessionStatusSetMask
 .text.xcpSessionStatusClearMask
                0x08005b80       0x34 xcp.o
                0x08005b80                xcpSessionStatusClearMask
 .text.xcpResourceProtectionStatusGet
                0x08005bb4       0x18 xcp.o
                0x08005bb4                xcpResourceProtectionStatusGet
 .text.xcpSessionConfigurationIdGet
                0x08005bcc       0x18 xcp.o
                0x08005bcc                xcpSessionConfigurationIdGet
 .text.genericOutputPacketHandler
                0x08005be4      0x11c xcp.o
                0x08005be4                genericOutputPacketHandler
 .text.xcpFindPacket
                0x08005d00       0x6e xcp.o
                0x08005d00                xcpFindPacket
 *fill*         0x08005d6e        0x2 
 .text.xcpInit  0x08005d70       0x64 xcp.o
                0x08005d70                xcpInit
 .text.xcpRun   0x08005dd4      0x194 xcp.o
                0x08005dd4                xcpRun
 .text.xcpEvent
                0x08005f68       0x50 xcp.o
                0x08005f68                xcpEvent
 .text.xcpGetStatus
                0x08005fb8       0x18 xcp.o
                0x08005fb8                xcpGetStatus
 .text.xcpReset
                0x08005fd0       0x40 xcp.o
                0x08005fd0                xcpReset
 .text.xcpPackedModeEventsFlush
                0x08006010       0x1e xcp.o
                0x08006010                xcpPackedModeEventsFlush
 .text.xcpPackedModeEventReset
                0x0800602e       0x2a xcp.o
                0x0800602e                xcpPackedModeEventReset
 .text.isValidUploadSize
                0x08006058       0x30 xcp_standard.o
 .text.xcpMemcpyFromMTA
                0x08006088       0x38 xcp_standard.o
 .text.connectInputPacketHandler
                0x080060c0       0xa4 xcp_standard.o
 .text.connectOutputPacketHandler
                0x08006164       0xd4 xcp_standard.o
 .text.disconnectInputPacketHandler
                0x08006238       0x54 xcp_standard.o
 .text.getStatusInputPacketHandler
                0x0800628c       0x28 xcp_standard.o
 .text.getStatusOutputPacketHandler
                0x080062b4       0x80 xcp_standard.o
 .text.synchInputPacketHandler
                0x08006334       0x44 xcp_standard.o
 .text.setMTAInputPacketHandler
                0x08006378       0x78 xcp_standard.o
 .text.uploadInputPacketHandler
                0x080063f0       0x98 xcp_standard.o
 .text.uploadOutputPacketHandler
                0x08006488       0x9c xcp_standard.o
 .text.shortUploadInputPacketHandler
                0x08006524       0xa4 xcp_standard.o
 .text.shortUploadOutputPacketHandler
                0x080065c8       0x9c xcp_standard.o
 .text.getPacket
                0x08006664       0x24 xcp_standard.o
 .text.xcpStandardInit
                0x08006688       0x18 xcp_standard.o
                0x08006688                xcpStandardInit
 .text.xcpStandardGetPacketLookup
                0x080066a0       0x18 xcp_standard.o
                0x080066a0                xcpStandardGetPacketLookup
 .text.xcpStandardSetPacketLookup
                0x080066b8       0x20 xcp_standard.o
                0x080066b8                xcpStandardSetPacketLookup
 .text.xcpStandardReset
                0x080066d8       0x12 xcp_standard.o
                0x080066d8                xcpStandardReset
 *fill*         0x080066ea        0x2 
 .text.xcpStandardGetAddressFromMta
                0x080066ec       0x18 xcp_standard.o
                0x080066ec                xcpStandardGetAddressFromMta
 .text.xcpStandardSetMta
                0x08006704       0x3c xcp_standard.o
                0x08006704                xcpStandardSetMta
 .text.xcpStandardIncrementMta
                0x08006740       0x28 xcp_standard.o
                0x08006740                xcpStandardIncrementMta
 .text.xcpStandardExtendedInit
                0x08006768        0xe xcp_standard.o
                0x08006768                xcpStandardExtendedInit
 .text.xcpStandardExtendedReset
                0x08006776        0xe xcp_standard.o
                0x08006776                xcpStandardExtendedReset
 .text.xcpDaqWriteLock
                0x08006784       0x4c xcp_daq.o
 .text.xcpDaqWriteUnlock
                0x080067d0       0x20 xcp_daq.o
 .text.xcpDaqReadLock
                0x080067f0       0x38 xcp_daq.o
 .text.xcpDaqReadUnlock
                0x08006828       0x38 xcp_daq.o
 .text.isActiveDaqList
                0x08006860       0x50 xcp_daq.o
 .text.noActiveDaqLists
                0x080068b0       0x50 xcp_daq.o
 .text.isValidDaqPtr
                0x08006900       0xb8 xcp_daq.o
 .text.isValidDaqEntry
                0x080069b8       0x36 xcp_daq.o
 .text.isSupportedDaqListMode
                0x080069ee       0x26 xcp_daq.o
 .text.isValidStartStopMode
                0x08006a14       0x32 xcp_daq.o
 .text.isValidStartStopSynchMode
                0x08006a46       0x32 xcp_daq.o
 .text.absoluteOdtNumberIdentification
                0x08006a78       0x10 xcp_daq.o
 .text.isDaqPackedModeEnabled
                0x08006a88       0x6c xcp_daq.o
 .text.odtPacketSize
                0x08006af4       0x54 xcp_daq.o
 .text.createDaqReservedPool
                0x08006b48       0x88 xcp_daq.o
 .text.destroyDaqReservedPool
                0x08006bd0       0x2c xcp_daq.o
 .text.setDaqPtrInputPacketHandler
                0x08006bfc       0xdc xcp_daq.o
 .text.writeDaqInputPacketHandler
                0x08006cd8      0x198 xcp_daq.o
 .text.setDaqListModeInputPacketHandler
                0x08006e70      0x1c8 xcp_daq.o
 .text.startStopDaqListInputPacketHandler
                0x08007038      0x3f4 xcp_daq.o
 .text.startStopDaqListOutputPacketHandler
                0x0800742c       0x5c xcp_daq.o
 .text.startStopSynchInputPacketHandler
                0x08007488      0x328 xcp_daq.o
 .text.getDaqProcessorInfoInputPacketHandler
                0x080077b0       0x28 xcp_daq.o
 .text.getDaqProcessorInfoOutputPacketHandler
                0x080077d8       0xac xcp_daq.o
 .text.getDaqResolutionInfoInputPacketHandler
                0x08007884       0x28 xcp_daq.o
 .text.getDaqResolutionInfoOutputPacketHandler
                0x080078ac       0xb8 xcp_daq.o
 .text.freeDaqInputPacketHandler
                0x08007964       0x5c xcp_daq.o
 .text.allocDaqInputPacketHandler
                0x080079c0      0x18c xcp_daq.o
 .text.allocOdtInputPacketHandler
                0x08007b4c      0x1c0 xcp_daq.o
 .text.allocOdtEntryInputPacketHandler
                0x08007d0c      0x270 xcp_daq.o
 .text.getDaqClockInputPacketHandler
                0x08007f7c       0x22 xcp_daq.o
 *fill*         0x08007f9e        0x2 
 .text.setDaqPackedModeInputPacketHandler
                0x08007fa0      0x21c xcp_daq.o
 .text.level1CommandInputPacketHandler
                0x080081bc       0x64 xcp_daq.o
 .text.getPacket
                0x08008220       0x24 xcp_daq.o
 .text.xcpDaqInit
                0x08008244       0x38 xcp_daq.o
                0x08008244                xcpDaqInit
 .text.xcpDaqGetPacketLookup
                0x0800827c       0x18 xcp_daq.o
                0x0800827c                xcpDaqGetPacketLookup
 .text.xcpDaqSetPacketLookup
                0x08008294       0x20 xcp_daq.o
                0x08008294                xcpDaqSetPacketLookup
 .text.xcpResetDaq
                0x080082b4       0xa4 xcp_daq.o
 .text.daqWriteXCPDataForOdt
                0x08008358       0x7c xcp_daq.o
 .text.odtWriteEntries
                0x080083d4       0x9c xcp_daq.o
 .text.xcpProcessDaq
                0x08008470      0x208 xcp_daq.o
 .text.xcpDaqEvent
                0x08008678      0x108 xcp_daq.o
                0x08008678                xcpDaqEvent
 .text.xcpDaqEventsFlush
                0x08008780      0x284 xcp_daq.o
                0x08008780                xcpDaqEventsFlush
 .text.xcpDaqLock
                0x08008a04       0x1e xcp_daq.o
                0x08008a04                xcpDaqLock
 .text.xcpDaqUnlock
                0x08008a22        0xe xcp_daq.o
                0x08008a22                xcpDaqUnlock
 .text.xcpResetDaqListStatus
                0x08008a30      0x19c xcp_daq.o
                0x08008a30                xcpResetDaqListStatus
 .text.xcpDaqReset
                0x08008bcc       0x20 xcp_daq.o
                0x08008bcc                xcpDaqReset
 .text.xcpDaqExtendedInit
                0x08008bec        0xe xcp_daq.o
                0x08008bec                xcpDaqExtendedInit
 .text.xcpDaqExtendedReset
                0x08008bfa        0xe xcp_daq.o
                0x08008bfa                xcpDaqExtendedReset
 .text.isValidShortDownloadSize
                0x08008c08       0x34 xcp_calibration.o
 .text.isValidDownloadSize
                0x08008c3c       0x3a xcp_calibration.o
 *fill*         0x08008c76        0x2 
 .text.xcpMemcpyToMTA
                0x08008c78       0x34 xcp_calibration.o
 .text.downloadInputPacketHandler
                0x08008cac       0xb0 xcp_calibration.o
 .text.shortDownloadInputPacketHandler
                0x08008d5c       0xb8 xcp_calibration.o
 .text.getPacket
                0x08008e14       0x24 xcp_calibration.o
 .text.xcpCalibrationInit
                0x08008e38       0x14 xcp_calibration.o
                0x08008e38                xcpCalibrationInit
 .text.xcpCalibrationGetPacketLookup
                0x08008e4c       0x18 xcp_calibration.o
                0x08008e4c                xcpCalibrationGetPacketLookup
 .text.xcpCalibrationSetPacketLookup
                0x08008e64       0x20 xcp_calibration.o
                0x08008e64                xcpCalibrationSetPacketLookup
 .text.xcpCalibrationReset
                0x08008e84        0xe xcp_calibration.o
                0x08008e84                xcpCalibrationReset
 .text.xcpFifoInit
                0x08008e92       0x20 xcp_fifo.o
                0x08008e92                xcpFifoInit
 .text.xcpFifoEnqueue
                0x08008eb2       0x2a xcp_fifo.o
                0x08008eb2                xcpFifoEnqueue
 .text.xcpFifoDequeue
                0x08008edc       0x3e xcp_fifo.o
                0x08008edc                xcpFifoDequeue
 .text.xcpFifoEnqueueHead
                0x08008f1a       0x32 xcp_fifo.o
                0x08008f1a                xcpFifoEnqueueHead
 .text.xcpFifoReset
                0x08008f4c       0x16 xcp_fifo.o
                0x08008f4c                xcpFifoReset
 *fill*         0x08008f62        0x2 
 .text.xcpTransportEmptyTxFifo
                0x08008f64       0x6c xcp_transport.o
 .text.xcpTransportEmptyRxFifo
                0x08008fd0       0x6c xcp_transport.o
 .text.xcpTransportInit
                0x0800903c      0x138 xcp_transport.o
                0x0800903c                xcpTransportInit
 .text.xcpTransportTxReady
                0x08009174       0x1a xcp_transport.o
                0x08009174                xcpTransportTxReady
 .text.xcpTransportTxTrigger
                0x0800918e       0x1a xcp_transport.o
                0x0800918e                xcpTransportTxTrigger
 .text.xcpTransportTxPacketSet
                0x080091a8      0x144 xcp_transport.o
                0x080091a8                xcpTransportTxPacketSet
 .text.xcpTransportTx
                0x080092ec       0xec xcp_transport.o
                0x080092ec                xcpTransportTx
 .text.xcpTransportRx
                0x080093d8       0x80 xcp_transport.o
                0x080093d8                xcpTransportRx
 .text.xcpTransportRxPacketGet
                0x08009458      0x12c xcp_transport.o
                0x08009458                xcpTransportRxPacketGet
 .text.xcpTransportPacketOffset
                0x08009584       0x20 xcp_transport.o
                0x08009584                xcpTransportPacketOffset
 .text.xcpTransportMsgBufferSize
                0x080095a4       0x70 xcp_transport.o
                0x080095a4                xcpTransportMsgBufferSize
 .text.xcpTransportMaxDtoSize
                0x08009614        0xe xcp_transport.o
                0x08009614                xcpTransportMaxDtoSize
 .text.xcpTransportMaxCtoSize
                0x08009622        0xe xcp_transport.o
                0x08009622                xcpTransportMaxCtoSize
 .text.xcpTransportRestart
                0x08009630       0x44 xcp_transport.o
                0x08009630                xcpTransportRestart
 .text.xcpTransportResynch
                0x08009674       0x40 xcp_transport.o
                0x08009674                xcpTransportResynch
 .text.xcpTransportCtoReservedMemPoolId
                0x080096b4       0x18 xcp_transport.o
                0x080096b4                xcpTransportCtoReservedMemPoolId
 .text.xcpTransportReset
                0x080096cc       0xe4 xcp_transport.o
                0x080096cc                xcpTransportReset
 .text.xcpInitializePoolMemoryArea
                0x080097b0       0x72 xcp_mem_default.o
 *fill*         0x08009822        0x2 
 .text.xcpMemInit
                0x08009824      0x1d4 xcp_mem_default.o
                0x08009824                xcpMemInit
 .text.xcpMemAlloc
                0x080099f8       0xe8 xcp_mem_default.o
                0x080099f8                xcpMemAlloc
 .text.xcpMemFree
                0x08009ae0      0x170 xcp_mem_default.o
                0x08009ae0                xcpMemFree
 .text.xcpMemReservedPoolCreate
                0x08009c50      0x224 xcp_mem_default.o
                0x08009c50                xcpMemReservedPoolCreate
 .text.xcpMemReservedPoolDestroy
                0x08009e74      0x158 xcp_mem_default.o
                0x08009e74                xcpMemReservedPoolDestroy
 .text.xcpMemCustomPoolCreate
                0x08009fcc       0xbc xcp_mem_default.o
                0x08009fcc                xcpMemCustomPoolCreate
 .text.xcpMemCustomPoolDestroy
                0x0800a088       0x64 xcp_mem_default.o
                0x0800a088                xcpMemCustomPoolDestroy
 .text.xcpMemAllocFromPool
                0x0800a0ec      0x170 xcp_mem_default.o
                0x0800a0ec                xcpMemAllocFromPool
 .text.xcpMemReset
                0x0800a25c       0x50 xcp_mem_default.o
                0x0800a25c                xcpMemReset
 .text.xcpDrvOpen
                0x0800a2ac       0x64 xcp_drv_rtiostream.o
                0x0800a2ac                xcpDrvOpen
 .text.xcpDrvIoctl
                0x0800a310       0x4c xcp_drv_rtiostream.o
                0x0800a310                xcpDrvIoctl
 .text.xcpDrvSend
                0x0800a35c      0x14c xcp_drv_rtiostream.o
                0x0800a35c                xcpDrvSend
 .text.xcpDrvRecv
                0x0800a4a8      0x14c xcp_drv_rtiostream.o
                0x0800a4a8                xcpDrvRecv
 .text.xcpDrvClose
                0x0800a5f4       0x5c xcp_drv_rtiostream.o
                0x0800a5f4                xcpDrvClose
 .text.xcpSortArray
                0x0800a650       0xcc xcp_utils.o
                0x0800a650                xcpSortArray
 .text.xcpSxiHtons
                0x0800a71c       0x18 xcp_frame_serial.o
 .text.xcpSxiNtohs
                0x0800a734       0x1c xcp_frame_serial.o
 .text.xcpSxiChecksum
                0x0800a750       0x3e xcp_frame_serial.o
                0x0800a750                xcpSxiChecksum
 *fill*         0x0800a78e        0x2 
 .text.xcpFrameInit
                0x0800a790       0x70 xcp_frame_serial.o
                0x0800a790                xcpFrameInit
 .text.xcpFrameMsgSend
                0x0800a800      0x184 xcp_frame_serial.o
                0x0800a800                xcpFrameMsgSend
 .text.xcpFrameMsgRecv
                0x0800a984      0x180 xcp_frame_serial.o
                0x0800a984                xcpFrameMsgRecv
 .text.xcpFrameCreateMsg
                0x0800ab04       0x94 xcp_frame_serial.o
                0x0800ab04                xcpFrameCreateMsg
 .text.xcpFrameExtractPacket
                0x0800ab98      0x154 xcp_frame_serial.o
                0x0800ab98                xcpFrameExtractPacket
 .text.xcpFrameHeaderSize
                0x0800acec       0x10 xcp_frame_serial.o
                0x0800acec                xcpFrameHeaderSize
 .text.xcpFrameTailSize
                0x0800acfc       0x10 xcp_frame_serial.o
                0x0800acfc                xcpFrameTailSize
 .text.xcpFrameMaxDtoSize
                0x0800ad0c       0x12 xcp_frame_serial.o
                0x0800ad0c                xcpFrameMaxDtoSize
 .text.xcpFrameMaxCtoSize
                0x0800ad1e       0x10 xcp_frame_serial.o
                0x0800ad1e                xcpFrameMaxCtoSize
 *fill*         0x0800ad2e        0x2 
 .text.xcpFrameRestart
                0x0800ad30       0x30 xcp_frame_serial.o
                0x0800ad30                xcpFrameRestart
 .text.xcpFrameSetCtoReservedMemPoolId
                0x0800ad60       0x20 xcp_frame_serial.o
                0x0800ad60                xcpFrameSetCtoReservedMemPoolId
 .text.xcpFrameReset
                0x0800ad80       0x70 xcp_frame_serial.o
                0x0800ad80                xcpFrameReset
 .text.xcpTransportGetInitParameters
                0x0800adf0       0x2e xcp_ext_param_default_serial.o
                0x0800adf0                xcpTransportGetInitParameters
 .text.xcpGetInitParameters
                0x0800ae1e       0x2e xcp_ext_param_default_serial.o
                0x0800ae1e                xcpGetInitParameters
 .text.HAL_Delay
                0x0800ae4c       0x2e overrideHALDelay.o
                0x0800ae4c                HAL_Delay
 *fill*         0x0800ae7a        0x2 
 .text.PeriphCommonClock_Config
                0x0800ae7c       0x10 platform_timer.o
                0x0800ae7c                PeriphCommonClock_Config
 .text.getCurrentTimestampInMicros
                0x0800ae8c       0x40 platform_timer.o
                0x0800ae8c                getCurrentTimestampInMicros
 .text.returnTimeElapsed
                0x0800aecc       0x2c platform_timer.o
                0x0800aecc                returnTimeElapsed
 .text.timestampInit
                0x0800aef8       0x28 platform_timer.o
 .text.getCurrentTimestamp
                0x0800af20       0x44 platform_timer.o
                0x0800af20                getCurrentTimestamp
 .text.__NVIC_SetPriority
                0x0800af64       0x54 SysTickScheduler.o
 .text.SysTick_Config
                0x0800afb8       0x44 SysTickScheduler.o
 .text.SysTick_Isr
                0x0800affc       0x48 SysTickScheduler.o
 .text.SysTick_Handler
                0x0800b044       0x20 SysTickScheduler.o
                0x0800b044                SysTick_Handler
 .text.ARMCM_SysTick_Config
                0x0800b064       0xb8 SysTickScheduler.o
                0x0800b064                ARMCM_SysTick_Config
 .text.PendSV_Handler
                0x0800b11c       0x44 m3m4m4f_multitasking.o
                0x0800b11c                PendSV_Handler
 .text.SVC_Handler
                0x0800b160       0x58 m3m4m4f_multitasking.o
                0x0800b160                SVC_Handler
 .text.rtIOStreamOpen
                0x0800b1b8       0x44 rtiostream_serial.o
                0x0800b1b8                rtIOStreamOpen
 .text.rtIOStreamSend
                0x0800b1fc       0x38 rtiostream_serial.o
                0x0800b1fc                rtIOStreamSend
 .text.rtIOStreamRecv
                0x0800b234       0x48 rtiostream_serial.o
                0x0800b234                rtIOStreamRecv
 .text.rtIOStreamClose
                0x0800b27c       0x20 rtiostream_serial.o
                0x0800b27c                rtIOStreamClose
 .text.__NVIC_GetPriorityGrouping
                0x0800b29c       0x1c stm_usart.o
 .text.__NVIC_EnableIRQ
                0x0800b2b8       0x3c stm_usart.o
 .text.__NVIC_SetPriority
                0x0800b2f4       0x54 stm_usart.o
 .text.NVIC_EncodePriority
                0x0800b348       0x66 stm_usart.o
 *fill*         0x0800b3ae        0x2 
 .text.LL_DMA_EnableStream
                0x0800b3b0       0x40 stm_usart.o
 .text.LL_DMA_DisableStream
                0x0800b3f0       0x40 stm_usart.o
 .text.LL_DMA_GetMode
                0x0800b430       0x30 stm_usart.o
 .text.LL_DMA_SetDataLength
                0x0800b460       0x48 stm_usart.o
 .text.LL_DMA_GetDataLength
                0x0800b4a8       0x2c stm_usart.o
 .text.LL_DMA_ConfigAddresses
                0x0800b4d4       0x78 stm_usart.o
 .text.LL_DMA_IsActiveFlag_TC5
                0x0800b54c       0x28 stm_usart.o
 .text.LL_DMA_ClearFlag_TC5
                0x0800b574       0x1c stm_usart.o
 .text.LL_DMA_EnableIT_TC
                0x0800b590       0x40 stm_usart.o
 .text.LL_DMA_DisableIT_TC
                0x0800b5d0       0x40 stm_usart.o
 .text.LL_DMA_IsEnabledIT_TC
                0x0800b610       0x38 stm_usart.o
 .text.LL_USART_Enable
                0x0800b648       0x20 stm_usart.o
 .text.LL_USART_Disable
                0x0800b668       0x20 stm_usart.o
 .text.LL_USART_IsActiveFlag_PE
                0x0800b688       0x26 stm_usart.o
 .text.LL_USART_IsActiveFlag_FE
                0x0800b6ae       0x26 stm_usart.o
 .text.LL_USART_IsActiveFlag_NE
                0x0800b6d4       0x26 stm_usart.o
 .text.LL_USART_IsActiveFlag_ORE
                0x0800b6fa       0x26 stm_usart.o
 .text.LL_USART_IsActiveFlag_TC
                0x0800b720       0x26 stm_usart.o
 .text.LL_USART_IsActiveFlag_TXE
                0x0800b746       0x26 stm_usart.o
 .text.LL_USART_ClearFlag_PE
                0x0800b76c       0x24 stm_usart.o
 .text.LL_USART_ClearFlag_ORE
                0x0800b790       0x24 stm_usart.o
 .text.LL_USART_EnableIT_RXNE
                0x0800b7b4       0x46 stm_usart.o
 .text.LL_USART_EnableIT_PE
                0x0800b7fa       0x46 stm_usart.o
 .text.LL_USART_EnableIT_ERROR
                0x0800b840       0x46 stm_usart.o
 .text.LL_USART_DisableIT_RXNE
                0x0800b886       0x46 stm_usart.o
 .text.LL_USART_DisableIT_TXE
                0x0800b8cc       0x46 stm_usart.o
 .text.LL_USART_DisableIT_PE
                0x0800b912       0x46 stm_usart.o
 .text.LL_USART_DisableIT_ERROR
                0x0800b958       0x46 stm_usart.o
 .text.LL_USART_EnableDMAReq_RX
                0x0800b99e       0x46 stm_usart.o
 .text.LL_USART_DisableDMAReq_RX
                0x0800b9e4       0x46 stm_usart.o
 .text.LL_USART_EnableDMAReq_TX
                0x0800ba2a       0x46 stm_usart.o
 .text.LL_USART_DisableDMAReq_TX
                0x0800ba70       0x46 stm_usart.o
 .text.LL_USART_DMA_GetRegAddr
                0x0800bab6       0x18 stm_usart.o
 .text.LL_USART_ReceiveData8
                0x0800bace       0x1a stm_usart.o
 .text.LL_USART_TransmitData8
                0x0800bae8       0x1e stm_usart.o
 .text.getAvailableDataInBuffer
                0x0800bb06       0xcc stm_usart.o
                0x0800bb06                getAvailableDataInBuffer
 .text.getBytesToBeReadFromBuffer
                0x0800bbd2       0x6e stm_usart.o
                0x0800bbd2                getBytesToBeReadFromBuffer
 .text.readDataFromBuffer
                0x0800bc40       0xcc stm_usart.o
                0x0800bc40                readDataFromBuffer
 .text.UART_RXDMAInterruptHandler
                0x0800bd0c       0xd4 stm_usart.o
                0x0800bd0c                UART_RXDMAInterruptHandler
 .text.UART_IsActiveFlagError
                0x0800bde0       0xd6 stm_usart.o
                0x0800bde0                UART_IsActiveFlagError
 *fill*         0x0800beb6        0x2 
 .text.USART2_IRQHandler
                0x0800beb8       0x14 stm_usart.o
                0x0800beb8                USART2_IRQHandler
 .text.DMA1_Stream5_IRQHandler
                0x0800becc       0x20 stm_usart.o
                0x0800becc                DMA1_Stream5_IRQHandler
 .text.UART_ConfigureReceiveDMA
                0x0800beec       0x88 stm_usart.o
                0x0800beec                UART_ConfigureReceiveDMA
 .text.UART_ConfigureTransmitDMA
                0x0800bf74       0x54 stm_usart.o
                0x0800bf74                UART_ConfigureTransmitDMA
 .text.getReadErrorStatus
                0x0800bfc8       0xc8 stm_usart.o
                0x0800bfc8                getReadErrorStatus
 .text.MW_UART_Initialize
                0x0800c090      0x198 stm_usart.o
                0x0800c090                MW_UART_Initialize
 .text.MW_UART_ReceiveUsingBuffer
                0x0800c228       0x5c stm_usart.o
                0x0800c228                MW_UART_ReceiveUsingBuffer
 .text.MW_UART_TransmitUsingPolling
                0x0800c284      0x184 stm_usart.o
                0x0800c284                MW_UART_TransmitUsingPolling
 .text.MW_UART_DeInit
                0x0800c408       0xaa stm_usart.o
                0x0800c408                MW_UART_DeInit
 .text.sys_arch_protect
                0x0800c4b2       0x22 sys_arch.o
                0x0800c4b2                sys_arch_protect
 .text.sys_arch_unprotect
                0x0800c4d4       0x20 sys_arch.o
                0x0800c4d4                sys_arch_unprotect
 .text.__NVIC_GetPriorityGrouping
                0x0800c4f4       0x1c main.o
 .text.__NVIC_EnableIRQ
                0x0800c510       0x3c main.o
 .text.__NVIC_SetPriority
                0x0800c54c       0x54 main.o
 .text.NVIC_EncodePriority
                0x0800c5a0       0x66 main.o
 .text.LL_ADC_REG_SetSequencerRanks
                0x0800c606       0x7a main.o
 .text.LL_ADC_REG_SetFlagEndOfConversion
                0x0800c680       0x26 main.o
 .text.LL_ADC_INJ_SetSequencerRanks
                0x0800c6a6       0x74 main.o
 .text.LL_ADC_INJ_SetOffset
                0x0800c71a       0x64 main.o
 .text.LL_ADC_SetChannelSamplingTime
                0x0800c77e       0xc2 main.o
 .text.LL_ADC_INJ_StartConversionExtTrig
                0x0800c840       0x22 main.o
 .text.LL_ADC_DisableIT_JEOS
                0x0800c862       0x20 main.o
 *fill*         0x0800c882        0x2 
 .text.LL_DMA_SetDataTransferDirection
                0x0800c884       0x48 main.o
 .text.LL_DMA_SetMode
                0x0800c8cc       0x48 main.o
 .text.LL_DMA_SetPeriphIncMode
                0x0800c914       0x48 main.o
 .text.LL_DMA_SetMemoryIncMode
                0x0800c95c       0x48 main.o
 .text.LL_DMA_SetPeriphSize
                0x0800c9a4       0x48 main.o
 .text.LL_DMA_SetMemorySize
                0x0800c9ec       0x48 main.o
 .text.LL_DMA_SetStreamPriorityLevel
                0x0800ca34       0x48 main.o
 .text.LL_DMA_SetChannelSelection
                0x0800ca7c       0x48 main.o
 .text.LL_DMA_DisableFifoMode
                0x0800cac4       0x40 main.o
 .text.LL_RCC_HSI_Enable
                0x0800cb04       0x20 main.o
 .text.LL_RCC_HSI_IsReady
                0x0800cb24       0x24 main.o
 .text.LL_RCC_HSI_SetCalibTrimming
                0x0800cb48       0x2c main.o
 .text.LL_RCC_SetSysClkSource
                0x0800cb74       0x28 main.o
 .text.LL_RCC_GetSysClkSource
                0x0800cb9c       0x1c main.o
 .text.LL_RCC_SetAHBPrescaler
                0x0800cbb8       0x28 main.o
 .text.LL_RCC_SetAPB1Prescaler
                0x0800cbe0       0x28 main.o
 .text.LL_RCC_SetAPB2Prescaler
                0x0800cc08       0x28 main.o
 .text.LL_RCC_SetTIMPrescaler
                0x0800cc30       0x2c main.o
 .text.LL_RCC_PLL_Enable
                0x0800cc5c       0x20 main.o
 .text.LL_RCC_PLL_IsReady
                0x0800cc7c       0x28 main.o
 .text.LL_RCC_PLL_ConfigDomain_SYS
                0x0800cca4       0x4c main.o
 .text.LL_AHB1_GRP1_EnableClock
                0x0800ccf0       0x30 main.o
 .text.LL_APB1_GRP1_EnableClock
                0x0800cd20       0x30 main.o
 .text.LL_APB2_GRP1_EnableClock
                0x0800cd50       0x30 main.o
 .text.LL_SYSCFG_SetEXTISource
                0x0800cd80       0x6c main.o
 .text.LL_FLASH_SetLatency
                0x0800cdec       0x28 main.o
 .text.LL_FLASH_GetLatency
                0x0800ce14       0x1c main.o
 .text.LL_PWR_SetRegulVoltageScaling
                0x0800ce30       0x28 main.o
 .text.LL_TIM_EnableARRPreload
                0x0800ce58       0x20 main.o
 .text.LL_TIM_OC_DisableFast
                0x0800ce78       0x8c main.o
 .text.LL_TIM_OC_EnablePreload
                0x0800cf04       0x88 main.o
 .text.LL_TIM_SetClockSource
                0x0800cf8c       0x2a main.o
 .text.LL_TIM_SetTriggerOutput
                0x0800cfb6       0x26 main.o
 .text.LL_TIM_EnableMasterSlaveMode
                0x0800cfdc       0x20 main.o
 .text.LL_TIM_DisableMasterSlaveMode
                0x0800cffc       0x20 main.o
 .text.LL_USART_Enable
                0x0800d01c       0x20 main.o
 .text.LL_USART_ConfigAsyncMode
                0x0800d03c       0x2c main.o
 .text.LL_GPIO_SetPinMode
                0x0800d068       0x7a main.o
 .text.LL_GPIO_SetPinPull
                0x0800d0e2       0x7a main.o
 .text.LL_GPIO_ResetOutputPin
                0x0800d15c       0x1e main.o
 *fill*         0x0800d17a        0x2 
 .text.SystemClock_Config
                0x0800d17c       0xa0 main.o
                0x0800d17c                SystemClock_Config
 .text.MX_ADC1_Init
                0x0800d21c      0x260 main.o
                0x0800d21c                MX_ADC1_Init
 .text.MX_TIM1_Init
                0x0800d47c      0x198 main.o
                0x0800d47c                MX_TIM1_Init
 .text.MX_TIM2_Init
                0x0800d614       0x64 main.o
                0x0800d614                MX_TIM2_Init
 .text.MX_USART2_UART_Init
                0x0800d678      0x104 main.o
                0x0800d678                MX_USART2_UART_Init
 .text.MX_DMA_Init
                0x0800d77c       0x58 main.o
                0x0800d77c                MX_DMA_Init
 .text.MX_GPIO_Init
                0x0800d7d4      0x170 main.o
                0x0800d7d4                MX_GPIO_Init
 .text.HAL_TIM_PeriodElapsedCallback
                0x0800d944       0x24 main.o
                0x0800d944                HAL_TIM_PeriodElapsedCallback
 .text.Error_Handler
                0x0800d968        0xa main.o
                0x0800d968                Error_Handler
 .text.NMI_Handler
                0x0800d972        0x6 stm32f4xx_it.o
                0x0800d972                NMI_Handler
 .text.HardFault_Handler
                0x0800d978        0x6 stm32f4xx_it.o
                0x0800d978                HardFault_Handler
 .text.MemManage_Handler
                0x0800d97e        0x6 stm32f4xx_it.o
                0x0800d97e                MemManage_Handler
 .text.BusFault_Handler
                0x0800d984        0x6 stm32f4xx_it.o
                0x0800d984                BusFault_Handler
 .text.UsageFault_Handler
                0x0800d98a        0x6 stm32f4xx_it.o
                0x0800d98a                UsageFault_Handler
 .text.DebugMon_Handler
                0x0800d990        0xe stm32f4xx_it.o
                0x0800d990                DebugMon_Handler
 *fill*         0x0800d99e        0x2 
 .text.TIM5_IRQHandler
                0x0800d9a0       0x14 stm32f4xx_it.o
                0x0800d9a0                TIM5_IRQHandler
 .text.DMA2_Stream0_IRQHandler
                0x0800d9b4        0xe stm32f4xx_it.o
                0x0800d9b4                DMA2_Stream0_IRQHandler
 *fill*         0x0800d9c2        0x2 
 .text.HAL_MspInit
                0x0800d9c4       0x50 stm32f4xx_hal_msp.o
                0x0800d9c4                HAL_MspInit
 .text.HAL_InitTick
                0x0800da14       0xb4 stm32f4xx_hal_timebase_tim.o
                0x0800da14                HAL_InitTick
 .text.LL_GPIO_SetPinMode
                0x0800dac8       0x7a stm32f4xx_ll_gpio.o
 .text.LL_GPIO_SetPinOutputType
                0x0800db42       0x30 stm32f4xx_ll_gpio.o
 .text.LL_GPIO_SetPinSpeed
                0x0800db72       0x7a stm32f4xx_ll_gpio.o
 .text.LL_GPIO_SetPinPull
                0x0800dbec       0x7a stm32f4xx_ll_gpio.o
 .text.LL_GPIO_SetAFPin_0_7
                0x0800dc66       0x7a stm32f4xx_ll_gpio.o
 .text.LL_GPIO_SetAFPin_8_15
                0x0800dce0       0x7e stm32f4xx_ll_gpio.o
 .text.LL_GPIO_Init
                0x0800dd5e      0x102 stm32f4xx_ll_gpio.o
                0x0800dd5e                LL_GPIO_Init
 .text.LL_ADC_SetCommonClock
                0x0800de60       0x26 stm32f4xx_ll_adc.o
 .text.LL_ADC_REG_SetSequencerLength
                0x0800de86       0x26 stm32f4xx_ll_adc.o
 .text.LL_ADC_INJ_SetSequencerLength
                0x0800deac       0x26 stm32f4xx_ll_adc.o
 .text.LL_ADC_IsEnabled
                0x0800ded2       0x26 stm32f4xx_ll_adc.o
 .text.LL_ADC_CommonInit
                0x0800def8       0x3c stm32f4xx_ll_adc.o
                0x0800def8                LL_ADC_CommonInit
 .text.LL_ADC_Init
                0x0800df34       0x58 stm32f4xx_ll_adc.o
                0x0800df34                LL_ADC_Init
 .text.LL_ADC_REG_Init
                0x0800df8c       0x84 stm32f4xx_ll_adc.o
                0x0800df8c                LL_ADC_REG_Init
 .text.LL_ADC_INJ_Init
                0x0800e010       0x80 stm32f4xx_ll_adc.o
                0x0800e010                LL_ADC_INJ_Init
 .text.LL_RCC_GetSysClkSource
                0x0800e090       0x1c stm32f4xx_ll_rcc.o
 .text.LL_RCC_GetAHBPrescaler
                0x0800e0ac       0x1c stm32f4xx_ll_rcc.o
 .text.LL_RCC_GetAPB1Prescaler
                0x0800e0c8       0x1c stm32f4xx_ll_rcc.o
 .text.LL_RCC_GetAPB2Prescaler
                0x0800e0e4       0x1c stm32f4xx_ll_rcc.o
 .text.LL_RCC_PLL_GetMainSource
                0x0800e100       0x1c stm32f4xx_ll_rcc.o
 .text.LL_RCC_PLL_GetN
                0x0800e11c       0x1c stm32f4xx_ll_rcc.o
 .text.LL_RCC_PLL_GetP
                0x0800e138       0x1c stm32f4xx_ll_rcc.o
 .text.LL_RCC_PLL_GetDivider
                0x0800e154       0x1c stm32f4xx_ll_rcc.o
 .text.LL_RCC_GetSystemClocksFreq
                0x0800e170       0x4a stm32f4xx_ll_rcc.o
                0x0800e170                LL_RCC_GetSystemClocksFreq
 *fill*         0x0800e1ba        0x2 
 .text.RCC_GetSystemClockFreq
                0x0800e1bc       0x50 stm32f4xx_ll_rcc.o
                0x0800e1bc                RCC_GetSystemClockFreq
 .text.RCC_GetHCLKClockFreq
                0x0800e20c       0x2c stm32f4xx_ll_rcc.o
                0x0800e20c                RCC_GetHCLKClockFreq
 .text.RCC_GetPCLK1ClockFreq
                0x0800e238       0x28 stm32f4xx_ll_rcc.o
                0x0800e238                RCC_GetPCLK1ClockFreq
 .text.RCC_GetPCLK2ClockFreq
                0x0800e260       0x28 stm32f4xx_ll_rcc.o
                0x0800e260                RCC_GetPCLK2ClockFreq
 .text.RCC_PLL_GetFreqDomain_SYS
                0x0800e288       0x7c stm32f4xx_ll_rcc.o
                0x0800e288                RCC_PLL_GetFreqDomain_SYS
 .text.LL_SetSystemCoreClock
                0x0800e304       0x20 stm32f4xx_ll_utils.o
                0x0800e304                LL_SetSystemCoreClock
 .text.LL_EXTI_EnableIT_0_31
                0x0800e324       0x24 stm32f4xx_ll_exti.o
 .text.LL_EXTI_DisableIT_0_31
                0x0800e348       0x28 stm32f4xx_ll_exti.o
 .text.LL_EXTI_EnableEvent_0_31
                0x0800e370       0x24 stm32f4xx_ll_exti.o
 .text.LL_EXTI_DisableEvent_0_31
                0x0800e394       0x28 stm32f4xx_ll_exti.o
 .text.LL_EXTI_EnableRisingTrig_0_31
                0x0800e3bc       0x24 stm32f4xx_ll_exti.o
 .text.LL_EXTI_DisableRisingTrig_0_31
                0x0800e3e0       0x28 stm32f4xx_ll_exti.o
 .text.LL_EXTI_EnableFallingTrig_0_31
                0x0800e408       0x24 stm32f4xx_ll_exti.o
 .text.LL_EXTI_DisableFallingTrig_0_31
                0x0800e42c       0x28 stm32f4xx_ll_exti.o
 .text.LL_EXTI_Init
                0x0800e454       0xfe stm32f4xx_ll_exti.o
                0x0800e454                LL_EXTI_Init
 *fill*         0x0800e552        0x2 
 .text.HAL_RCC_GetHCLKFreq
                0x0800e554       0x18 stm32f4xx_hal_rcc.o
                0x0800e554                HAL_RCC_GetHCLKFreq
 .text.HAL_RCC_GetPCLK1Freq
                0x0800e56c       0x28 stm32f4xx_hal_rcc.o
                0x0800e56c                HAL_RCC_GetPCLK1Freq
 .text.HAL_RCC_GetClockConfig
                0x0800e594       0x64 stm32f4xx_hal_rcc.o
                0x0800e594                HAL_RCC_GetClockConfig
 .text.__NVIC_SetPriorityGrouping
                0x0800e5f8       0x48 stm32f4xx_hal_cortex.o
 .text.__NVIC_GetPriorityGrouping
                0x0800e640       0x1c stm32f4xx_hal_cortex.o
 .text.__NVIC_EnableIRQ
                0x0800e65c       0x3c stm32f4xx_hal_cortex.o
 .text.__NVIC_SetPriority
                0x0800e698       0x54 stm32f4xx_hal_cortex.o
 .text.NVIC_EncodePriority
                0x0800e6ec       0x66 stm32f4xx_hal_cortex.o
 .text.HAL_NVIC_SetPriorityGrouping
                0x0800e752       0x16 stm32f4xx_hal_cortex.o
                0x0800e752                HAL_NVIC_SetPriorityGrouping
 .text.HAL_NVIC_SetPriority
                0x0800e768       0x38 stm32f4xx_hal_cortex.o
                0x0800e768                HAL_NVIC_SetPriority
 .text.HAL_NVIC_EnableIRQ
                0x0800e7a0       0x1c stm32f4xx_hal_cortex.o
                0x0800e7a0                HAL_NVIC_EnableIRQ
 .text.HAL_Init
                0x0800e7bc       0x44 stm32f4xx_hal.o
                0x0800e7bc                HAL_Init
 .text.HAL_IncTick
                0x0800e800       0x28 stm32f4xx_hal.o
                0x0800e800                HAL_IncTick
 .text.HAL_GetTick
                0x0800e828       0x18 stm32f4xx_hal.o
                0x0800e828                HAL_GetTick
 .text.HAL_TIM_Base_Init
                0x0800e840       0x9e stm32f4xx_hal_tim.o
                0x0800e840                HAL_TIM_Base_Init
 .text.HAL_TIM_Base_MspInit
                0x0800e8de       0x14 stm32f4xx_hal_tim.o
                0x0800e8de                HAL_TIM_Base_MspInit
 *fill*         0x0800e8f2        0x2 
 .text.HAL_TIM_Base_Start_IT
                0x0800e8f4       0xc4 stm32f4xx_hal_tim.o
                0x0800e8f4                HAL_TIM_Base_Start_IT
 .text.HAL_TIM_IRQHandler
                0x0800e9b8      0x210 stm32f4xx_hal_tim.o
                0x0800e9b8                HAL_TIM_IRQHandler
 .text.HAL_TIM_OC_DelayElapsedCallback
                0x0800ebc8       0x14 stm32f4xx_hal_tim.o
                0x0800ebc8                HAL_TIM_OC_DelayElapsedCallback
 .text.HAL_TIM_IC_CaptureCallback
                0x0800ebdc       0x14 stm32f4xx_hal_tim.o
                0x0800ebdc                HAL_TIM_IC_CaptureCallback
 .text.HAL_TIM_PWM_PulseFinishedCallback
                0x0800ebf0       0x14 stm32f4xx_hal_tim.o
                0x0800ebf0                HAL_TIM_PWM_PulseFinishedCallback
 .text.HAL_TIM_TriggerCallback
                0x0800ec04       0x14 stm32f4xx_hal_tim.o
                0x0800ec04                HAL_TIM_TriggerCallback
 .text.TIM_Base_SetConfig
                0x0800ec18      0x100 stm32f4xx_hal_tim.o
                0x0800ec18                TIM_Base_SetConfig
 .text.HAL_TIMEx_CommutCallback
                0x0800ed18       0x14 stm32f4xx_hal_tim_ex.o
                0x0800ed18                HAL_TIMEx_CommutCallback
 .text.HAL_TIMEx_BreakCallback
                0x0800ed2c       0x14 stm32f4xx_hal_tim_ex.o
                0x0800ed2c                HAL_TIMEx_BreakCallback
 .text.LL_TIM_SetPrescaler
                0x0800ed40       0x1c stm32f4xx_ll_tim.o
 .text.LL_TIM_SetAutoReload
                0x0800ed5c       0x1c stm32f4xx_ll_tim.o
 .text.LL_TIM_SetRepetitionCounter
                0x0800ed78       0x1c stm32f4xx_ll_tim.o
 .text.LL_TIM_OC_SetCompareCH1
                0x0800ed94       0x1c stm32f4xx_ll_tim.o
 .text.LL_TIM_OC_SetCompareCH2
                0x0800edb0       0x1c stm32f4xx_ll_tim.o
 .text.LL_TIM_OC_SetCompareCH3
                0x0800edcc       0x1c stm32f4xx_ll_tim.o
 .text.LL_TIM_OC_SetCompareCH4
                0x0800ede8       0x1c stm32f4xx_ll_tim.o
 .text.LL_TIM_GenerateEvent_UPDATE
                0x0800ee04       0x20 stm32f4xx_ll_tim.o
 .text.LL_TIM_Init
                0x0800ee24       0xf4 stm32f4xx_ll_tim.o
                0x0800ee24                LL_TIM_Init
 .text.LL_TIM_OC_Init
                0x0800ef18       0x82 stm32f4xx_ll_tim.o
                0x0800ef18                LL_TIM_OC_Init
 .text.LL_TIM_BDTR_Init
                0x0800ef9a       0x92 stm32f4xx_ll_tim.o
                0x0800ef9a                LL_TIM_BDTR_Init
 .text.OC1Config
                0x0800f02c       0xcc stm32f4xx_ll_tim.o
 .text.OC2Config
                0x0800f0f8       0xd4 stm32f4xx_ll_tim.o
 .text.OC3Config
                0x0800f1cc       0xd4 stm32f4xx_ll_tim.o
 .text.OC4Config
                0x0800f2a0       0xa4 stm32f4xx_ll_tim.o
 .text.LL_USART_IsEnabled
                0x0800f344       0x28 stm32f4xx_ll_usart.o
 .text.LL_USART_SetStopBitsLength
                0x0800f36c       0x26 stm32f4xx_ll_usart.o
 .text.LL_USART_SetHWFlowCtrl
                0x0800f392       0x26 stm32f4xx_ll_usart.o
 .text.LL_USART_SetBaudRate
                0x0800f3b8      0x45c stm32f4xx_ll_usart.o
 .text.LL_USART_Init
                0x0800f814       0xc8 stm32f4xx_ll_usart.o
                0x0800f814                LL_USART_Init
 .text.SystemInit
                0x0800f8dc       0x24 system_stm32f4xx.o
                0x0800f8dc                SystemInit
 .text.Reset_Handler
                0x0800f900       0x50 startup_stm32f401retx.o
                0x0800f900                Reset_Handler
 .text.Default_Handler
                0x0800f950        0x2 startup_stm32f401retx.o
                0x0800f950                RTC_Alarm_IRQHandler
                0x0800f950                EXTI2_IRQHandler
                0x0800f950                SPI4_IRQHandler
                0x0800f950                TIM1_CC_IRQHandler
                0x0800f950                DMA2_Stream5_IRQHandler
                0x0800f950                PVD_IRQHandler
                0x0800f950                SDIO_IRQHandler
                0x0800f950                TAMP_STAMP_IRQHandler
                0x0800f950                EXTI3_IRQHandler
                0x0800f950                TIM1_UP_TIM10_IRQHandler
                0x0800f950                I2C3_ER_IRQHandler
                0x0800f950                EXTI0_IRQHandler
                0x0800f950                I2C2_EV_IRQHandler
                0x0800f950                DMA1_Stream2_IRQHandler
                0x0800f950                FPU_IRQHandler
                0x0800f950                DMA2_Stream2_IRQHandler
                0x0800f950                SPI1_IRQHandler
                0x0800f950                TIM1_BRK_TIM9_IRQHandler
                0x0800f950                DMA2_Stream3_IRQHandler
                0x0800f950                USART6_IRQHandler
                0x0800f950                TIM4_IRQHandler
                0x0800f950                I2C1_EV_IRQHandler
                0x0800f950                DMA1_Stream6_IRQHandler
                0x0800f950                DMA1_Stream1_IRQHandler
                0x0800f950                TIM3_IRQHandler
                0x0800f950                RCC_IRQHandler
                0x0800f950                Default_Handler
                0x0800f950                DMA1_Stream7_IRQHandler
                0x0800f950                DMA2_Stream7_IRQHandler
                0x0800f950                I2C3_EV_IRQHandler
                0x0800f950                EXTI9_5_IRQHandler
                0x0800f950                RTC_WKUP_IRQHandler
                0x0800f950                SPI2_IRQHandler
                0x0800f950                DMA1_Stream0_IRQHandler
                0x0800f950                EXTI4_IRQHandler
                0x0800f950                WWDG_IRQHandler
                0x0800f950                TIM2_IRQHandler
                0x0800f950                OTG_FS_WKUP_IRQHandler
                0x0800f950                TIM1_TRG_COM_TIM11_IRQHandler
                0x0800f950                EXTI1_IRQHandler
                0x0800f950                I2C2_ER_IRQHandler
                0x0800f950                DMA2_Stream1_IRQHandler
                0x0800f950                FLASH_IRQHandler
                0x0800f950                DMA2_Stream4_IRQHandler
                0x0800f950                USART1_IRQHandler
                0x0800f950                OTG_FS_IRQHandler
                0x0800f950                SPI3_IRQHandler
                0x0800f950                DMA1_Stream4_IRQHandler
                0x0800f950                I2C1_ER_IRQHandler
                0x0800f950                DMA2_Stream6_IRQHandler
                0x0800f950                DMA1_Stream3_IRQHandler
 *fill*         0x0800f952        0x2 
 .text.fmod     0x0800f954       0x6c c:/programdata/matlab/supportpackages/r2024a/3p.instrset/gnuarm-armcortex.instrset/win/bin/../lib/gcc/arm-none-eabi/11.3.1/thumb/v7e-m+fp/hard\libm.a(libm_a-w_fmod.o)
                0x0800f954                fmod
 .text.fmin     0x0800f9c0       0x50 c:/programdata/matlab/supportpackages/r2024a/3p.instrset/gnuarm-armcortex.instrset/win/bin/../lib/gcc/arm-none-eabi/11.3.1/thumb/v7e-m+fp/hard\libm.a(libm_a-s_fmin.o)
                0x0800f9c0                fmin
 .text.__fpclassifyd
                0x0800fa10       0x54 c:/programdata/matlab/supportpackages/r2024a/3p.instrset/gnuarm-armcortex.instrset/win/bin/../lib/gcc/arm-none-eabi/11.3.1/thumb/v7e-m+fp/hard\libm.a(libm_a-s_fpclassify.o)
                0x0800fa10                __fpclassifyd
 *fill*         0x0800fa64        0x4 
 .text.floor    0x0800fa68      0x118 c:/programdata/matlab/supportpackages/r2024a/3p.instrset/gnuarm-armcortex.instrset/win/bin/../lib/gcc/arm-none-eabi/11.3.1/thumb/v7e-m+fp/hard\libm.a(libm_a-s_floor.o)
                0x0800fa68                floor
 .text.__ieee754_fmod
                0x0800fb80      0x27c c:/programdata/matlab/supportpackages/r2024a/3p.instrset/gnuarm-armcortex.instrset/win/bin/../lib/gcc/arm-none-eabi/11.3.1/thumb/v7e-m+fp/hard\libm.a(libm_a-e_fmod.o)
                0x0800fb80                __ieee754_fmod
 .text.__udivmoddi4
                0x0800fdfc      0x2c8 c:/programdata/matlab/supportpackages/r2024a/3p.instrset/gnuarm-armcortex.instrset/win/bin/../lib/gcc/arm-none-eabi/11.3.1/thumb/v7e-m+fp/hard\libgcc.a(_udivmoddi4.o)
                0x0800fdfc                __udivmoddi4
 .text.memset   0x080100c4       0x10 c:/programdata/matlab/supportpackages/r2024a/3p.instrset/gnuarm-armcortex.instrset/win/bin/../lib/gcc/arm-none-eabi/11.3.1/thumb/v7e-m+fp/hard\libg_nano.a(libc_a-memset.o)
                0x080100c4                memset
 .text.__errno  0x080100d4        0xc c:/programdata/matlab/supportpackages/r2024a/3p.instrset/gnuarm-armcortex.instrset/win/bin/../lib/gcc/arm-none-eabi/11.3.1/thumb/v7e-m+fp/hard\libg_nano.a(libc_a-errno.o)
                0x080100d4                __errno
 .text.__libc_init_array
                0x080100e0       0x48 c:/programdata/matlab/supportpackages/r2024a/3p.instrset/gnuarm-armcortex.instrset/win/bin/../lib/gcc/arm-none-eabi/11.3.1/thumb/v7e-m+fp/hard\libg_nano.a(libc_a-init.o)
                0x080100e0                __libc_init_array
 .text.memcpy   0x08010128       0x1c c:/programdata/matlab/supportpackages/r2024a/3p.instrset/gnuarm-armcortex.instrset/win/bin/../lib/gcc/arm-none-eabi/11.3.1/thumb/v7e-m+fp/hard\libg_nano.a(libc_a-memcpy-stub.o)
                0x08010128                memcpy
 *(.glue_7)
 .glue_7        0x08010144        0x0 linker stubs
 *(.glue_7t)
 .glue_7t       0x08010144        0x0 linker stubs
 *(.eh_frame)
 .eh_frame      0x08010144        0x0 c:/programdata/matlab/supportpackages/r2024a/3p.instrset/gnuarm-armcortex.instrset/win/bin/../lib/gcc/arm-none-eabi/11.3.1/thumb/v7e-m+fp/hard/crtbegin.o
 *(.init)
 .init          0x08010144        0x4 c:/programdata/matlab/supportpackages/r2024a/3p.instrset/gnuarm-armcortex.instrset/win/bin/../lib/gcc/arm-none-eabi/11.3.1/thumb/v7e-m+fp/hard/crti.o
                0x08010144                _init
 .init          0x08010148        0x8 c:/programdata/matlab/supportpackages/r2024a/3p.instrset/gnuarm-armcortex.instrset/win/bin/../lib/gcc/arm-none-eabi/11.3.1/thumb/v7e-m+fp/hard/crtn.o
 *(.fini)
 .fini          0x08010150        0x4 c:/programdata/matlab/supportpackages/r2024a/3p.instrset/gnuarm-armcortex.instrset/win/bin/../lib/gcc/arm-none-eabi/11.3.1/thumb/v7e-m+fp/hard/crti.o
                0x08010150                _fini
 .fini          0x08010154        0x8 c:/programdata/matlab/supportpackages/r2024a/3p.instrset/gnuarm-armcortex.instrset/win/bin/../lib/gcc/arm-none-eabi/11.3.1/thumb/v7e-m+fp/hard/crtn.o
                0x0801015c                . = ALIGN (0x4)
                0x0801015c                _etext = .

.vfp11_veneer   0x0801015c        0x0
 .vfp11_veneer  0x0801015c        0x0 linker stubs

.v4_bx          0x0801015c        0x0
 .v4_bx         0x0801015c        0x0 linker stubs

.iplt           0x0801015c        0x0
 .iplt          0x0801015c        0x0 c:/programdata/matlab/supportpackages/r2024a/3p.instrset/gnuarm-armcortex.instrset/win/bin/../lib/gcc/arm-none-eabi/11.3.1/thumb/v7e-m+fp/hard/crtbegin.o

.rodata         0x08010160     0x29e0
                0x08010160                . = ALIGN (0x4)
 *(.rodata)
 .rodata        0x08010160      0x2b9 xcp_ext_mode.o
 *fill*         0x08010419        0x3 
 .rodata        0x0801041c      0x12e xcp_ext_common.o
 *fill*         0x0801054a        0x2 
 .rodata        0x0801054c       0x4c xcp_ext_classic_trigger.o
 .rodata        0x08010598      0x278 xcp.o
 .rodata        0x08010810      0x3a9 xcp_standard.o
 *fill*         0x08010bb9        0x3 
 .rodata        0x08010bbc     0x1010 xcp_daq.o
 .rodata        0x08011bcc       0xdd xcp_calibration.o
 *fill*         0x08011ca9        0x3 
 .rodata        0x08011cac      0x56e xcp_transport.o
 *fill*         0x0801221a        0x2 
 .rodata        0x0801221c       0xf5 xcp_mem_default.o
 *fill*         0x08012311        0x3 
 .rodata        0x08012314      0x228 xcp_drv_rtiostream.o
 .rodata        0x0801253c      0x4aa xcp_frame_serial.o
 *(.rodata*)
 *fill*         0x080129e6        0x2 
 .rodata.STMF4Hall_M
                0x080129e8        0x4 STMF4Hall.o
                0x080129e8                STMF4Hall_M
 .rodata.rtAlwaysEnabled.0
                0x080129ec        0x1 STMF4Hall.o
 *fill*         0x080129ed        0x3 
 .rodata.standardSupportedRxPacket
                0x080129f0       0x54 xcp_standard.o
 .rodata.daqSupportedRxPacket
                0x08012a44       0x9c xcp_daq.o
 .rodata.calibrationSupportedRxPacket
                0x08012ae0       0x18 xcp_calibration.o
 .rodata.STREAM_OFFSET_TAB
                0x08012af8        0x8 stm_usart.o
 .rodata.STREAM_OFFSET_TAB
                0x08012b00        0x8 main.o
 .rodata.OFFSET_TAB_CCMRx
                0x08012b08        0x7 main.o
 *fill*         0x08012b0f        0x1 
 .rodata.SHIFT_TAB_OCxx
                0x08012b10        0x7 main.o
 *fill*         0x08012b17        0x1 
 .rodata.AHBPrescTable
                0x08012b18       0x10 system_stm32f4xx.o
                0x08012b18                AHBPrescTable
 .rodata.APBPrescTable
                0x08012b28        0x8 system_stm32f4xx.o
                0x08012b28                APBPrescTable
 .rodata.Zero   0x08012b30       0x10 c:/programdata/matlab/supportpackages/r2024a/3p.instrset/gnuarm-armcortex.instrset/win/bin/../lib/gcc/arm-none-eabi/11.3.1/thumb/v7e-m+fp/hard\libm.a(libm_a-e_fmod.o)
                0x08012b40                . = ALIGN (0x4)

.ARM.extab      0x08012b40        0x0
                0x08012b40                . = ALIGN (0x4)
 *(.ARM.extab* .gnu.linkonce.armextab.*)
                0x08012b40                . = ALIGN (0x4)

.ARM            0x08012b40        0x8
                0x08012b40                . = ALIGN (0x4)
                0x08012b40                __exidx_start = .
 *(.ARM.exidx*)
 .ARM.exidx.text.__udivmoddi4
                0x08012b40        0x8 c:/programdata/matlab/supportpackages/r2024a/3p.instrset/gnuarm-armcortex.instrset/win/bin/../lib/gcc/arm-none-eabi/11.3.1/thumb/v7e-m+fp/hard\libgcc.a(_udivmoddi4.o)
                0x08012b48                __exidx_end = .
                0x08012b48                . = ALIGN (0x4)

.rel.dyn        0x08012b48        0x0
 .rel.iplt      0x08012b48        0x0 c:/programdata/matlab/supportpackages/r2024a/3p.instrset/gnuarm-armcortex.instrset/win/bin/../lib/gcc/arm-none-eabi/11.3.1/thumb/v7e-m+fp/hard/crtbegin.o

.preinit_array  0x08012b48        0x0
                0x08012b48                . = ALIGN (0x4)
                0x08012b48                PROVIDE (__preinit_array_start = .)
 *(.preinit_array*)
                0x08012b48                PROVIDE (__preinit_array_end = .)
                0x08012b48                . = ALIGN (0x4)

.init_array     0x08012b48        0x4
                0x08012b48                . = ALIGN (0x4)
                0x08012b48                PROVIDE (__init_array_start = .)
 *(SORT_BY_NAME(.init_array.*))
 *(.init_array*)
 .init_array    0x08012b48        0x4 c:/programdata/matlab/supportpackages/r2024a/3p.instrset/gnuarm-armcortex.instrset/win/bin/../lib/gcc/arm-none-eabi/11.3.1/thumb/v7e-m+fp/hard/crtbegin.o
                0x08012b4c                PROVIDE (__init_array_end = .)
                0x08012b4c                . = ALIGN (0x4)

.fini_array     0x08012b4c        0x4
                0x08012b4c                . = ALIGN (0x4)
                [!provide]                PROVIDE (__fini_array_start = .)
 *(SORT_BY_NAME(.fini_array.*))
 *(.fini_array*)
 .fini_array    0x08012b4c        0x4 c:/programdata/matlab/supportpackages/r2024a/3p.instrset/gnuarm-armcortex.instrset/win/bin/../lib/gcc/arm-none-eabi/11.3.1/thumb/v7e-m+fp/hard/crtbegin.o
                [!provide]                PROVIDE (__fini_array_end = .)
                0x08012b50                . = ALIGN (0x4)
                0x08012b50                _sidata = LOADADDR (.data)

.data           0x20000000      0x328 load address 0x08012b50
                0x20000000                . = ALIGN (0x4)
                0x20000000                _sdata = .
 *(.data)
 *(.data*)
 .data.STMF4Hall_P
                0x20000000      0x238 STMF4Hall_data.o
                0x20000000                STMF4Hall_P
 .data.rtInf    0x20000238        0x8 rt_nonfinite.o
                0x20000238                rtInf
 .data.rtMinusInf
                0x20000240        0x8 rt_nonfinite.o
                0x20000240                rtMinusInf
 .data.xcpExtmodeFinalSimulationTime
                0x20000248        0x8 xcp_ext_common.o
                0x20000248                xcpExtmodeFinalSimulationTime
 .data.xcpClassicTriggerDuration
                0x20000250        0x4 xcp_ext_classic_trigger.o
                0x20000250                xcpClassicTriggerDuration
 .data.xcpClassicTriggerArmRequest
                0x20000254        0x1 xcp_ext_classic_trigger.o
                0x20000254                xcpClassicTriggerArmRequest
 *fill*         0x20000255        0x3 
 .data.startStopDaqListId
                0x20000258        0x4 xcp_daq.o
 .data.xcpCurrentDaq
                0x2000025c        0x4 xcp_daq.o
 .data.xcpEventCustomMemoryManager
                0x20000260        0xc xcp_daq.o
 .data.xcpCtoReservedMemPoolId
                0x2000026c        0x4 xcp_transport.o
 .data.xcpMemMainBlockSizes
                0x20000270        0xc xcp_mem_default.o
 .data.xcpMemMainBlocksNumber
                0x2000027c        0xc xcp_mem_default.o
 .data.drvID    0x20000288        0x4 xcp_drv_rtiostream.o
 .data.xcpCtoReservedMemPoolId
                0x2000028c        0x4 xcp_frame_serial.o
 .data.uartObj  0x20000290       0x40 rtiostream_serial.o
                0x20000290                uartObj
 .data.uwTickFreq
                0x200002d0        0x1 stm32f4xx_hal.o
                0x200002d0                uwTickFreq
 *fill*         0x200002d1        0x3 
 .data.SystemCoreClock
                0x200002d4        0x4 system_stm32f4xx.o
                0x200002d4                SystemCoreClock
 .data._impure_data
                0x200002d8       0x4c c:/programdata/matlab/supportpackages/r2024a/3p.instrset/gnuarm-armcortex.instrset/win/bin/../lib/gcc/arm-none-eabi/11.3.1/thumb/v7e-m+fp/hard\libg_nano.a(libc_a-impure.o)
                0x200002d8                _impure_data
 .data._impure_ptr
                0x20000324        0x4 c:/programdata/matlab/supportpackages/r2024a/3p.instrset/gnuarm-armcortex.instrset/win/bin/../lib/gcc/arm-none-eabi/11.3.1/thumb/v7e-m+fp/hard\libg_nano.a(libc_a-impure.o)
                0x20000324                _impure_ptr
 *(.RamFunc)
 *(.RamFunc*)
                0x20000328                . = ALIGN (0x4)
                0x20000328                _edata = .

.tm_clone_table
                0x20000328        0x0 load address 0x08012e78
 .tm_clone_table
                0x20000328        0x0 c:/programdata/matlab/supportpackages/r2024a/3p.instrset/gnuarm-armcortex.instrset/win/bin/../lib/gcc/arm-none-eabi/11.3.1/thumb/v7e-m+fp/hard/crtbegin.o
 .tm_clone_table
                0x20000328        0x0 c:/programdata/matlab/supportpackages/r2024a/3p.instrset/gnuarm-armcortex.instrset/win/bin/../lib/gcc/arm-none-eabi/11.3.1/thumb/v7e-m+fp/hard/crtend.o

.igot.plt       0x20000328        0x0 load address 0x08012e78
 .igot.plt      0x20000328        0x0 c:/programdata/matlab/supportpackages/r2024a/3p.instrset/gnuarm-armcortex.instrset/win/bin/../lib/gcc/arm-none-eabi/11.3.1/thumb/v7e-m+fp/hard/crtbegin.o
                0x20000328                . = ALIGN (0x4)

.bss            0x20000328     0x1644 load address 0x08012e78
                0x20000328                _sbss = .
                0x20000328                __bss_start__ = _sbss
 *(.bss)
 *(.bss*)
 .bss.completed.1
                0x20000328        0x1 c:/programdata/matlab/supportpackages/r2024a/3p.instrset/gnuarm-armcortex.instrset/win/bin/../lib/gcc/arm-none-eabi/11.3.1/thumb/v7e-m+fp/hard/crtbegin.o
 *fill*         0x20000329        0x3 
 .bss.object.0  0x2000032c       0x18 c:/programdata/matlab/supportpackages/r2024a/3p.instrset/gnuarm-armcortex.instrset/win/bin/../lib/gcc/arm-none-eabi/11.3.1/thumb/v7e-m+fp/hard/crtbegin.o
 .bss.mw_adc1   0x20000344       0x1c stm_adc_ll.o
                0x20000344                mw_adc1
 .bss.mw_tim1   0x20000360       0x8c stm_timer_ll.o
                0x20000360                mw_tim1
 .bss.mw_tim2   0x200003ec       0x8c stm_timer_ll.o
                0x200003ec                mw_tim2
 .bss.xcpCustomTriggerFunction
                0x20000478        0x8 xcp_ext_mode.o
 .bss.currentTime
                0x20000480        0x8 STMF4Hall.o
                0x20000480                currentTime
 .bss.STMF4Hall_B
                0x20000488       0x48 STMF4Hall.o
                0x20000488                STMF4Hall_B
 .bss.STMF4Hall_DW
                0x200004d0       0xc0 STMF4Hall.o
                0x200004d0                STMF4Hall_DW
 .bss.STMF4Hall_M_
                0x20000590       0x68 STMF4Hall.o
 .bss.rt_ExtModeInfo.2
                0x200005f8       0x14 STMF4Hall.o
 .bss.systemRan.1
                0x2000060c      0x194 STMF4Hall.o
 .bss.IsrOverrun
                0x200007a0        0x4 ert_main.o
                0x200007a0                IsrOverrun
 .bss.isRateRunning
                0x200007a4        0x2 ert_main.o
                0x200007a4                isRateRunning
 *fill*         0x200007a6        0x2 
 .bss.need2runFlags
                0x200007a8        0x2 ert_main.o
                0x200007a8                need2runFlags
 .bss.stopRequested
                0x200007aa        0x1 ert_main.o
                0x200007aa                stopRequested
 .bss.runModel  0x200007ab        0x1 ert_main.o
                0x200007ab                runModel
 .bss.xcpModelStartRequest
                0x200007ac        0x1 xcp_ext_common.o
                0x200007ac                xcpModelStartRequest
 .bss.xcpModelStopRequest
                0x200007ad        0x1 xcp_ext_common.o
                0x200007ad                xcpModelStopRequest
 .bss.xcpModelStatus
                0x200007ae        0x1 xcp_ext_common.o
                0x200007ae                xcpModelStatus
 *fill*         0x200007af        0x1 
 .bss.xcpModelChecksum0
                0x200007b0        0x4 xcp_ext_common.o
                0x200007b0                xcpModelChecksum0
 .bss.xcpModelChecksum1
                0x200007b4        0x4 xcp_ext_common.o
                0x200007b4                xcpModelChecksum1
 .bss.xcpModelChecksum2
                0x200007b8        0x4 xcp_ext_common.o
                0x200007b8                xcpModelChecksum2
 .bss.xcpModelChecksum3
                0x200007bc        0x4 xcp_ext_common.o
                0x200007bc                xcpModelChecksum3
 .bss.xcpModelIntegerCode
                0x200007c0        0x4 xcp_ext_common.o
                0x200007c0                xcpModelIntegerCode
 .bss.xcpExtmodeSimulationComplete
                0x200007c4        0x1 xcp_ext_common.o
                0x200007c4                xcpExtmodeSimulationComplete
 *fill*         0x200007c5        0x3 
 .bss.xcpDummyDoubleVariable
                0x200007c8        0x8 xcp_ext_common.o
                0x200007c8                xcpDummyDoubleVariable
 .bss.xcpCurrentSimulationTimeInMs
                0x200007d0        0x8 xcp_ext_common.o
                0x200007d0                xcpCurrentSimulationTimeInMs
 .bss.xcpBaseRateSimulationTime
                0x200007d8        0x8 xcp_ext_common.o
 .bss.xcpClassicTriggerEventId
                0x200007e0        0x2 xcp_ext_classic_trigger.o
                0x200007e0                xcpClassicTriggerEventId
 *fill*         0x200007e2        0x2 
 .bss.xcpClassicTriggerSignalAddress
                0x200007e4        0x4 xcp_ext_classic_trigger.o
                0x200007e4                xcpClassicTriggerSignalAddress
 .bss.xcpClassicTriggerSignalAddressExtension
                0x200007e8        0x1 xcp_ext_classic_trigger.o
                0x200007e8                xcpClassicTriggerSignalAddressExtension
 *fill*         0x200007e9        0x7 
 .bss.xcpClassicTriggerLevel
                0x200007f0        0x8 xcp_ext_classic_trigger.o
                0x200007f0                xcpClassicTriggerLevel
 .bss.xcpClassicTriggerHoldOff
                0x200007f8        0x4 xcp_ext_classic_trigger.o
                0x200007f8                xcpClassicTriggerHoldOff
 .bss.xcpClassicTriggerDelay
                0x200007fc        0x4 xcp_ext_classic_trigger.o
                0x200007fc                xcpClassicTriggerDelay
 .bss.xcpClassicTriggerDirection
                0x20000800        0x1 xcp_ext_classic_trigger.o
                0x20000800                xcpClassicTriggerDirection
 .bss.xcpClassicTriggerCancelRequest
                0x20000801        0x1 xcp_ext_classic_trigger.o
                0x20000801                xcpClassicTriggerCancelRequest
 .bss.xcpClassicTriggerSource
                0x20000802        0x1 xcp_ext_classic_trigger.o
                0x20000802                xcpClassicTriggerSource
 .bss.xcpClassicTriggerMode
                0x20000803        0x1 xcp_ext_classic_trigger.o
                0x20000803                xcpClassicTriggerMode
 .bss.xcpClassicTriggerStatus
                0x20000804        0x1 xcp_ext_classic_trigger.o
                0x20000804                xcpClassicTriggerStatus
 *fill*         0x20000805        0x3 
 .bss.xcpOldSignalValue
                0x20000808        0x8 xcp_ext_classic_trigger.o
 .bss.xcpOldSignalValueAvailable
                0x20000810        0x1 xcp_ext_classic_trigger.o
 .bss.xcpOldClassicTriggerSource
                0x20000811        0x1 xcp_ext_classic_trigger.o
 .bss.xcpTriggerEnabled
                0x20000812        0x1 xcp_ext_classic_trigger.o
 .bss.xcpSignalTriggerFired
                0x20000813        0x1 xcp_ext_classic_trigger.o
 .bss.xcpTriggerCount
                0x20000814        0x4 xcp_ext_classic_trigger.o
 .bss.xcpForcedTriggerEnabled
                0x20000818        0x1 xcp_ext_classic_trigger.o
 .bss.xcpForceTriggerEnableRequest
                0x20000819        0x1 xcp_ext_classic_trigger.o
 .bss.initialized
                0x2000081a        0x1 xcp.o
 .bss.xcpStatus
                0x2000081b        0x1 xcp.o
 .bss.xcpSessionStatus
                0x2000081c        0x1 xcp.o
 .bss.xcpResourceProtectionStatus
                0x2000081d        0x1 xcp.o
 .bss.xcpSessionConfigurationId
                0x2000081e        0x2 xcp.o
 .bss.groupPacketLookup
                0x20000820       0x10 xcp.o
 .bss.xcpMta    0x20000830        0x8 xcp_standard.o
 .bss.xcpUploadSize
                0x20000838        0x1 xcp_standard.o
 *fill*         0x20000839        0x3 
 .bss.packetLookup
                0x2000083c        0x4 xcp_standard.o
 .bss.xcpDynamicDaqLists
                0x20000840        0x8 xcp_daq.o
 .bss.xcpRunningEventCounter
                0x20000848        0x4 xcp_daq.o
 .bss.daqLock   0x2000084c        0x4 xcp_daq.o
 .bss.packetLookup
                0x20000850        0x4 xcp_daq.o
 .bss.packetLookup
                0x20000854        0x4 xcp_calibration.o
 .bss.txFifo    0x20000858       0x10 xcp_transport.o
 .bss.txLock    0x20000868        0x4 xcp_transport.o
 .bss.rxFifo    0x2000086c        0x8 xcp_transport.o
 .bss.rxLock    0x20000874        0x4 xcp_transport.o
 .bss.initialized
                0x20000878        0x1 xcp_transport.o
 *fill*         0x20000879        0x3 
 .bss.xcpMemPoolDescriptors
                0x2000087c       0xc0 xcp_mem_default.o
 .bss.xcpMemCustomPoolDescriptors
                0x2000093c        0x8 xcp_mem_default.o
 .bss.xcpMemMainChunk
                0x20000944      0x407 xcp_mem_default.o
 *fill*         0x20000d4b        0x1 
 .bss.xcpMemReservedPoolsChunk
                0x20000d4c      0x625 xcp_mem_default.o
 *fill*         0x20001371        0x3 
 .bss.xcpMemReservedPoolsChunkUsedBytes
                0x20001374        0x4 xcp_mem_default.o
 .bss.xcpMemLock
                0x20001378        0x4 xcp_mem_default.o
 .bss.forceBlocking
                0x2000137c        0x1 xcp_drv_rtiostream.o
 *fill*         0x2000137d        0x1 
 .bss.txCounter
                0x2000137e        0x2 xcp_frame_serial.o
 .bss.rxCounter
                0x20001380        0x2 xcp_frame_serial.o
 *fill*         0x20001382        0x2 
 .bss.firstRxCounterReceived
                0x20001384        0x4 xcp_frame_serial.o
 .bss.initialized
                0x20001388        0x1 xcp_frame_serial.o
 *fill*         0x20001389        0x3 
 .bss.timestampInitialized
                0x2000138c        0x4 platform_timer.o
 .bss.timestampStartTime
                0x20001390        0x4 platform_timer.o
 .bss.schdl_counter
                0x20001394        0x4 SysTickScheduler.o
                0x20001394                schdl_counter
 .bss.schdl_counter_max
                0x20001398        0x4 SysTickScheduler.o
                0x20001398                schdl_counter_max
 .bss.taskToSchedule
                0x2000139c        0x4 m3m4m4f_multitasking.o
                0x2000139c                taskToSchedule
 .bss.mw_ext_h  0x200013a0        0x4 rtiostream_serial.o
                0x200013a0                mw_ext_h
 .bss.UARTRxBuffer
                0x200013a4        0x4 rtiostream_serial.o
                0x200013a4                UARTRxBuffer
 .bss.mw_usart2
                0x200013a8       0x40 stm_usart.o
                0x200013a8                mw_usart2
 .bss.USART2ReceiveBuffer
                0x200013e8      0x400 stm_usart.o
                0x200013e8                USART2ReceiveBuffer
 .bss.htim5     0x200017e8       0x48 stm32f4xx_hal_timebase_tim.o
                0x200017e8                htim5
 .bss.uwTick    0x20001830        0x4 stm32f4xx_hal.o
                0x20001830                uwTick
 .bss.__sf      0x20001834      0x138 c:/programdata/matlab/supportpackages/r2024a/3p.instrset/gnuarm-armcortex.instrset/win/bin/../lib/gcc/arm-none-eabi/11.3.1/thumb/v7e-m+fp/hard\libg_nano.a(libc_a-findfp.o)
                0x20001834                __sf
 *(COMMON)
                0x2000196c                . = ALIGN (0x4)
                0x2000196c                _ebss = .
                0x2000196c                __bss_end__ = _ebss

._user_heap_stack
                0x2000196c      0x604 load address 0x08012e78